2026-07-17 11:04:04,427 INFO: 
                ____                _       _____  ____
               / __ ) ____ _ _____ (_)_____/ ___/ / __ \
              / __  |/ __ `// ___// // ___/\__ \ / /_/ /
             / /_/ // /_/ /(__  )/ // /__ ___/ // _, _/
            /_____/ \__,_//____//_/ \___//____//_/ |_|
     ______                   __   __                 __      __
    / ____/____   ____   ____/ /  / /   __  __ _____ / /__   / /
   / / __ / __ \ / __ \ / __  /  / /   / / / // ___// //_/  / /
  / /_/ // /_/ // /_/ // /_/ /  / /___/ /_/ // /__ / /<    /_/
  \____/ \____/ \____/ \____/  /_____/\____/ \___//_/|_|  (_)
    
Version Information: 
	BasicSR: 1.2.0+5346b9f
	PyTorch: 2.5.1+cu121
	TorchVision: 0.20.1+cu121
2026-07-17 11:04:04,427 INFO: 
  name: GaussianGrayDenoising_Restormer
  model_type: ImageCleanModel
  scale: 1
  num_gpu: 1
  manual_seed: 100
  datasets:[
    train:[
      name: TrainSet
      type: Dataset_GaussianDenoising
      sigma_type: random
      sigma_range: [0, 50]
      in_ch: 1
      dataroot_gt: ./Denoising/Datasets/train/DFWB
      dataroot_lq: none
      geometric_augs: True
      filename_tmpl: {}
      io_backend:[
        type: disk
      ]
      use_shuffle: True
      num_worker_per_gpu: 8
      batch_size_per_gpu: 2
      mini_batch_sizes: [8, 5, 4, 2, 1, 1]
      iters: [92000, 64000, 48000, 36000, 36000, 24000]
      gt_size: 384
      gt_sizes: [128, 160, 192, 256, 320, 384]
      dataset_enlarge_ratio: 1
      prefetch_mode: None
      phase: train
      scale: 1
    ]
    val:[
      name: ValSet
      type: Dataset_GaussianDenoising
      sigma_test: 25
      in_ch: 1
      dataroot_gt: ./Denoising/Datasets/test/BSD68
      dataroot_lq: none
      io_backend:[
        type: disk
      ]
      phase: val
      scale: 1
    ]
  ]
  network_g:[
    type: Restormer
    inp_channels: 1
    out_channels: 1
    dim: 48
    num_blocks: [4, 6, 6, 8]
    num_refinement_blocks: 4
    heads: [1, 2, 4, 8]
    ffn_expansion_factor: 2.66
    bias: False
    LayerNorm_type: BiasFree
    dual_pixel_task: False
    multiscale: True
  ]
  path:[
    pretrain_network_g: None
    strict_load_g: True
    resume_state: experiments/GaussianGrayDenoising_Restormer/training_states/92000.state
    root: /home/aims-dtu/Restormer-
    experiments_root: /home/aims-dtu/Restormer-/experiments/GaussianGrayDenoising_Restormer
    models: /home/aims-dtu/Restormer-/experiments/GaussianGrayDenoising_Restormer/models
    training_states: /home/aims-dtu/Restormer-/experiments/GaussianGrayDenoising_Restormer/training_states
    log: /home/aims-dtu/Restormer-/experiments/GaussianGrayDenoising_Restormer
    visualization: /home/aims-dtu/Restormer-/experiments/GaussianGrayDenoising_Restormer/visualization
  ]
  train:[
    total_iter: 300000
    warmup_iter: -1
    use_grad_clip: True
    scheduler:[
      type: CosineAnnealingRestartCyclicLR
      periods: [92000, 208000]
      restart_weights: [1, 1]
      eta_mins: [0.0003, 1e-06]
    ]
    mixing_augs:[
      mixup: True
      mixup_beta: 1.2
      use_identity: True
    ]
    optim_g:[
      type: AdamW
      lr: 0.0003
      weight_decay: 0.0001
      betas: [0.9, 0.999]
    ]
    pixel_opt:[
      type: MultiscaleLoss
      loss_weight: 1
    ]
  ]
  val:[
    window_size: 8
    val_freq: 4000.0
    save_img: False
    rgb2bgr: True
    use_image: False
    max_minibatch: 8
    metrics:[
      psnr:[
        type: calculate_psnr
        crop_border: 0
        test_y_channel: False
      ]
    ]
  ]
  logger:[
    print_freq: 1000
    save_checkpoint_freq: 4000.0
    use_tb_logger: True
    wandb:[
      project: None
      resume_id: None
    ]
  ]
  dist_params:[
    backend: nccl
    port: 29500
  ]
  is_train: True
  dist: True
  rank: 0
  world_size: 1

2026-07-17 11:04:04,908 INFO: Dataset Dataset_GaussianDenoising - TrainSet is created.
2026-07-17 11:04:04,908 INFO: Training statistics:
	Number of train images: 71580
	Dataset enlarge ratio: 1
	Batch size per gpu: 2
	World size (gpu number): 1
	Require iter number per epoch: 35790
	Total epochs: 9; iters: 300000.
2026-07-17 11:04:04,908 INFO: Dataset Dataset_GaussianDenoising - ValSet is created.
2026-07-17 11:04:04,908 INFO: Number of val images/folders in ValSet: 68
2026-07-17 11:04:04,908 INFO: Set pretrain_network_g to /home/aims-dtu/Restormer-/experiments/GaussianGrayDenoising_Restormer/models/net_g_92000.pth
2026-07-17 11:04:05,518 INFO: Network: DistributedDataParallel - Restormer, with parameters: 26,284,551
2026-07-17 11:04:05,518 INFO: Restormer(
  (patch_embed): OverlapPatchEmbed(
    (proj): Conv2d(1, 48, kernel_size=(3, 3), stride=(1, 1), padding=(1, 1), bias=False)
  )
  (eca_skip3): ECA(
    (avg_pool): AdaptiveAvgPool2d(output_size=1)
    (conv): Conv1d(1, 1, kernel_size=(5,), stride=(1,), padding=(2,), bias=False)
    (sigmoid): Sigmoid()
  )
  (eca_skip2): ECA(
    (avg_pool): AdaptiveAvgPool2d(output_size=1)
    (conv): Conv1d(1, 1, kernel_size=(3,), stride=(1,), padding=(1,), bias=False)
    (sigmoid): Sigmoid()
  )
  (eca_skip1): ECA(
    (avg_pool): AdaptiveAvgPool2d(output_size=1)
    (conv): Conv1d(1, 1, kernel_size=(3,), stride=(1,), padding=(1,), bias=False)
    (sigmoid): Sigmoid()
  )
  (encoder_level1): Sequential(
    (0): TransformerBlock(
      (norm1): LayerNorm(
        (body): BiasFree_LayerNorm()
      )
      (attn): Attention(
        (qkv): Conv2d(48, 144, kernel_size=(1, 1), stride=(1, 1), bias=False)
        (qkv_dwconv): Conv2d(144, 144, kernel_size=(3, 3), stride=(1, 1), padding=(1, 1), groups=144, bias=False)
        (project_out): Conv2d(48, 48, kernel_size=(1, 1), stride=(1, 1), bias=False)
      )
      (norm2): LayerNorm(
        (body): BiasFree_LayerNorm()
      )
      (ffn): FeedForward(
        (project_in): Conv2d(48, 254, kernel_size=(1, 1), stride=(1, 1), bias=False)
        (dwconv): Conv2d(254, 254, kernel_size=(3, 3), stride=(1, 1), padding=(1, 1), groups=254, bias=False)
        (project_out): Conv2d(127, 48, kernel_size=(1, 1), stride=(1, 1), bias=False)
      )
    )
    (1): TransformerBlock(
      (norm1): LayerNorm(
        (body): BiasFree_LayerNorm()
      )
      (attn): Attention(
        (qkv): Conv2d(48, 144, kernel_size=(1, 1), stride=(1, 1), bias=False)
        (qkv_dwconv): Conv2d(144, 144, kernel_size=(3, 3), stride=(1, 1), padding=(1, 1), groups=144, bias=False)
        (project_out): Conv2d(48, 48, kernel_size=(1, 1), stride=(1, 1), bias=False)
      )
      (norm2): LayerNorm(
        (body): BiasFree_LayerNorm()
      )
      (ffn): FeedForward(
        (project_in): Conv2d(48, 254, kernel_size=(1, 1), stride=(1, 1), bias=False)
        (dwconv): Conv2d(254, 254, kernel_size=(3, 3), stride=(1, 1), padding=(1, 1), groups=254, bias=False)
        (project_out): Conv2d(127, 48, kernel_size=(1, 1), stride=(1, 1), bias=False)
      )
    )
    (2): TransformerBlock(
      (norm1): LayerNorm(
        (body): BiasFree_LayerNorm()
      )
      (attn): Attention(
        (qkv): Conv2d(48, 144, kernel_size=(1, 1), stride=(1, 1), bias=False)
        (qkv_dwconv): Conv2d(144, 144, kernel_size=(3, 3), stride=(1, 1), padding=(1, 1), groups=144, bias=False)
        (project_out): Conv2d(48, 48, kernel_size=(1, 1), stride=(1, 1), bias=False)
      )
      (norm2): LayerNorm(
        (body): BiasFree_LayerNorm()
      )
      (ffn): FeedForward(
        (project_in): Conv2d(48, 254, kernel_size=(1, 1), stride=(1, 1), bias=False)
        (dwconv): Conv2d(254, 254, kernel_size=(3, 3), stride=(1, 1), padding=(1, 1), groups=254, bias=False)
        (project_out): Conv2d(127, 48, kernel_size=(1, 1), stride=(1, 1), bias=False)
      )
    )
    (3): TransformerBlock(
      (norm1): LayerNorm(
        (body): BiasFree_LayerNorm()
      )
      (attn): Attention(
        (qkv): Conv2d(48, 144, kernel_size=(1, 1), stride=(1, 1), bias=False)
        (qkv_dwconv): Conv2d(144, 144, kernel_size=(3, 3), stride=(1, 1), padding=(1, 1), groups=144, bias=False)
        (project_out): Conv2d(48, 48, kernel_size=(1, 1), stride=(1, 1), bias=False)
      )
      (norm2): LayerNorm(
        (body): BiasFree_LayerNorm()
      )
      (ffn): FeedForward(
        (project_in): Conv2d(48, 254, kernel_size=(1, 1), stride=(1, 1), bias=False)
        (dwconv): Conv2d(254, 254, kernel_size=(3, 3), stride=(1, 1), padding=(1, 1), groups=254, bias=False)
        (project_out): Conv2d(127, 48, kernel_size=(1, 1), stride=(1, 1), bias=False)
      )
    )
  )
  (down1_2): Downsample(
    (body): Sequential(
      (0): Conv2d(48, 24, kernel_size=(3, 3), stride=(1, 1), padding=(1, 1), bias=False)
      (1): PixelUnshuffle(downscale_factor=2)
    )
  )
  (encoder_level2): Sequential(
    (0): TransformerBlock(
      (norm1): LayerNorm(
        (body): BiasFree_LayerNorm()
      )
      (attn): Attention(
        (qkv): Conv2d(96, 288, kernel_size=(1, 1), stride=(1, 1), bias=False)
        (qkv_dwconv): Conv2d(288, 288, kernel_size=(3, 3), stride=(1, 1), padding=(1, 1), groups=288, bias=False)
        (project_out): Conv2d(96, 96, kernel_size=(1, 1), stride=(1, 1), bias=False)
      )
      (norm2): LayerNorm(
        (body): BiasFree_LayerNorm()
      )
      (ffn): FeedForward(
        (project_in): Conv2d(96, 510, kernel_size=(1, 1), stride=(1, 1), bias=False)
        (dwconv): Conv2d(510, 510, kernel_size=(3, 3), stride=(1, 1), padding=(1, 1), groups=510, bias=False)
        (project_out): Conv2d(255, 96, kernel_size=(1, 1), stride=(1, 1), bias=False)
      )
    )
    (1): TransformerBlock(
      (norm1): LayerNorm(
        (body): BiasFree_LayerNorm()
      )
      (attn): Attention(
        (qkv): Conv2d(96, 288, kernel_size=(1, 1), stride=(1, 1), bias=False)
        (qkv_dwconv): Conv2d(288, 288, kernel_size=(3, 3), stride=(1, 1), padding=(1, 1), groups=288, bias=False)
        (project_out): Conv2d(96, 96, kernel_size=(1, 1), stride=(1, 1), bias=False)
      )
      (norm2): LayerNorm(
        (body): BiasFree_LayerNorm()
      )
      (ffn): FeedForward(
        (project_in): Conv2d(96, 510, kernel_size=(1, 1), stride=(1, 1), bias=False)
        (dwconv): Conv2d(510, 510, kernel_size=(3, 3), stride=(1, 1), padding=(1, 1), groups=510, bias=False)
        (project_out): Conv2d(255, 96, kernel_size=(1, 1), stride=(1, 1), bias=False)
      )
    )
    (2): TransformerBlock(
      (norm1): LayerNorm(
        (body): BiasFree_LayerNorm()
      )
      (attn): Attention(
        (qkv): Conv2d(96, 288, kernel_size=(1, 1), stride=(1, 1), bias=False)
        (qkv_dwconv): Conv2d(288, 288, kernel_size=(3, 3), stride=(1, 1), padding=(1, 1), groups=288, bias=False)
        (project_out): Conv2d(96, 96, kernel_size=(1, 1), stride=(1, 1), bias=False)
      )
      (norm2): LayerNorm(
        (body): BiasFree_LayerNorm()
      )
      (ffn): FeedForward(
        (project_in): Conv2d(96, 510, kernel_size=(1, 1), stride=(1, 1), bias=False)
        (dwconv): Conv2d(510, 510, kernel_size=(3, 3), stride=(1, 1), padding=(1, 1), groups=510, bias=False)
        (project_out): Conv2d(255, 96, kernel_size=(1, 1), stride=(1, 1), bias=False)
      )
    )
    (3): TransformerBlock(
      (norm1): LayerNorm(
        (body): BiasFree_LayerNorm()
      )
      (attn): Attention(
        (qkv): Conv2d(96, 288, kernel_size=(1, 1), stride=(1, 1), bias=False)
        (qkv_dwconv): Conv2d(288, 288, kernel_size=(3, 3), stride=(1, 1), padding=(1, 1), groups=288, bias=False)
        (project_out): Conv2d(96, 96, kernel_size=(1, 1), stride=(1, 1), bias=False)
      )
      (norm2): LayerNorm(
        (body): BiasFree_LayerNorm()
      )
      (ffn): FeedForward(
        (project_in): Conv2d(96, 510, kernel_size=(1, 1), stride=(1, 1), bias=False)
        (dwconv): Conv2d(510, 510, kernel_size=(3, 3), stride=(1, 1), padding=(1, 1), groups=510, bias=False)
        (project_out): Conv2d(255, 96, kernel_size=(1, 1), stride=(1, 1), bias=False)
      )
    )
    (4): TransformerBlock(
      (norm1): LayerNorm(
        (body): BiasFree_LayerNorm()
      )
      (attn): Attention(
        (qkv): Conv2d(96, 288, kernel_size=(1, 1), stride=(1, 1), bias=False)
        (qkv_dwconv): Conv2d(288, 288, kernel_size=(3, 3), stride=(1, 1), padding=(1, 1), groups=288, bias=False)
        (project_out): Conv2d(96, 96, kernel_size=(1, 1), stride=(1, 1), bias=False)
      )
      (norm2): LayerNorm(
        (body): BiasFree_LayerNorm()
      )
      (ffn): FeedForward(
        (project_in): Conv2d(96, 510, kernel_size=(1, 1), stride=(1, 1), bias=False)
        (dwconv): Conv2d(510, 510, kernel_size=(3, 3), stride=(1, 1), padding=(1, 1), groups=510, bias=False)
        (project_out): Conv2d(255, 96, kernel_size=(1, 1), stride=(1, 1), bias=False)
      )
    )
    (5): TransformerBlock(
      (norm1): LayerNorm(
        (body): BiasFree_LayerNorm()
      )
      (attn): Attention(
        (qkv): Conv2d(96, 288, kernel_size=(1, 1), stride=(1, 1), bias=False)
        (qkv_dwconv): Conv2d(288, 288, kernel_size=(3, 3), stride=(1, 1), padding=(1, 1), groups=288, bias=False)
        (project_out): Conv2d(96, 96, kernel_size=(1, 1), stride=(1, 1), bias=False)
      )
      (norm2): LayerNorm(
        (body): BiasFree_LayerNorm()
      )
      (ffn): FeedForward(
        (project_in): Conv2d(96, 510, kernel_size=(1, 1), stride=(1, 1), bias=False)
        (dwconv): Conv2d(510, 510, kernel_size=(3, 3), stride=(1, 1), padding=(1, 1), groups=510, bias=False)
        (project_out): Conv2d(255, 96, kernel_size=(1, 1), stride=(1, 1), bias=False)
      )
    )
  )
  (down2_3): Downsample(
    (body): Sequential(
      (0): Conv2d(96, 48, kernel_size=(3, 3), stride=(1, 1), padding=(1, 1), bias=False)
      (1): PixelUnshuffle(downscale_factor=2)
    )
  )
  (encoder_level3): Sequential(
    (0): TransformerBlock(
      (norm1): LayerNorm(
        (body): BiasFree_LayerNorm()
      )
      (attn): Attention(
        (qkv): Conv2d(192, 576, kernel_size=(1, 1), stride=(1, 1), bias=False)
        (qkv_dwconv): Conv2d(576, 576, kernel_size=(3, 3), stride=(1, 1), padding=(1, 1), groups=576, bias=False)
        (project_out): Conv2d(192, 192, kernel_size=(1, 1), stride=(1, 1), bias=False)
      )
      (norm2): LayerNorm(
        (body): BiasFree_LayerNorm()
      )
      (ffn): FeedForward(
        (project_in): Conv2d(192, 1020, kernel_size=(1, 1), stride=(1, 1), bias=False)
        (dwconv): Conv2d(1020, 1020, kernel_size=(3, 3), stride=(1, 1), padding=(1, 1), groups=1020, bias=False)
        (project_out): Conv2d(510, 192, kernel_size=(1, 1), stride=(1, 1), bias=False)
      )
    )
    (1): TransformerBlock(
      (norm1): LayerNorm(
        (body): BiasFree_LayerNorm()
      )
      (attn): Attention(
        (qkv): Conv2d(192, 576, kernel_size=(1, 1), stride=(1, 1), bias=False)
        (qkv_dwconv): Conv2d(576, 576, kernel_size=(3, 3), stride=(1, 1), padding=(1, 1), groups=576, bias=False)
        (project_out): Conv2d(192, 192, kernel_size=(1, 1), stride=(1, 1), bias=False)
      )
      (norm2): LayerNorm(
        (body): BiasFree_LayerNorm()
      )
      (ffn): FeedForward(
        (project_in): Conv2d(192, 1020, kernel_size=(1, 1), stride=(1, 1), bias=False)
        (dwconv): Conv2d(1020, 1020, kernel_size=(3, 3), stride=(1, 1), padding=(1, 1), groups=1020, bias=False)
        (project_out): Conv2d(510, 192, kernel_size=(1, 1), stride=(1, 1), bias=False)
      )
    )
    (2): TransformerBlock(
      (norm1): LayerNorm(
        (body): BiasFree_LayerNorm()
      )
      (attn): Attention(
        (qkv): Conv2d(192, 576, kernel_size=(1, 1), stride=(1, 1), bias=False)
        (qkv_dwconv): Conv2d(576, 576, kernel_size=(3, 3), stride=(1, 1), padding=(1, 1), groups=576, bias=False)
        (project_out): Conv2d(192, 192, kernel_size=(1, 1), stride=(1, 1), bias=False)
      )
      (norm2): LayerNorm(
        (body): BiasFree_LayerNorm()
      )
      (ffn): FeedForward(
        (project_in): Conv2d(192, 1020, kernel_size=(1, 1), stride=(1, 1), bias=False)
        (dwconv): Conv2d(1020, 1020, kernel_size=(3, 3), stride=(1, 1), padding=(1, 1), groups=1020, bias=False)
        (project_out): Conv2d(510, 192, kernel_size=(1, 1), stride=(1, 1), bias=False)
      )
    )
    (3): TransformerBlock(
      (norm1): LayerNorm(
        (body): BiasFree_LayerNorm()
      )
      (attn): Attention(
        (qkv): Conv2d(192, 576, kernel_size=(1, 1), stride=(1, 1), bias=False)
        (qkv_dwconv): Conv2d(576, 576, kernel_size=(3, 3), stride=(1, 1), padding=(1, 1), groups=576, bias=False)
        (project_out): Conv2d(192, 192, kernel_size=(1, 1), stride=(1, 1), bias=False)
      )
      (norm2): LayerNorm(
        (body): BiasFree_LayerNorm()
      )
      (ffn): FeedForward(
        (project_in): Conv2d(192, 1020, kernel_size=(1, 1), stride=(1, 1), bias=False)
        (dwconv): Conv2d(1020, 1020, kernel_size=(3, 3), stride=(1, 1), padding=(1, 1), groups=1020, bias=False)
        (project_out): Conv2d(510, 192, kernel_size=(1, 1), stride=(1, 1), bias=False)
      )
    )
    (4): TransformerBlock(
      (norm1): LayerNorm(
        (body): BiasFree_LayerNorm()
      )
      (attn): Attention(
        (qkv): Conv2d(192, 576, kernel_size=(1, 1), stride=(1, 1), bias=False)
        (qkv_dwconv): Conv2d(576, 576, kernel_size=(3, 3), stride=(1, 1), padding=(1, 1), groups=576, bias=False)
        (project_out): Conv2d(192, 192, kernel_size=(1, 1), stride=(1, 1), bias=False)
      )
      (norm2): LayerNorm(
        (body): BiasFree_LayerNorm()
      )
      (ffn): FeedForward(
        (project_in): Conv2d(192, 1020, kernel_size=(1, 1), stride=(1, 1), bias=False)
        (dwconv): Conv2d(1020, 1020, kernel_size=(3, 3), stride=(1, 1), padding=(1, 1), groups=1020, bias=False)
        (project_out): Conv2d(510, 192, kernel_size=(1, 1), stride=(1, 1), bias=False)
      )
    )
    (5): TransformerBlock(
      (norm1): LayerNorm(
        (body): BiasFree_LayerNorm()
      )
      (attn): Attention(
        (qkv): Conv2d(192, 576, kernel_size=(1, 1), stride=(1, 1), bias=False)
        (qkv_dwconv): Conv2d(576, 576, kernel_size=(3, 3), stride=(1, 1), padding=(1, 1), groups=576, bias=False)
        (project_out): Conv2d(192, 192, kernel_size=(1, 1), stride=(1, 1), bias=False)
      )
      (norm2): LayerNorm(
        (body): BiasFree_LayerNorm()
      )
      (ffn): FeedForward(
        (project_in): Conv2d(192, 1020, kernel_size=(1, 1), stride=(1, 1), bias=False)
        (dwconv): Conv2d(1020, 1020, kernel_size=(3, 3), stride=(1, 1), padding=(1, 1), groups=1020, bias=False)
        (project_out): Conv2d(510, 192, kernel_size=(1, 1), stride=(1, 1), bias=False)
      )
    )
  )
  (down3_4): Downsample(
    (body): Sequential(
      (0): Conv2d(192, 96, kernel_size=(3, 3), stride=(1, 1), padding=(1, 1), bias=False)
      (1): PixelUnshuffle(downscale_factor=2)
    )
  )
  (latent): Sequential(
    (0): TransformerBlock(
      (norm1): LayerNorm(
        (body): BiasFree_LayerNorm()
      )
      (attn): Attention(
        (qkv): Conv2d(384, 1152, kernel_size=(1, 1), stride=(1, 1), bias=False)
        (qkv_dwconv): Conv2d(1152, 1152, kernel_size=(3, 3), stride=(1, 1), padding=(1, 1), groups=1152, bias=False)
        (project_out): Conv2d(384, 384, kernel_size=(1, 1), stride=(1, 1), bias=False)
      )
      (norm2): LayerNorm(
        (body): BiasFree_LayerNorm()
      )
      (ffn): FeedForward(
        (project_in): Conv2d(384, 2042, kernel_size=(1, 1), stride=(1, 1), bias=False)
        (dwconv): Conv2d(2042, 2042, kernel_size=(3, 3), stride=(1, 1), padding=(1, 1), groups=2042, bias=False)
        (project_out): Conv2d(1021, 384, kernel_size=(1, 1), stride=(1, 1), bias=False)
      )
    )
    (1): TransformerBlock(
      (norm1): LayerNorm(
        (body): BiasFree_LayerNorm()
      )
      (attn): Attention(
        (qkv): Conv2d(384, 1152, kernel_size=(1, 1), stride=(1, 1), bias=False)
        (qkv_dwconv): Conv2d(1152, 1152, kernel_size=(3, 3), stride=(1, 1), padding=(1, 1), groups=1152, bias=False)
        (project_out): Conv2d(384, 384, kernel_size=(1, 1), stride=(1, 1), bias=False)
      )
      (norm2): LayerNorm(
        (body): BiasFree_LayerNorm()
      )
      (ffn): FeedForward(
        (project_in): Conv2d(384, 2042, kernel_size=(1, 1), stride=(1, 1), bias=False)
        (dwconv): Conv2d(2042, 2042, kernel_size=(3, 3), stride=(1, 1), padding=(1, 1), groups=2042, bias=False)
        (project_out): Conv2d(1021, 384, kernel_size=(1, 1), stride=(1, 1), bias=False)
      )
    )
    (2): TransformerBlock(
      (norm1): LayerNorm(
        (body): BiasFree_LayerNorm()
      )
      (attn): Attention(
        (qkv): Conv2d(384, 1152, kernel_size=(1, 1), stride=(1, 1), bias=False)
        (qkv_dwconv): Conv2d(1152, 1152, kernel_size=(3, 3), stride=(1, 1), padding=(1, 1), groups=1152, bias=False)
        (project_out): Conv2d(384, 384, kernel_size=(1, 1), stride=(1, 1), bias=False)
      )
      (norm2): LayerNorm(
        (body): BiasFree_LayerNorm()
      )
      (ffn): FeedForward(
        (project_in): Conv2d(384, 2042, kernel_size=(1, 1), stride=(1, 1), bias=False)
        (dwconv): Conv2d(2042, 2042, kernel_size=(3, 3), stride=(1, 1), padding=(1, 1), groups=2042, bias=False)
        (project_out): Conv2d(1021, 384, kernel_size=(1, 1), stride=(1, 1), bias=False)
      )
    )
    (3): TransformerBlock(
      (norm1): LayerNorm(
        (body): BiasFree_LayerNorm()
      )
      (attn): Attention(
        (qkv): Conv2d(384, 1152, kernel_size=(1, 1), stride=(1, 1), bias=False)
        (qkv_dwconv): Conv2d(1152, 1152, kernel_size=(3, 3), stride=(1, 1), padding=(1, 1), groups=1152, bias=False)
        (project_out): Conv2d(384, 384, kernel_size=(1, 1), stride=(1, 1), bias=False)
      )
      (norm2): LayerNorm(
        (body): BiasFree_LayerNorm()
      )
      (ffn): FeedForward(
        (project_in): Conv2d(384, 2042, kernel_size=(1, 1), stride=(1, 1), bias=False)
        (dwconv): Conv2d(2042, 2042, kernel_size=(3, 3), stride=(1, 1), padding=(1, 1), groups=2042, bias=False)
        (project_out): Conv2d(1021, 384, kernel_size=(1, 1), stride=(1, 1), bias=False)
      )
    )
    (4): TransformerBlock(
      (norm1): LayerNorm(
        (body): BiasFree_LayerNorm()
      )
      (attn): Attention(
        (qkv): Conv2d(384, 1152, kernel_size=(1, 1), stride=(1, 1), bias=False)
        (qkv_dwconv): Conv2d(1152, 1152, kernel_size=(3, 3), stride=(1, 1), padding=(1, 1), groups=1152, bias=False)
        (project_out): Conv2d(384, 384, kernel_size=(1, 1), stride=(1, 1), bias=False)
      )
      (norm2): LayerNorm(
        (body): BiasFree_LayerNorm()
      )
      (ffn): FeedForward(
        (project_in): Conv2d(384, 2042, kernel_size=(1, 1), stride=(1, 1), bias=False)
        (dwconv): Conv2d(2042, 2042, kernel_size=(3, 3), stride=(1, 1), padding=(1, 1), groups=2042, bias=False)
        (project_out): Conv2d(1021, 384, kernel_size=(1, 1), stride=(1, 1), bias=False)
      )
    )
    (5): TransformerBlock(
      (norm1): LayerNorm(
        (body): BiasFree_LayerNorm()
      )
      (attn): Attention(
        (qkv): Conv2d(384, 1152, kernel_size=(1, 1), stride=(1, 1), bias=False)
        (qkv_dwconv): Conv2d(1152, 1152, kernel_size=(3, 3), stride=(1, 1), padding=(1, 1), groups=1152, bias=False)
        (project_out): Conv2d(384, 384, kernel_size=(1, 1), stride=(1, 1), bias=False)
      )
      (norm2): LayerNorm(
        (body): BiasFree_LayerNorm()
      )
      (ffn): FeedForward(
        (project_in): Conv2d(384, 2042, kernel_size=(1, 1), stride=(1, 1), bias=False)
        (dwconv): Conv2d(2042, 2042, kernel_size=(3, 3), stride=(1, 1), padding=(1, 1), groups=2042, bias=False)
        (project_out): Conv2d(1021, 384, kernel_size=(1, 1), stride=(1, 1), bias=False)
      )
    )
    (6): TransformerBlock(
      (norm1): LayerNorm(
        (body): BiasFree_LayerNorm()
      )
      (attn): Attention(
        (qkv): Conv2d(384, 1152, kernel_size=(1, 1), stride=(1, 1), bias=False)
        (qkv_dwconv): Conv2d(1152, 1152, kernel_size=(3, 3), stride=(1, 1), padding=(1, 1), groups=1152, bias=False)
        (project_out): Conv2d(384, 384, kernel_size=(1, 1), stride=(1, 1), bias=False)
      )
      (norm2): LayerNorm(
        (body): BiasFree_LayerNorm()
      )
      (ffn): FeedForward(
        (project_in): Conv2d(384, 2042, kernel_size=(1, 1), stride=(1, 1), bias=False)
        (dwconv): Conv2d(2042, 2042, kernel_size=(3, 3), stride=(1, 1), padding=(1, 1), groups=2042, bias=False)
        (project_out): Conv2d(1021, 384, kernel_size=(1, 1), stride=(1, 1), bias=False)
      )
    )
    (7): TransformerBlock(
      (norm1): LayerNorm(
        (body): BiasFree_LayerNorm()
      )
      (attn): Attention(
        (qkv): Conv2d(384, 1152, kernel_size=(1, 1), stride=(1, 1), bias=False)
        (qkv_dwconv): Conv2d(1152, 1152, kernel_size=(3, 3), stride=(1, 1), padding=(1, 1), groups=1152, bias=False)
        (project_out): Conv2d(384, 384, kernel_size=(1, 1), stride=(1, 1), bias=False)
      )
      (norm2): LayerNorm(
        (body): BiasFree_LayerNorm()
      )
      (ffn): FeedForward(
        (project_in): Conv2d(384, 2042, kernel_size=(1, 1), stride=(1, 1), bias=False)
        (dwconv): Conv2d(2042, 2042, kernel_size=(3, 3), stride=(1, 1), padding=(1, 1), groups=2042, bias=False)
        (project_out): Conv2d(1021, 384, kernel_size=(1, 1), stride=(1, 1), bias=False)
      )
    )
  )
  (up4_3): Upsample(
    (body): Sequential(
      (0): Conv2d(384, 768, kernel_size=(3, 3), stride=(1, 1), padding=(1, 1), bias=False)
      (1): PixelShuffle(upscale_factor=2)
    )
  )
  (reduce_chan_level3): Conv2d(384, 192, kernel_size=(1, 1), stride=(1, 1), bias=False)
  (decoder_level3): Sequential(
    (0): TransformerBlock(
      (norm1): LayerNorm(
        (body): BiasFree_LayerNorm()
      )
      (attn): Attention(
        (qkv): Conv2d(192, 576, kernel_size=(1, 1), stride=(1, 1), bias=False)
        (qkv_dwconv): Conv2d(576, 576, kernel_size=(3, 3), stride=(1, 1), padding=(1, 1), groups=576, bias=False)
        (project_out): Conv2d(192, 192, kernel_size=(1, 1), stride=(1, 1), bias=False)
      )
      (norm2): LayerNorm(
        (body): BiasFree_LayerNorm()
      )
      (ffn): FeedForward(
        (project_in): Conv2d(192, 1020, kernel_size=(1, 1), stride=(1, 1), bias=False)
        (dwconv): Conv2d(1020, 1020, kernel_size=(3, 3), stride=(1, 1), padding=(1, 1), groups=1020, bias=False)
        (project_out): Conv2d(510, 192, kernel_size=(1, 1), stride=(1, 1), bias=False)
      )
    )
    (1): TransformerBlock(
      (norm1): LayerNorm(
        (body): BiasFree_LayerNorm()
      )
      (attn): Attention(
        (qkv): Conv2d(192, 576, kernel_size=(1, 1), stride=(1, 1), bias=False)
        (qkv_dwconv): Conv2d(576, 576, kernel_size=(3, 3), stride=(1, 1), padding=(1, 1), groups=576, bias=False)
        (project_out): Conv2d(192, 192, kernel_size=(1, 1), stride=(1, 1), bias=False)
      )
      (norm2): LayerNorm(
        (body): BiasFree_LayerNorm()
      )
      (ffn): FeedForward(
        (project_in): Conv2d(192, 1020, kernel_size=(1, 1), stride=(1, 1), bias=False)
        (dwconv): Conv2d(1020, 1020, kernel_size=(3, 3), stride=(1, 1), padding=(1, 1), groups=1020, bias=False)
        (project_out): Conv2d(510, 192, kernel_size=(1, 1), stride=(1, 1), bias=False)
      )
    )
    (2): TransformerBlock(
      (norm1): LayerNorm(
        (body): BiasFree_LayerNorm()
      )
      (attn): Attention(
        (qkv): Conv2d(192, 576, kernel_size=(1, 1), stride=(1, 1), bias=False)
        (qkv_dwconv): Conv2d(576, 576, kernel_size=(3, 3), stride=(1, 1), padding=(1, 1), groups=576, bias=False)
        (project_out): Conv2d(192, 192, kernel_size=(1, 1), stride=(1, 1), bias=False)
      )
      (norm2): LayerNorm(
        (body): BiasFree_LayerNorm()
      )
      (ffn): FeedForward(
        (project_in): Conv2d(192, 1020, kernel_size=(1, 1), stride=(1, 1), bias=False)
        (dwconv): Conv2d(1020, 1020, kernel_size=(3, 3), stride=(1, 1), padding=(1, 1), groups=1020, bias=False)
        (project_out): Conv2d(510, 192, kernel_size=(1, 1), stride=(1, 1), bias=False)
      )
    )
    (3): TransformerBlock(
      (norm1): LayerNorm(
        (body): BiasFree_LayerNorm()
      )
      (attn): Attention(
        (qkv): Conv2d(192, 576, kernel_size=(1, 1), stride=(1, 1), bias=False)
        (qkv_dwconv): Conv2d(576, 576, kernel_size=(3, 3), stride=(1, 1), padding=(1, 1), groups=576, bias=False)
        (project_out): Conv2d(192, 192, kernel_size=(1, 1), stride=(1, 1), bias=False)
      )
      (norm2): LayerNorm(
        (body): BiasFree_LayerNorm()
      )
      (ffn): FeedForward(
        (project_in): Conv2d(192, 1020, kernel_size=(1, 1), stride=(1, 1), bias=False)
        (dwconv): Conv2d(1020, 1020, kernel_size=(3, 3), stride=(1, 1), padding=(1, 1), groups=1020, bias=False)
        (project_out): Conv2d(510, 192, kernel_size=(1, 1), stride=(1, 1), bias=False)
      )
    )
    (4): TransformerBlock(
      (norm1): LayerNorm(
        (body): BiasFree_LayerNorm()
      )
      (attn): Attention(
        (qkv): Conv2d(192, 576, kernel_size=(1, 1), stride=(1, 1), bias=False)
        (qkv_dwconv): Conv2d(576, 576, kernel_size=(3, 3), stride=(1, 1), padding=(1, 1), groups=576, bias=False)
        (project_out): Conv2d(192, 192, kernel_size=(1, 1), stride=(1, 1), bias=False)
      )
      (norm2): LayerNorm(
        (body): BiasFree_LayerNorm()
      )
      (ffn): FeedForward(
        (project_in): Conv2d(192, 1020, kernel_size=(1, 1), stride=(1, 1), bias=False)
        (dwconv): Conv2d(1020, 1020, kernel_size=(3, 3), stride=(1, 1), padding=(1, 1), groups=1020, bias=False)
        (project_out): Conv2d(510, 192, kernel_size=(1, 1), stride=(1, 1), bias=False)
      )
    )
    (5): TransformerBlock(
      (norm1): LayerNorm(
        (body): BiasFree_LayerNorm()
      )
      (attn): Attention(
        (qkv): Conv2d(192, 576, kernel_size=(1, 1), stride=(1, 1), bias=False)
        (qkv_dwconv): Conv2d(576, 576, kernel_size=(3, 3), stride=(1, 1), padding=(1, 1), groups=576, bias=False)
        (project_out): Conv2d(192, 192, kernel_size=(1, 1), stride=(1, 1), bias=False)
      )
      (norm2): LayerNorm(
        (body): BiasFree_LayerNorm()
      )
      (ffn): FeedForward(
        (project_in): Conv2d(192, 1020, kernel_size=(1, 1), stride=(1, 1), bias=False)
        (dwconv): Conv2d(1020, 1020, kernel_size=(3, 3), stride=(1, 1), padding=(1, 1), groups=1020, bias=False)
        (project_out): Conv2d(510, 192, kernel_size=(1, 1), stride=(1, 1), bias=False)
      )
    )
  )
  (up3_2): Upsample(
    (body): Sequential(
      (0): Conv2d(192, 384, kernel_size=(3, 3), stride=(1, 1), padding=(1, 1), bias=False)
      (1): PixelShuffle(upscale_factor=2)
    )
  )
  (reduce_chan_level2): Conv2d(192, 96, kernel_size=(1, 1), stride=(1, 1), bias=False)
  (decoder_level2): Sequential(
    (0): TransformerBlock(
      (norm1): LayerNorm(
        (body): BiasFree_LayerNorm()
      )
      (attn): Attention(
        (qkv): Conv2d(96, 288, kernel_size=(1, 1), stride=(1, 1), bias=False)
        (qkv_dwconv): Conv2d(288, 288, kernel_size=(3, 3), stride=(1, 1), padding=(1, 1), groups=288, bias=False)
        (project_out): Conv2d(96, 96, kernel_size=(1, 1), stride=(1, 1), bias=False)
      )
      (norm2): LayerNorm(
        (body): BiasFree_LayerNorm()
      )
      (ffn): FeedForward(
        (project_in): Conv2d(96, 510, kernel_size=(1, 1), stride=(1, 1), bias=False)
        (dwconv): Conv2d(510, 510, kernel_size=(3, 3), stride=(1, 1), padding=(1, 1), groups=510, bias=False)
        (project_out): Conv2d(255, 96, kernel_size=(1, 1), stride=(1, 1), bias=False)
      )
    )
    (1): TransformerBlock(
      (norm1): LayerNorm(
        (body): BiasFree_LayerNorm()
      )
      (attn): Attention(
        (qkv): Conv2d(96, 288, kernel_size=(1, 1), stride=(1, 1), bias=False)
        (qkv_dwconv): Conv2d(288, 288, kernel_size=(3, 3), stride=(1, 1), padding=(1, 1), groups=288, bias=False)
        (project_out): Conv2d(96, 96, kernel_size=(1, 1), stride=(1, 1), bias=False)
      )
      (norm2): LayerNorm(
        (body): BiasFree_LayerNorm()
      )
      (ffn): FeedForward(
        (project_in): Conv2d(96, 510, kernel_size=(1, 1), stride=(1, 1), bias=False)
        (dwconv): Conv2d(510, 510, kernel_size=(3, 3), stride=(1, 1), padding=(1, 1), groups=510, bias=False)
        (project_out): Conv2d(255, 96, kernel_size=(1, 1), stride=(1, 1), bias=False)
      )
    )
    (2): TransformerBlock(
      (norm1): LayerNorm(
        (body): BiasFree_LayerNorm()
      )
      (attn): Attention(
        (qkv): Conv2d(96, 288, kernel_size=(1, 1), stride=(1, 1), bias=False)
        (qkv_dwconv): Conv2d(288, 288, kernel_size=(3, 3), stride=(1, 1), padding=(1, 1), groups=288, bias=False)
        (project_out): Conv2d(96, 96, kernel_size=(1, 1), stride=(1, 1), bias=False)
      )
      (norm2): LayerNorm(
        (body): BiasFree_LayerNorm()
      )
      (ffn): FeedForward(
        (project_in): Conv2d(96, 510, kernel_size=(1, 1), stride=(1, 1), bias=False)
        (dwconv): Conv2d(510, 510, kernel_size=(3, 3), stride=(1, 1), padding=(1, 1), groups=510, bias=False)
        (project_out): Conv2d(255, 96, kernel_size=(1, 1), stride=(1, 1), bias=False)
      )
    )
    (3): TransformerBlock(
      (norm1): LayerNorm(
        (body): BiasFree_LayerNorm()
      )
      (attn): Attention(
        (qkv): Conv2d(96, 288, kernel_size=(1, 1), stride=(1, 1), bias=False)
        (qkv_dwconv): Conv2d(288, 288, kernel_size=(3, 3), stride=(1, 1), padding=(1, 1), groups=288, bias=False)
        (project_out): Conv2d(96, 96, kernel_size=(1, 1), stride=(1, 1), bias=False)
      )
      (norm2): LayerNorm(
        (body): BiasFree_LayerNorm()
      )
      (ffn): FeedForward(
        (project_in): Conv2d(96, 510, kernel_size=(1, 1), stride=(1, 1), bias=False)
        (dwconv): Conv2d(510, 510, kernel_size=(3, 3), stride=(1, 1), padding=(1, 1), groups=510, bias=False)
        (project_out): Conv2d(255, 96, kernel_size=(1, 1), stride=(1, 1), bias=False)
      )
    )
    (4): TransformerBlock(
      (norm1): LayerNorm(
        (body): BiasFree_LayerNorm()
      )
      (attn): Attention(
        (qkv): Conv2d(96, 288, kernel_size=(1, 1), stride=(1, 1), bias=False)
        (qkv_dwconv): Conv2d(288, 288, kernel_size=(3, 3), stride=(1, 1), padding=(1, 1), groups=288, bias=False)
        (project_out): Conv2d(96, 96, kernel_size=(1, 1), stride=(1, 1), bias=False)
      )
      (norm2): LayerNorm(
        (body): BiasFree_LayerNorm()
      )
      (ffn): FeedForward(
        (project_in): Conv2d(96, 510, kernel_size=(1, 1), stride=(1, 1), bias=False)
        (dwconv): Conv2d(510, 510, kernel_size=(3, 3), stride=(1, 1), padding=(1, 1), groups=510, bias=False)
        (project_out): Conv2d(255, 96, kernel_size=(1, 1), stride=(1, 1), bias=False)
      )
    )
    (5): TransformerBlock(
      (norm1): LayerNorm(
        (body): BiasFree_LayerNorm()
      )
      (attn): Attention(
        (qkv): Conv2d(96, 288, kernel_size=(1, 1), stride=(1, 1), bias=False)
        (qkv_dwconv): Conv2d(288, 288, kernel_size=(3, 3), stride=(1, 1), padding=(1, 1), groups=288, bias=False)
        (project_out): Conv2d(96, 96, kernel_size=(1, 1), stride=(1, 1), bias=False)
      )
      (norm2): LayerNorm(
        (body): BiasFree_LayerNorm()
      )
      (ffn): FeedForward(
        (project_in): Conv2d(96, 510, kernel_size=(1, 1), stride=(1, 1), bias=False)
        (dwconv): Conv2d(510, 510, kernel_size=(3, 3), stride=(1, 1), padding=(1, 1), groups=510, bias=False)
        (project_out): Conv2d(255, 96, kernel_size=(1, 1), stride=(1, 1), bias=False)
      )
    )
  )
  (up2_1): Upsample(
    (body): Sequential(
      (0): Conv2d(96, 192, kernel_size=(3, 3), stride=(1, 1), padding=(1, 1), bias=False)
      (1): PixelShuffle(upscale_factor=2)
    )
  )
  (decoder_level1): Sequential(
    (0): TransformerBlock(
      (norm1): LayerNorm(
        (body): BiasFree_LayerNorm()
      )
      (attn): Attention(
        (qkv): Conv2d(96, 288, kernel_size=(1, 1), stride=(1, 1), bias=False)
        (qkv_dwconv): Conv2d(288, 288, kernel_size=(3, 3), stride=(1, 1), padding=(1, 1), groups=288, bias=False)
        (project_out): Conv2d(96, 96, kernel_size=(1, 1), stride=(1, 1), bias=False)
      )
      (norm2): LayerNorm(
        (body): BiasFree_LayerNorm()
      )
      (ffn): FeedForward(
        (project_in): Conv2d(96, 510, kernel_size=(1, 1), stride=(1, 1), bias=False)
        (dwconv): Conv2d(510, 510, kernel_size=(3, 3), stride=(1, 1), padding=(1, 1), groups=510, bias=False)
        (project_out): Conv2d(255, 96, kernel_size=(1, 1), stride=(1, 1), bias=False)
      )
    )
    (1): TransformerBlock(
      (norm1): LayerNorm(
        (body): BiasFree_LayerNorm()
      )
      (attn): Attention(
        (qkv): Conv2d(96, 288, kernel_size=(1, 1), stride=(1, 1), bias=False)
        (qkv_dwconv): Conv2d(288, 288, kernel_size=(3, 3), stride=(1, 1), padding=(1, 1), groups=288, bias=False)
        (project_out): Conv2d(96, 96, kernel_size=(1, 1), stride=(1, 1), bias=False)
      )
      (norm2): LayerNorm(
        (body): BiasFree_LayerNorm()
      )
      (ffn): FeedForward(
        (project_in): Conv2d(96, 510, kernel_size=(1, 1), stride=(1, 1), bias=False)
        (dwconv): Conv2d(510, 510, kernel_size=(3, 3), stride=(1, 1), padding=(1, 1), groups=510, bias=False)
        (project_out): Conv2d(255, 96, kernel_size=(1, 1), stride=(1, 1), bias=False)
      )
    )
    (2): TransformerBlock(
      (norm1): LayerNorm(
        (body): BiasFree_LayerNorm()
      )
      (attn): Attention(
        (qkv): Conv2d(96, 288, kernel_size=(1, 1), stride=(1, 1), bias=False)
        (qkv_dwconv): Conv2d(288, 288, kernel_size=(3, 3), stride=(1, 1), padding=(1, 1), groups=288, bias=False)
        (project_out): Conv2d(96, 96, kernel_size=(1, 1), stride=(1, 1), bias=False)
      )
      (norm2): LayerNorm(
        (body): BiasFree_LayerNorm()
      )
      (ffn): FeedForward(
        (project_in): Conv2d(96, 510, kernel_size=(1, 1), stride=(1, 1), bias=False)
        (dwconv): Conv2d(510, 510, kernel_size=(3, 3), stride=(1, 1), padding=(1, 1), groups=510, bias=False)
        (project_out): Conv2d(255, 96, kernel_size=(1, 1), stride=(1, 1), bias=False)
      )
    )
    (3): TransformerBlock(
      (norm1): LayerNorm(
        (body): BiasFree_LayerNorm()
      )
      (attn): Attention(
        (qkv): Conv2d(96, 288, kernel_size=(1, 1), stride=(1, 1), bias=False)
        (qkv_dwconv): Conv2d(288, 288, kernel_size=(3, 3), stride=(1, 1), padding=(1, 1), groups=288, bias=False)
        (project_out): Conv2d(96, 96, kernel_size=(1, 1), stride=(1, 1), bias=False)
      )
      (norm2): LayerNorm(
        (body): BiasFree_LayerNorm()
      )
      (ffn): FeedForward(
        (project_in): Conv2d(96, 510, kernel_size=(1, 1), stride=(1, 1), bias=False)
        (dwconv): Conv2d(510, 510, kernel_size=(3, 3), stride=(1, 1), padding=(1, 1), groups=510, bias=False)
        (project_out): Conv2d(255, 96, kernel_size=(1, 1), stride=(1, 1), bias=False)
      )
    )
  )
  (refinement): Sequential(
    (0): TransformerBlock(
      (norm1): LayerNorm(
        (body): BiasFree_LayerNorm()
      )
      (attn): Attention(
        (qkv): Conv2d(96, 288, kernel_size=(1, 1), stride=(1, 1), bias=False)
        (qkv_dwconv): Conv2d(288, 288, kernel_size=(3, 3), stride=(1, 1), padding=(1, 1), groups=288, bias=False)
        (project_out): Conv2d(96, 96, kernel_size=(1, 1), stride=(1, 1), bias=False)
      )
      (norm2): LayerNorm(
        (body): BiasFree_LayerNorm()
      )
      (ffn): FeedForward(
        (project_in): Conv2d(96, 510, kernel_size=(1, 1), stride=(1, 1), bias=False)
        (dwconv): Conv2d(510, 510, kernel_size=(3, 3), stride=(1, 1), padding=(1, 1), groups=510, bias=False)
        (project_out): Conv2d(255, 96, kernel_size=(1, 1), stride=(1, 1), bias=False)
      )
    )
    (1): TransformerBlock(
      (norm1): LayerNorm(
        (body): BiasFree_LayerNorm()
      )
      (attn): Attention(
        (qkv): Conv2d(96, 288, kernel_size=(1, 1), stride=(1, 1), bias=False)
        (qkv_dwconv): Conv2d(288, 288, kernel_size=(3, 3), stride=(1, 1), padding=(1, 1), groups=288, bias=False)
        (project_out): Conv2d(96, 96, kernel_size=(1, 1), stride=(1, 1), bias=False)
      )
      (norm2): LayerNorm(
        (body): BiasFree_LayerNorm()
      )
      (ffn): FeedForward(
        (project_in): Conv2d(96, 510, kernel_size=(1, 1), stride=(1, 1), bias=False)
        (dwconv): Conv2d(510, 510, kernel_size=(3, 3), stride=(1, 1), padding=(1, 1), groups=510, bias=False)
        (project_out): Conv2d(255, 96, kernel_size=(1, 1), stride=(1, 1), bias=False)
      )
    )
    (2): TransformerBlock(
      (norm1): LayerNorm(
        (body): BiasFree_LayerNorm()
      )
      (attn): Attention(
        (qkv): Conv2d(96, 288, kernel_size=(1, 1), stride=(1, 1), bias=False)
        (qkv_dwconv): Conv2d(288, 288, kernel_size=(3, 3), stride=(1, 1), padding=(1, 1), groups=288, bias=False)
        (project_out): Conv2d(96, 96, kernel_size=(1, 1), stride=(1, 1), bias=False)
      )
      (norm2): LayerNorm(
        (body): BiasFree_LayerNorm()
      )
      (ffn): FeedForward(
        (project_in): Conv2d(96, 510, kernel_size=(1, 1), stride=(1, 1), bias=False)
        (dwconv): Conv2d(510, 510, kernel_size=(3, 3), stride=(1, 1), padding=(1, 1), groups=510, bias=False)
        (project_out): Conv2d(255, 96, kernel_size=(1, 1), stride=(1, 1), bias=False)
      )
    )
    (3): TransformerBlock(
      (norm1): LayerNorm(
        (body): BiasFree_LayerNorm()
      )
      (attn): Attention(
        (qkv): Conv2d(96, 288, kernel_size=(1, 1), stride=(1, 1), bias=False)
        (qkv_dwconv): Conv2d(288, 288, kernel_size=(3, 3), stride=(1, 1), padding=(1, 1), groups=288, bias=False)
        (project_out): Conv2d(96, 96, kernel_size=(1, 1), stride=(1, 1), bias=False)
      )
      (norm2): LayerNorm(
        (body): BiasFree_LayerNorm()
      )
      (ffn): FeedForward(
        (project_in): Conv2d(96, 510, kernel_size=(1, 1), stride=(1, 1), bias=False)
        (dwconv): Conv2d(510, 510, kernel_size=(3, 3), stride=(1, 1), padding=(1, 1), groups=510, bias=False)
        (project_out): Conv2d(255, 96, kernel_size=(1, 1), stride=(1, 1), bias=False)
      )
    )
  )
  (ups1): Upsample(
    (body): Sequential(
      (0): Conv2d(96, 192, kernel_size=(3, 3), stride=(1, 1), padding=(1, 1), bias=False)
      (1): PixelShuffle(upscale_factor=2)
    )
  )
  (outputl): Conv2d(96, 8, kernel_size=(3, 3), stride=(1, 1), padding=(1, 1), bias=False)
  (output1): Conv2d(48, 8, kernel_size=(3, 3), stride=(1, 1), padding=(1, 1), bias=False)
  (outputx): Conv2d(8, 1, kernel_size=(3, 3), stride=(1, 1), padding=(1, 1), bias=False)
)
2026-07-17 11:04:05,533 INFO: Loading Restormer model from /home/aims-dtu/Restormer-/experiments/GaussianGrayDenoising_Restormer/models/net_g_92000.pth.
2026-07-17 11:04:10,080 INFO: Model [ImageCleanModel] is created.
2026-07-17 11:04:10,090 INFO: Resuming training from epoch: 5, iter: 92000.
2026-07-17 11:04:35,062 INFO: Start training from epoch: 5, iter: 92000
2026-07-17 11:05:01,144 INFO: 
 Updating Patch_Size to 160 and Batch_Size to 5 

2026-07-17 11:14:32,825 INFO: [Gauss..][epoch:  5, iter:  93,000, lr:(3.000e-04,)] [eta: 1 day, 11:46:16, time (data): 0.616 (0.002)] l_pix_L: 1.6851e-01 l_pix_H: 1.5527e-01 l_pix: 1.6321e-01 
2026-07-17 11:24:28,007 INFO: [Gauss..][epoch:  5, iter:  94,000, lr:(2.999e-04,)] [eta: 1 day, 10:49:42, time (data): 0.576 (0.002)] l_pix_L: 1.0436e-01 l_pix_H: 9.2972e-02 l_pix: 9.9803e-02 
2026-07-17 11:33:58,165 INFO: [Gauss..][epoch:  5, iter:  95,000, lr:(2.998e-04,)] [eta: 1 day, 9:55:43, time (data): 0.562 (0.002)] l_pix_L: 1.8175e-01 l_pix_H: 1.3790e-01 l_pix: 1.6421e-01 
2026-07-17 11:43:30,455 INFO: [Gauss..][epoch:  5, iter:  96,000, lr:(2.997e-04,)] [eta: 1 day, 9:25:47, time (data): 0.613 (0.002)] l_pix_L: 1.1377e-01 l_pix_H: 8.5447e-02 l_pix: 1.0244e-01 
2026-07-17 11:43:30,455 INFO: Saving models and training states.
2026-07-17 11:44:17,635 INFO: Validation ValSet,		 # psnr: 28.6675
2026-07-17 11:54:04,365 INFO: [Gauss..][epoch:  5, iter:  97,000, lr:(2.996e-04,)] [eta: 1 day, 9:45:42, time (data): 0.556 (0.002)] l_pix_L: 7.5997e-02 l_pix_H: 5.9307e-02 l_pix: 6.9321e-02 
2026-07-17 12:03:48,324 INFO: [Gauss..][epoch:  5, iter:  98,000, lr:(2.994e-04,)] [eta: 1 day, 9:27:26, time (data): 0.572 (0.002)] l_pix_L: 5.7259e-02 l_pix_H: 3.8679e-02 l_pix: 4.9827e-02 
2026-07-17 12:13:26,399 INFO: [Gauss..][epoch:  5, iter:  99,000, lr:(2.992e-04,)] [eta: 1 day, 9:08:47, time (data): 0.610 (0.002)] l_pix_L: 5.6387e-02 l_pix_H: 3.9563e-02 l_pix: 4.9657e-02 
2026-07-17 12:24:52,081 INFO: [Gauss..][epoch:  5, iter: 100,000, lr:(2.989e-04,)] [eta: 1 day, 9:37:12, time (data): 0.565 (0.002)] l_pix_L: 9.1068e-02 l_pix_H: 4.5537e-02 l_pix: 7.2856e-02 
2026-07-17 12:24:52,096 INFO: Saving models and training states.
2026-07-17 12:25:28,933 INFO: Validation ValSet,		 # psnr: 29.0859
2026-07-17 12:35:24,916 INFO: [Gauss..][epoch:  5, iter: 101,000, lr:(2.986e-04,)] [eta: 1 day, 9:37:20, time (data): 0.682 (0.002)] l_pix_L: 8.1212e-02 l_pix_H: 4.3600e-02 l_pix: 6.6167e-02 
2026-07-17 12:45:30,663 INFO: [Gauss..][epoch:  5, iter: 102,000, lr:(2.983e-04,)] [eta: 1 day, 9:26:22, time (data): 0.562 (0.002)] l_pix_L: 3.2784e-02 l_pix_H: 2.2839e-02 l_pix: 2.8806e-02 
2026-07-17 12:55:24,453 INFO: [Gauss..][epoch:  5, iter: 103,000, lr:(2.979e-04,)] [eta: 1 day, 9:12:00, time (data): 0.612 (0.002)] l_pix_L: 4.6084e-02 l_pix_H: 2.0065e-02 l_pix: 3.5676e-02 
2026-07-17 13:05:03,848 INFO: [Gauss..][epoch:  5, iter: 104,000, lr:(2.976e-04,)] [eta: 1 day, 8:54:27, time (data): 0.565 (0.002)] l_pix_L: 4.6659e-02 l_pix_H: 2.3214e-02 l_pix: 3.7281e-02 
2026-07-17 13:05:03,848 INFO: Saving models and training states.
2026-07-17 13:05:39,288 INFO: Validation ValSet,		 # psnr: 29.0610
2026-07-17 13:15:54,546 INFO: [Gauss..][epoch:  5, iter: 105,000, lr:(2.971e-04,)] [eta: 1 day, 8:55:57, time (data): 0.615 (0.002)] l_pix_L: 2.7323e-02 l_pix_H: 1.6684e-02 l_pix: 2.3067e-02 
2026-07-17 13:25:45,543 INFO: [Gauss..][epoch:  5, iter: 106,000, lr:(2.967e-04,)] [eta: 1 day, 8:41:53, time (data): 0.605 (0.002)] l_pix_L: 3.6239e-02 l_pix_H: 1.5734e-02 l_pix: 2.8037e-02 
2026-07-17 13:35:22,677 INFO: [Gauss..][epoch:  5, iter: 107,000, lr:(2.962e-04,)] [eta: 1 day, 8:25:25, time (data): 0.571 (0.002)] l_pix_L: 4.8236e-02 l_pix_H: 3.1821e-02 l_pix: 4.1670e-02 
2026-07-17 13:45:08,266 INFO: [Gauss..][epoch:  5, iter: 108,000, lr:(2.957e-04,)] [eta: 1 day, 8:11:30, time (data): 0.583 (0.002)] l_pix_L: 3.6146e-02 l_pix_H: 2.3231e-02 l_pix: 3.0980e-02 
2026-07-17 13:45:08,266 INFO: Saving models and training states.
2026-07-17 13:45:44,492 INFO: Validation ValSet,		 # psnr: 29.0891
2026-07-17 13:56:09,587 INFO: [Gauss..][epoch:  5, iter: 109,000, lr:(2.951e-04,)] [eta: 1 day, 8:12:15, time (data): 0.612 (0.002)] l_pix_L: 2.6654e-02 l_pix_H: 1.5669e-02 l_pix: 2.2260e-02 
2026-07-17 14:05:55,965 INFO: [Gauss..][epoch:  5, iter: 110,000, lr:(2.945e-04,)] [eta: 1 day, 7:58:30, time (data): 0.611 (0.002)] l_pix_L: 8.6424e-03 l_pix_H: 4.3926e-03 l_pix: 6.9425e-03 
2026-07-17 14:16:33,197 INFO: [Gauss..][epoch:  5, iter: 111,000, lr:(2.939e-04,)] [eta: 1 day, 7:53:36, time (data): 0.614 (0.002)] l_pix_L: 3.3397e-02 l_pix_H: 2.2105e-02 l_pix: 2.8880e-02 
2026-07-17 14:26:18,507 INFO: [Gauss..][epoch:  5, iter: 112,000, lr:(2.932e-04,)] [eta: 1 day, 7:40:00, time (data): 0.570 (0.002)] l_pix_L: 1.9527e-02 l_pix_H: 1.1883e-02 l_pix: 1.6469e-02 
2026-07-17 14:26:18,507 INFO: Saving models and training states.
2026-07-17 14:26:54,014 INFO: Validation ValSet,		 # psnr: 29.0969
2026-07-17 14:36:47,666 INFO: [Gauss..][epoch:  5, iter: 113,000, lr:(2.925e-04,)] [eta: 1 day, 7:33:17, time (data): 0.553 (0.002)] l_pix_L: 1.6158e-02 l_pix_H: 1.2582e-02 l_pix: 1.4728e-02 
2026-07-17 14:46:50,425 INFO: [Gauss..][epoch:  5, iter: 114,000, lr:(2.918e-04,)] [eta: 1 day, 7:22:29, time (data): 0.568 (0.002)] l_pix_L: 3.2310e-02 l_pix_H: 1.9094e-02 l_pix: 2.7024e-02 
2026-07-17 14:56:41,346 INFO: [Gauss..][epoch:  5, iter: 115,000, lr:(2.911e-04,)] [eta: 1 day, 7:10:11, time (data): 0.560 (0.002)] l_pix_L: 3.1059e-02 l_pix_H: 2.3899e-02 l_pix: 2.8195e-02 
2026-07-17 15:06:25,685 INFO: [Gauss..][epoch:  5, iter: 116,000, lr:(2.903e-04,)] [eta: 1 day, 6:57:14, time (data): 0.612 (0.002)] l_pix_L: 2.3183e-02 l_pix_H: 1.7667e-02 l_pix: 2.0977e-02 
2026-07-17 15:06:25,686 INFO: Saving models and training states.
2026-07-17 15:07:03,510 INFO: Validation ValSet,		 # psnr: 29.0750
2026-07-17 15:17:10,546 INFO: [Gauss..][epoch:  5, iter: 117,000, lr:(2.895e-04,)] [eta: 1 day, 6:51:55, time (data): 0.612 (0.002)] l_pix_L: 1.8783e-02 l_pix_H: 1.4187e-02 l_pix: 1.6945e-02 
2026-07-17 15:27:22,930 INFO: [Gauss..][epoch:  5, iter: 118,000, lr:(2.886e-04,)] [eta: 1 day, 6:42:25, time (data): 0.613 (0.002)] l_pix_L: 3.0963e-02 l_pix_H: 2.0695e-02 l_pix: 2.6856e-02 
2026-07-17 15:37:10,571 INFO: [Gauss..][epoch:  5, iter: 119,000, lr:(2.877e-04,)] [eta: 1 day, 6:30:05, time (data): 0.573 (0.002)] l_pix_L: 4.3701e-02 l_pix_H: 3.0421e-02 l_pix: 3.8389e-02 
2026-07-17 15:46:40,513 INFO: [Gauss..][epoch:  5, iter: 120,000, lr:(2.868e-04,)] [eta: 1 day, 6:16:02, time (data): 0.571 (0.002)] l_pix_L: 2.1812e-02 l_pix_H: 1.6213e-02 l_pix: 1.9572e-02 
2026-07-17 15:46:40,514 INFO: Saving models and training states.
2026-07-17 15:47:15,940 INFO: Validation ValSet,		 # psnr: 28.9222
2026-07-17 15:56:45,212 INFO: [Gauss..][epoch:  5, iter: 121,000, lr:(2.859e-04,)] [eta: 1 day, 6:05:53, time (data): 0.570 (0.001)] l_pix_L: 2.7461e-02 l_pix_H: 2.2013e-02 l_pix: 2.5282e-02 
2026-07-17 16:06:22,869 INFO: [Gauss..][epoch:  5, iter: 122,000, lr:(2.849e-04,)] [eta: 1 day, 5:53:03, time (data): 0.565 (0.002)] l_pix_L: 2.2949e-02 l_pix_H: 1.8587e-02 l_pix: 2.1204e-02 
2026-07-17 16:15:54,583 INFO: [Gauss..][epoch:  5, iter: 123,000, lr:(2.839e-04,)] [eta: 1 day, 5:39:52, time (data): 0.588 (0.000)] l_pix_L: 2.2887e-02 l_pix_H: 1.9876e-02 l_pix: 2.1683e-02 
2026-07-17 16:25:55,365 INFO: [Gauss..][epoch:  5, iter: 124,000, lr:(2.829e-04,)] [eta: 1 day, 5:29:35, time (data): 0.573 (0.002)] l_pix_L: 1.4063e-02 l_pix_H: 1.1621e-02 l_pix: 1.3086e-02 
2026-07-17 16:25:55,366 INFO: Saving models and training states.
2026-07-17 16:26:31,166 INFO: Validation ValSet,		 # psnr: 29.0869
2026-07-17 16:36:16,742 INFO: [Gauss..][epoch:  5, iter: 125,000, lr:(2.818e-04,)] [eta: 1 day, 5:21:07, time (data): 0.568 (0.002)] l_pix_L: 2.8192e-02 l_pix_H: 2.1489e-02 l_pix: 2.5511e-02 
2026-07-17 16:46:19,026 INFO: [Gauss..][epoch:  5, iter: 126,000, lr:(2.807e-04,)] [eta: 1 day, 5:10:56, time (data): 0.612 (0.002)] l_pix_L: 2.4297e-02 l_pix_H: 1.9632e-02 l_pix: 2.2431e-02 
2026-07-17 16:56:17,004 INFO: [Gauss..][epoch:  5, iter: 127,000, lr:(2.796e-04,)] [eta: 1 day, 5:00:23, time (data): 0.614 (0.002)] l_pix_L: 1.2836e-02 l_pix_H: 1.0165e-02 l_pix: 1.1768e-02 
2026-07-17 17:07:39,714 INFO: [Gauss..][epoch:  6, iter: 128,000, lr:(2.784e-04,)] [eta: 1 day, 4:56:38, time (data): 0.537 (0.002)] l_pix_L: 1.7481e-02 l_pix_H: 1.3140e-02 l_pix: 1.5745e-02 
2026-07-17 17:07:39,714 INFO: Saving models and training states.
2026-07-17 17:08:14,527 INFO: Validation ValSet,		 # psnr: 28.5976
2026-07-17 17:18:50,434 INFO: [Gauss..][epoch:  6, iter: 129,000, lr:(2.773e-04,)] [eta: 1 day, 4:51:32, time (data): 0.613 (0.002)] l_pix_L: 2.0349e-02 l_pix_H: 1.6021e-02 l_pix: 1.8618e-02 
2026-07-17 17:29:18,571 INFO: [Gauss..][epoch:  6, iter: 130,000, lr:(2.760e-04,)] [eta: 1 day, 4:42:56, time (data): 0.613 (0.002)] l_pix_L: 3.5192e-02 l_pix_H: 2.8942e-02 l_pix: 3.2692e-02 
2026-07-17 17:39:15,968 INFO: [Gauss..][epoch:  6, iter: 131,000, lr:(2.748e-04,)] [eta: 1 day, 4:32:02, time (data): 0.605 (0.002)] l_pix_L: 2.1264e-02 l_pix_H: 1.6957e-02 l_pix: 1.9541e-02 
2026-07-17 17:49:26,097 INFO: [Gauss..][epoch:  6, iter: 132,000, lr:(2.735e-04,)] [eta: 1 day, 4:22:04, time (data): 0.614 (0.002)] l_pix_L: 1.7093e-02 l_pix_H: 1.4917e-02 l_pix: 1.6223e-02 
2026-07-17 17:49:26,098 INFO: Saving models and training states.
2026-07-17 17:50:04,289 INFO: Validation ValSet,		 # psnr: 28.9403
2026-07-17 18:00:58,799 INFO: [Gauss..][epoch:  6, iter: 133,000, lr:(2.722e-04,)] [eta: 1 day, 4:17:41, time (data): 0.615 (0.002)] l_pix_L: 8.2357e-03 l_pix_H: 6.7588e-03 l_pix: 7.6450e-03 
2026-07-17 18:11:11,353 INFO: [Gauss..][epoch:  6, iter: 134,000, lr:(2.709e-04,)] [eta: 1 day, 4:07:41, time (data): 0.613 (0.002)] l_pix_L: 2.2499e-02 l_pix_H: 1.9158e-02 l_pix: 2.1163e-02 
2026-07-17 18:21:07,563 INFO: [Gauss..][epoch:  6, iter: 135,000, lr:(2.696e-04,)] [eta: 1 day, 3:56:38, time (data): 0.612 (0.002)] l_pix_L: 1.6778e-02 l_pix_H: 1.3444e-02 l_pix: 1.5445e-02 
2026-07-17 18:31:20,504 INFO: [Gauss..][epoch:  6, iter: 136,000, lr:(2.682e-04,)] [eta: 1 day, 3:46:41, time (data): 0.614 (0.002)] l_pix_L: 2.5502e-02 l_pix_H: 1.9228e-02 l_pix: 2.2993e-02 
2026-07-17 18:31:20,505 INFO: Saving models and training states.
2026-07-17 18:31:58,384 INFO: Validation ValSet,		 # psnr: 29.0900
2026-07-17 18:41:59,917 INFO: [Gauss..][epoch:  6, iter: 137,000, lr:(2.668e-04,)] [eta: 1 day, 3:38:18, time (data): 0.614 (0.002)] l_pix_L: 2.4831e-02 l_pix_H: 2.0821e-02 l_pix: 2.3227e-02 
2026-07-17 18:52:10,421 INFO: [Gauss..][epoch:  6, iter: 138,000, lr:(2.653e-04,)] [eta: 1 day, 3:28:08, time (data): 0.614 (0.002)] l_pix_L: 2.3865e-02 l_pix_H: 1.8603e-02 l_pix: 2.1760e-02 
2026-07-17 19:02:23,434 INFO: [Gauss..][epoch:  6, iter: 139,000, lr:(2.639e-04,)] [eta: 1 day, 3:18:07, time (data): 0.622 (0.002)] l_pix_L: 6.9930e-03 l_pix_H: 5.9782e-03 l_pix: 6.5871e-03 
2026-07-17 19:12:04,296 INFO: [Gauss..][epoch:  6, iter: 140,000, lr:(2.624e-04,)] [eta: 1 day, 3:06:18, time (data): 0.578 (0.002)] l_pix_L: 7.8002e-03 l_pix_H: 9.0521e-03 l_pix: 8.3009e-03 
2026-07-17 19:12:04,296 INFO: Saving models and training states.
2026-07-17 19:12:40,342 INFO: Validation ValSet,		 # psnr: 29.1316
2026-07-17 19:22:28,337 INFO: [Gauss..][epoch:  6, iter: 141,000, lr:(2.609e-04,)] [eta: 1 day, 2:56:54, time (data): 0.582 (0.002)] l_pix_L: 1.2138e-02 l_pix_H: 9.4858e-03 l_pix: 1.1077e-02 
2026-07-17 19:32:06,083 INFO: [Gauss..][epoch:  6, iter: 142,000, lr:(2.594e-04,)] [eta: 1 day, 2:45:01, time (data): 0.579 (0.002)] l_pix_L: 2.2978e-02 l_pix_H: 1.9579e-02 l_pix: 2.1619e-02 
2026-07-17 19:41:40,754 INFO: [Gauss..][epoch:  6, iter: 143,000, lr:(2.578e-04,)] [eta: 1 day, 2:33:04, time (data): 0.573 (0.002)] l_pix_L: 1.0130e-02 l_pix_H: 1.0734e-02 l_pix: 1.0372e-02 
2026-07-17 19:51:15,318 INFO: [Gauss..][epoch:  6, iter: 144,000, lr:(2.562e-04,)] [eta: 1 day, 2:21:13, time (data): 0.574 (0.002)] l_pix_L: 2.6612e-02 l_pix_H: 2.0378e-02 l_pix: 2.4119e-02 
2026-07-17 19:51:15,318 INFO: Saving models and training states.
2026-07-17 19:51:51,669 INFO: Validation ValSet,		 # psnr: 29.1077
2026-07-17 20:01:26,626 INFO: [Gauss..][epoch:  6, iter: 145,000, lr:(2.546e-04,)] [eta: 1 day, 2:11:14, time (data): 0.570 (0.002)] l_pix_L: 1.7446e-02 l_pix_H: 1.4059e-02 l_pix: 1.6091e-02 
2026-07-17 20:11:27,684 INFO: [Gauss..][epoch:  6, iter: 146,000, lr:(2.530e-04,)] [eta: 1 day, 2:00:45, time (data): 0.614 (0.002)] l_pix_L: 2.7311e-02 l_pix_H: 2.2134e-02 l_pix: 2.5240e-02 
2026-07-17 20:21:28,725 INFO: [Gauss..][epoch:  6, iter: 147,000, lr:(2.513e-04,)] [eta: 1 day, 1:50:17, time (data): 0.586 (0.002)] l_pix_L: 2.6134e-02 l_pix_H: 2.3055e-02 l_pix: 2.4902e-02 
2026-07-17 20:33:28,007 INFO: [Gauss..][epoch:  6, iter: 148,000, lr:(2.496e-04,)] [eta: 1 day, 1:45:12, time (data): 0.845 (0.002)] l_pix_L: 1.5528e-02 l_pix_H: 1.4912e-02 l_pix: 1.5282e-02 
2026-07-17 20:33:28,023 INFO: Saving models and training states.
2026-07-17 20:34:13,792 INFO: Validation ValSet,		 # psnr: 29.0162
2026-07-17 20:44:24,398 INFO: [Gauss..][epoch:  6, iter: 149,000, lr:(2.479e-04,)] [eta: 1 day, 1:37:05, time (data): 0.614 (0.002)] l_pix_L: 2.8094e-02 l_pix_H: 2.4574e-02 l_pix: 2.6686e-02 
2026-07-17 20:54:35,130 INFO: [Gauss..][epoch:  6, iter: 150,000, lr:(2.462e-04,)] [eta: 1 day, 1:26:54, time (data): 0.582 (0.002)] l_pix_L: 2.6805e-02 l_pix_H: 2.1478e-02 l_pix: 2.4674e-02 
2026-07-17 21:04:16,912 INFO: [Gauss..][epoch:  6, iter: 151,000, lr:(2.445e-04,)] [eta: 1 day, 1:15:30, time (data): 0.580 (0.002)] l_pix_L: 1.5315e-02 l_pix_H: 1.4401e-02 l_pix: 1.4950e-02 
2026-07-17 21:13:56,318 INFO: [Gauss..][epoch:  6, iter: 152,000, lr:(2.427e-04,)] [eta: 1 day, 1:04:03, time (data): 0.577 (0.002)] l_pix_L: 1.8716e-02 l_pix_H: 1.5471e-02 l_pix: 1.7418e-02 
2026-07-17 21:13:56,319 INFO: Saving models and training states.
2026-07-17 21:14:32,118 INFO: Validation ValSet,		 # psnr: 29.1713
2026-07-17 21:24:43,851 INFO: [Gauss..][epoch:  6, iter: 153,000, lr:(2.409e-04,)] [eta: 1 day, 0:55:25, time (data): 0.613 (0.002)] l_pix_L: 8.3889e-03 l_pix_H: 7.6583e-03 l_pix: 8.0967e-03 
2026-07-17 21:34:57,412 INFO: [Gauss..][epoch:  6, iter: 154,000, lr:(2.391e-04,)] [eta: 1 day, 0:45:22, time (data): 0.608 (0.002)] l_pix_L: 1.0853e-02 l_pix_H: 9.3494e-03 l_pix: 1.0252e-02 
2026-07-17 21:44:42,080 INFO: [Gauss..][epoch:  6, iter: 155,000, lr:(2.373e-04,)] [eta: 1 day, 0:34:12, time (data): 0.582 (0.002)] l_pix_L: 2.2850e-02 l_pix_H: 1.7899e-02 l_pix: 2.0869e-02 
2026-07-17 21:54:17,339 INFO: [Gauss..][epoch:  6, iter: 156,000, lr:(2.354e-04,)] [eta: 1 day, 0:22:44, time (data): 0.572 (0.002)] l_pix_L: 2.4236e-02 l_pix_H: 2.0752e-02 l_pix: 2.2843e-02 
2026-07-17 21:54:17,340 INFO: Saving models and training states.
2026-07-17 21:54:53,543 INFO: Validation ValSet,		 # psnr: 28.9642
2026-07-17 21:54:53,545 INFO: 
 Updating Patch_Size to 192 and Batch_Size to 4 

2026-07-17 22:08:20,014 INFO: [Gauss..][epoch:  6, iter: 157,000, lr:(2.336e-04,)] [eta: 1 day, 0:21:07, time (data): 0.821 (0.002)] l_pix_L: 9.2682e-03 l_pix_H: 8.1545e-03 l_pix: 8.8227e-03 
2026-07-17 22:21:33,983 INFO: [Gauss..][epoch:  6, iter: 158,000, lr:(2.317e-04,)] [eta: 1 day, 0:17:24, time (data): 0.740 (0.002)] l_pix_L: 1.2802e-02 l_pix_H: 1.1215e-02 l_pix: 1.2167e-02 
2026-07-17 22:34:44,193 INFO: [Gauss..][epoch:  6, iter: 159,000, lr:(2.298e-04,)] [eta: 1 day, 0:13:15, time (data): 0.777 (0.002)] l_pix_L: 2.1616e-02 l_pix_H: 1.6088e-02 l_pix: 1.9405e-02 
2026-07-17 22:48:12,386 INFO: [Gauss..][epoch:  6, iter: 160,000, lr:(2.278e-04,)] [eta: 1 day, 0:09:27, time (data): 0.788 (0.002)] l_pix_L: 3.3312e-02 l_pix_H: 2.6018e-02 l_pix: 3.0395e-02 
2026-07-17 22:48:12,386 INFO: Saving models and training states.
2026-07-17 22:48:50,468 INFO: Validation ValSet,		 # psnr: 29.1971
2026-07-17 23:02:04,540 INFO: [Gauss..][epoch:  6, iter: 161,000, lr:(2.259e-04,)] [eta: 1 day, 0:06:11, time (data): 0.820 (0.002)] l_pix_L: 2.3998e-02 l_pix_H: 2.0542e-02 l_pix: 2.2616e-02 
2026-07-17 23:15:15,004 INFO: [Gauss..][epoch:  6, iter: 162,000, lr:(2.239e-04,)] [eta: 1 day, 0:01:14, time (data): 0.780 (0.002)] l_pix_L: 1.5183e-02 l_pix_H: 1.1880e-02 l_pix: 1.3862e-02 
2026-07-17 23:28:31,887 INFO: [Gauss..][epoch:  6, iter: 163,000, lr:(2.220e-04,)] [eta: 23:56:16, time (data): 0.776 (0.002)] l_pix_L: 3.6940e-02 l_pix_H: 2.9846e-02 l_pix: 3.4102e-02 
2026-07-17 23:42:37,662 INFO: [Gauss..][epoch:  7, iter: 164,000, lr:(2.200e-04,)] [eta: 23:52:36, time (data): 0.821 (0.002)] l_pix_L: 2.0689e-02 l_pix_H: 1.7369e-02 l_pix: 1.9361e-02 
2026-07-17 23:42:37,662 INFO: Saving models and training states.
2026-07-17 23:43:15,259 INFO: Validation ValSet,		 # psnr: 29.1738
2026-07-17 23:56:38,742 INFO: [Gauss..][epoch:  7, iter: 165,000, lr:(2.180e-04,)] [eta: 23:48:31, time (data): 0.819 (0.002)] l_pix_L: 1.8972e-02 l_pix_H: 1.7070e-02 l_pix: 1.8211e-02 
2026-07-18 00:10:07,737 INFO: [Gauss..][epoch:  7, iter: 166,000, lr:(2.159e-04,)] [eta: 23:43:11, time (data): 0.773 (0.002)] l_pix_L: 1.1931e-02 l_pix_H: 1.0593e-02 l_pix: 1.1396e-02 
2026-07-18 00:23:24,819 INFO: [Gauss..][epoch:  7, iter: 167,000, lr:(2.139e-04,)] [eta: 23:37:17, time (data): 0.792 (0.002)] l_pix_L: 4.0219e-02 l_pix_H: 3.4320e-02 l_pix: 3.7859e-02 
2026-07-18 00:36:48,420 INFO: [Gauss..][epoch:  7, iter: 168,000, lr:(2.119e-04,)] [eta: 23:31:23, time (data): 0.784 (0.002)] l_pix_L: 1.0513e-02 l_pix_H: 9.5700e-03 l_pix: 1.0136e-02 
2026-07-18 00:36:48,421 INFO: Saving models and training states.
2026-07-18 00:37:25,959 INFO: Validation ValSet,		 # psnr: 29.1100
2026-07-18 00:50:53,895 INFO: [Gauss..][epoch:  7, iter: 169,000, lr:(2.098e-04,)] [eta: 23:26:29, time (data): 0.790 (0.002)] l_pix_L: 2.1821e-02 l_pix_H: 1.9228e-02 l_pix: 2.0784e-02 
2026-07-18 01:04:07,829 INFO: [Gauss..][epoch:  7, iter: 170,000, lr:(2.077e-04,)] [eta: 23:19:54, time (data): 0.819 (0.002)] l_pix_L: 1.3267e-02 l_pix_H: 1.1333e-02 l_pix: 1.2494e-02 
2026-07-18 01:17:48,633 INFO: [Gauss..][epoch:  7, iter: 171,000, lr:(2.056e-04,)] [eta: 23:13:53, time (data): 0.821 (0.002)] l_pix_L: 1.1670e-02 l_pix_H: 1.0163e-02 l_pix: 1.1068e-02 
2026-07-18 01:31:25,477 INFO: [Gauss..][epoch:  7, iter: 172,000, lr:(2.035e-04,)] [eta: 23:07:34, time (data): 0.790 (0.002)] l_pix_L: 1.6684e-02 l_pix_H: 1.4231e-02 l_pix: 1.5703e-02 
2026-07-18 01:31:25,478 INFO: Saving models and training states.
2026-07-18 01:32:05,085 INFO: Validation ValSet,		 # psnr: 29.2157
2026-07-18 01:45:20,225 INFO: [Gauss..][epoch:  7, iter: 173,000, lr:(2.014e-04,)] [eta: 23:01:33, time (data): 0.822 (0.002)] l_pix_L: 1.7187e-02 l_pix_H: 1.3945e-02 l_pix: 1.5890e-02 
2026-07-18 01:58:32,528 INFO: [Gauss..][epoch:  7, iter: 174,000, lr:(1.993e-04,)] [eta: 22:54:15, time (data): 0.775 (0.002)] l_pix_L: 1.7973e-02 l_pix_H: 1.5229e-02 l_pix: 1.6875e-02 
2026-07-18 02:11:25,573 INFO: [Gauss..][epoch:  7, iter: 175,000, lr:(1.971e-04,)] [eta: 22:46:19, time (data): 0.772 (0.002)] l_pix_L: 5.5541e-03 l_pix_H: 5.3481e-03 l_pix: 5.4717e-03 
2026-07-18 02:24:45,433 INFO: [Gauss..][epoch:  7, iter: 176,000, lr:(1.950e-04,)] [eta: 22:38:56, time (data): 0.792 (0.002)] l_pix_L: 2.3709e-02 l_pix_H: 2.0561e-02 l_pix: 2.2450e-02 
2026-07-18 02:24:45,434 INFO: Saving models and training states.
2026-07-18 02:25:22,561 INFO: Validation ValSet,		 # psnr: 29.1694
2026-07-18 02:38:55,593 INFO: [Gauss..][epoch:  7, iter: 177,000, lr:(1.928e-04,)] [eta: 22:32:37, time (data): 0.820 (0.002)] l_pix_L: 2.6357e-02 l_pix_H: 2.2052e-02 l_pix: 2.4635e-02 
2026-07-18 02:52:35,210 INFO: [Gauss..][epoch:  7, iter: 178,000, lr:(1.906e-04,)] [eta: 22:25:24, time (data): 0.821 (0.002)] l_pix_L: 2.2495e-02 l_pix_H: 1.7556e-02 l_pix: 2.0519e-02 
2026-07-18 03:06:15,317 INFO: [Gauss..][epoch:  7, iter: 179,000, lr:(1.885e-04,)] [eta: 22:18:02, time (data): 0.820 (0.002)] l_pix_L: 1.6097e-02 l_pix_H: 1.3613e-02 l_pix: 1.5103e-02 
2026-07-18 03:19:54,700 INFO: [Gauss..][epoch:  7, iter: 180,000, lr:(1.863e-04,)] [eta: 22:10:31, time (data): 0.817 (0.002)] l_pix_L: 1.3844e-02 l_pix_H: 1.1753e-02 l_pix: 1.3008e-02 
2026-07-18 03:19:54,701 INFO: Saving models and training states.
2026-07-18 03:20:32,237 INFO: Validation ValSet,		 # psnr: 29.1478
2026-07-18 03:34:10,693 INFO: [Gauss..][epoch:  7, iter: 181,000, lr:(1.841e-04,)] [eta: 22:03:41, time (data): 0.819 (0.002)] l_pix_L: 2.8169e-02 l_pix_H: 2.4437e-02 l_pix: 2.6676e-02 
2026-07-18 03:47:49,776 INFO: [Gauss..][epoch:  7, iter: 182,000, lr:(1.819e-04,)] [eta: 21:55:53, time (data): 0.818 (0.002)] l_pix_L: 1.8093e-02 l_pix_H: 1.4496e-02 l_pix: 1.6654e-02 
2026-07-18 04:01:29,386 INFO: [Gauss..][epoch:  7, iter: 183,000, lr:(1.797e-04,)] [eta: 21:47:57, time (data): 0.818 (0.002)] l_pix_L: 2.1299e-02 l_pix_H: 1.6907e-02 l_pix: 1.9542e-02 
2026-07-18 04:15:07,930 INFO: [Gauss..][epoch:  7, iter: 184,000, lr:(1.775e-04,)] [eta: 21:39:53, time (data): 0.819 (0.002)] l_pix_L: 1.4236e-02 l_pix_H: 1.3440e-02 l_pix: 1.3918e-02 
2026-07-18 04:15:07,930 INFO: Saving models and training states.
2026-07-18 04:15:45,764 INFO: Validation ValSet,		 # psnr: 29.2232
2026-07-18 04:28:46,447 INFO: [Gauss..][epoch:  7, iter: 185,000, lr:(1.752e-04,)] [eta: 21:31:41, time (data): 0.776 (0.002)] l_pix_L: 9.8696e-03 l_pix_H: 9.8133e-03 l_pix: 9.8471e-03 
2026-07-18 04:41:38,252 INFO: [Gauss..][epoch:  7, iter: 186,000, lr:(1.730e-04,)] [eta: 21:22:26, time (data): 0.774 (0.002)] l_pix_L: 1.6064e-02 l_pix_H: 1.4080e-02 l_pix: 1.5270e-02 
2026-07-18 04:55:16,409 INFO: [Gauss..][epoch:  7, iter: 187,000, lr:(1.708e-04,)] [eta: 21:14:01, time (data): 0.823 (0.002)] l_pix_L: 3.2677e-02 l_pix_H: 2.5856e-02 l_pix: 2.9949e-02 
2026-07-18 05:08:54,900 INFO: [Gauss..][epoch:  7, iter: 188,000, lr:(1.685e-04,)] [eta: 21:05:30, time (data): 0.821 (0.002)] l_pix_L: 6.5047e-03 l_pix_H: 7.8705e-03 l_pix: 7.0510e-03 
2026-07-18 05:08:54,900 INFO: Saving models and training states.
2026-07-18 05:09:32,857 INFO: Validation ValSet,		 # psnr: 29.2001
2026-07-18 05:22:49,572 INFO: [Gauss..][epoch:  7, iter: 189,000, lr:(1.663e-04,)] [eta: 20:57:12, time (data): 0.773 (0.002)] l_pix_L: 1.9029e-02 l_pix_H: 1.6090e-02 l_pix: 1.7854e-02 
2026-07-18 05:35:41,074 INFO: [Gauss..][epoch:  7, iter: 190,000, lr:(1.640e-04,)] [eta: 20:47:35, time (data): 0.774 (0.002)] l_pix_L: 3.2415e-02 l_pix_H: 2.6780e-02 l_pix: 3.0161e-02 
2026-07-18 05:49:07,276 INFO: [Gauss..][epoch:  7, iter: 191,000, lr:(1.618e-04,)] [eta: 20:38:33, time (data): 0.821 (0.002)] l_pix_L: 7.1523e-03 l_pix_H: 5.2637e-03 l_pix: 6.3969e-03 
2026-07-18 06:02:46,371 INFO: [Gauss..][epoch:  7, iter: 192,000, lr:(1.595e-04,)] [eta: 20:29:40, time (data): 0.824 (0.002)] l_pix_L: 3.3091e-02 l_pix_H: 2.4016e-02 l_pix: 2.9461e-02 
2026-07-18 06:02:46,372 INFO: Saving models and training states.
2026-07-18 06:03:24,042 INFO: Validation ValSet,		 # psnr: 29.1495
2026-07-18 06:17:03,155 INFO: [Gauss..][epoch:  7, iter: 193,000, lr:(1.573e-04,)] [eta: 20:21:20, time (data): 0.816 (0.002)] l_pix_L: 2.8687e-02 l_pix_H: 2.4883e-02 l_pix: 2.7165e-02 
2026-07-18 06:30:42,221 INFO: [Gauss..][epoch:  7, iter: 194,000, lr:(1.550e-04,)] [eta: 20:12:15, time (data): 0.820 (0.002)] l_pix_L: 9.1400e-03 l_pix_H: 8.0892e-03 l_pix: 8.7197e-03 
2026-07-18 06:44:20,739 INFO: [Gauss..][epoch:  7, iter: 195,000, lr:(1.528e-04,)] [eta: 20:03:04, time (data): 0.818 (0.002)] l_pix_L: 2.7167e-02 l_pix_H: 2.1605e-02 l_pix: 2.4942e-02 
2026-07-18 06:57:45,685 INFO: [Gauss..][epoch:  7, iter: 196,000, lr:(1.505e-04,)] [eta: 19:53:34, time (data): 0.779 (0.002)] l_pix_L: 1.7332e-02 l_pix_H: 1.5199e-02 l_pix: 1.6479e-02 
2026-07-18 06:57:45,686 INFO: Saving models and training states.
2026-07-18 06:58:21,404 INFO: Validation ValSet,		 # psnr: 29.1403
2026-07-18 07:11:46,924 INFO: [Gauss..][epoch:  7, iter: 197,000, lr:(1.482e-04,)] [eta: 19:44:35, time (data): 0.822 (0.002)] l_pix_L: 1.1556e-02 l_pix_H: 9.5337e-03 l_pix: 1.0747e-02 
2026-07-18 07:25:26,522 INFO: [Gauss..][epoch:  7, iter: 198,000, lr:(1.460e-04,)] [eta: 19:35:09, time (data): 0.818 (0.002)] l_pix_L: 1.1759e-02 l_pix_H: 1.0214e-02 l_pix: 1.1141e-02 
2026-07-18 07:38:39,062 INFO: [Gauss..][epoch:  7, iter: 199,000, lr:(1.437e-04,)] [eta: 19:25:14, time (data): 0.760 (0.002)] l_pix_L: 1.5213e-02 l_pix_H: 1.1234e-02 l_pix: 1.3621e-02 
2026-07-18 07:52:37,935 INFO: [Gauss..][epoch:  8, iter: 200,000, lr:(1.415e-04,)] [eta: 19:15:57, time (data): 0.773 (0.002)] l_pix_L: 2.4576e-02 l_pix_H: 2.1854e-02 l_pix: 2.3487e-02 
2026-07-18 07:52:37,936 INFO: Saving models and training states.
2026-07-18 07:53:13,645 INFO: Validation ValSet,		 # psnr: 29.2187
2026-07-18 08:06:06,039 INFO: [Gauss..][epoch:  8, iter: 201,000, lr:(1.392e-04,)] [eta: 19:06:08, time (data): 0.779 (0.002)] l_pix_L: 1.8392e-02 l_pix_H: 1.5760e-02 l_pix: 1.7339e-02 
2026-07-18 08:19:10,260 INFO: [Gauss..][epoch:  8, iter: 202,000, lr:(1.370e-04,)] [eta: 18:55:53, time (data): 0.819 (0.002)] l_pix_L: 2.8876e-02 l_pix_H: 2.3041e-02 l_pix: 2.6542e-02 
2026-07-18 08:32:47,391 INFO: [Gauss..][epoch:  8, iter: 203,000, lr:(1.347e-04,)] [eta: 18:46:04, time (data): 0.812 (0.002)] l_pix_L: 1.3158e-02 l_pix_H: 1.1006e-02 l_pix: 1.2297e-02 
2026-07-18 08:46:03,806 INFO: [Gauss..][epoch:  8, iter: 204,000, lr:(1.325e-04,)] [eta: 18:35:53, time (data): 0.778 (0.002)] l_pix_L: 2.5476e-02 l_pix_H: 2.2513e-02 l_pix: 2.4291e-02 
2026-07-18 08:46:03,807 INFO: Saving models and training states.
2026-07-18 08:46:39,558 INFO: Validation ValSet,		 # psnr: 29.2152
2026-07-18 08:46:39,560 INFO: 
 Updating Patch_Size to 256 and Batch_Size to 2 

