2026-07-16 15:18:35,874 INFO: 
                ____                _       _____  ____
               / __ ) ____ _ _____ (_)_____/ ___/ / __ \
              / __  |/ __ `// ___// // ___/\__ \ / /_/ /
             / /_/ // /_/ /(__  )/ // /__ ___/ // _, _/
            /_____/ \__,_//____//_/ \___//____//_/ |_|
     ______                   __   __                 __      __
    / ____/____   ____   ____/ /  / /   __  __ _____ / /__   / /
   / / __ / __ \ / __ \ / __  /  / /   / / / // ___// //_/  / /
  / /_/ // /_/ // /_/ // /_/ /  / /___/ /_/ // /__ / /<    /_/
  \____/ \____/ \____/ \____/  /_____/\____/ \___//_/|_|  (_)
    
Version Information: 
	BasicSR: 1.2.0+b06bb6b
	PyTorch: 2.5.1+cu121
	TorchVision: 0.20.1+cu121
2026-07-16 15:18:35,875 INFO: 
  name: GaussianGrayDenoising_Restormer
  model_type: ImageCleanModel
  scale: 1
  num_gpu: 1
  manual_seed: 100
  datasets:[
    train:[
      name: TrainSet
      type: Dataset_GaussianDenoising
      sigma_type: random
      sigma_range: [0, 50]
      in_ch: 1
      dataroot_gt: ./Denoising/Datasets/train/DFWB
      dataroot_lq: none
      geometric_augs: True
      filename_tmpl: {}
      io_backend:[
        type: disk
      ]
      use_shuffle: True
      num_worker_per_gpu: 8
      batch_size_per_gpu: 4
      mini_batch_sizes: [8, 5, 4, 2, 1, 1]
      iters: [92000, 64000, 48000, 36000, 36000, 24000]
      gt_size: 384
      gt_sizes: [128, 160, 192, 256, 320, 384]
      dataset_enlarge_ratio: 1
      prefetch_mode: None
      phase: train
      scale: 1
    ]
    val:[
      name: ValSet
      type: Dataset_GaussianDenoising
      sigma_test: 25
      in_ch: 1
      dataroot_gt: ./Denoising/Datasets/test/BSD68
      dataroot_lq: none
      io_backend:[
        type: disk
      ]
      phase: val
      scale: 1
    ]
  ]
  network_g:[
    type: Restormer
    inp_channels: 1
    out_channels: 1
    dim: 48
    num_blocks: [4, 6, 6, 8]
    num_refinement_blocks: 4
    heads: [1, 2, 4, 8]
    ffn_expansion_factor: 2.66
    bias: False
    LayerNorm_type: BiasFree
    dual_pixel_task: False
    multiscale: True
  ]
  path:[
    pretrain_network_g: None
    strict_load_g: True
    resume_state: None
    root: /home/aims-dtu/Restormer-
    experiments_root: /home/aims-dtu/Restormer-/experiments/GaussianGrayDenoising_Restormer
    models: /home/aims-dtu/Restormer-/experiments/GaussianGrayDenoising_Restormer/models
    training_states: /home/aims-dtu/Restormer-/experiments/GaussianGrayDenoising_Restormer/training_states
    log: /home/aims-dtu/Restormer-/experiments/GaussianGrayDenoising_Restormer
    visualization: /home/aims-dtu/Restormer-/experiments/GaussianGrayDenoising_Restormer/visualization
  ]
  train:[
    total_iter: 300000
    warmup_iter: -1
    use_grad_clip: True
    scheduler:[
      type: CosineAnnealingRestartCyclicLR
      periods: [92000, 208000]
      restart_weights: [1, 1]
      eta_mins: [0.0003, 1e-06]
    ]
    mixing_augs:[
      mixup: True
      mixup_beta: 1.2
      use_identity: True
    ]
    optim_g:[
      type: AdamW
      lr: 0.0003
      weight_decay: 0.0001
      betas: [0.9, 0.999]
    ]
    pixel_opt:[
      type: MultiscaleLoss
      loss_weight: 1
    ]
  ]
  val:[
    window_size: 8
    val_freq: 4000.0
    save_img: False
    rgb2bgr: True
    use_image: False
    max_minibatch: 8
    metrics:[
      psnr:[
        type: calculate_psnr
        crop_border: 0
        test_y_channel: False
      ]
    ]
  ]
  logger:[
    print_freq: 1000
    save_checkpoint_freq: 4000.0
    use_tb_logger: True
    wandb:[
      project: None
      resume_id: None
    ]
  ]
  dist_params:[
    backend: nccl
    port: 29500
  ]
  is_train: True
  dist: True
  rank: 0
  world_size: 1

2026-07-16 15:18:36,026 INFO: Dataset Dataset_GaussianDenoising - TrainSet is created.
2026-07-16 15:18:36,027 INFO: Training statistics:
	Number of train images: 71580
	Dataset enlarge ratio: 1
	Batch size per gpu: 4
	World size (gpu number): 1
	Require iter number per epoch: 17895
	Total epochs: 17; iters: 300000.
2026-07-16 15:18:36,027 INFO: Dataset Dataset_GaussianDenoising - ValSet is created.
2026-07-16 15:18:36,027 INFO: Number of val images/folders in ValSet: 68
2026-07-16 15:18:36,820 INFO: Network: DistributedDataParallel - Restormer, with parameters: 26,284,551
2026-07-16 15:18:36,820 INFO: Restormer(
  (patch_embed): OverlapPatchEmbed(
    (proj): Conv2d(1, 48, kernel_size=(3, 3), stride=(1, 1), padding=(1, 1), bias=False)
  )
  (eca_skip3): ECA(
    (avg_pool): AdaptiveAvgPool2d(output_size=1)
    (conv): Conv1d(1, 1, kernel_size=(5,), stride=(1,), padding=(2,), bias=False)
    (sigmoid): Sigmoid()
  )
  (eca_skip2): ECA(
    (avg_pool): AdaptiveAvgPool2d(output_size=1)
    (conv): Conv1d(1, 1, kernel_size=(3,), stride=(1,), padding=(1,), bias=False)
    (sigmoid): Sigmoid()
  )
  (eca_skip1): ECA(
    (avg_pool): AdaptiveAvgPool2d(output_size=1)
    (conv): Conv1d(1, 1, kernel_size=(3,), stride=(1,), padding=(1,), bias=False)
    (sigmoid): Sigmoid()
  )
  (encoder_level1): Sequential(
    (0): TransformerBlock(
      (norm1): LayerNorm(
        (body): BiasFree_LayerNorm()
      )
      (attn): Attention(
        (qkv): Conv2d(48, 144, kernel_size=(1, 1), stride=(1, 1), bias=False)
        (qkv_dwconv): Conv2d(144, 144, kernel_size=(3, 3), stride=(1, 1), padding=(1, 1), groups=144, bias=False)
        (project_out): Conv2d(48, 48, kernel_size=(1, 1), stride=(1, 1), bias=False)
      )
      (norm2): LayerNorm(
        (body): BiasFree_LayerNorm()
      )
      (ffn): FeedForward(
        (project_in): Conv2d(48, 254, kernel_size=(1, 1), stride=(1, 1), bias=False)
        (dwconv): Conv2d(254, 254, kernel_size=(3, 3), stride=(1, 1), padding=(1, 1), groups=254, bias=False)
        (project_out): Conv2d(127, 48, kernel_size=(1, 1), stride=(1, 1), bias=False)
      )
    )
    (1): TransformerBlock(
      (norm1): LayerNorm(
        (body): BiasFree_LayerNorm()
      )
      (attn): Attention(
        (qkv): Conv2d(48, 144, kernel_size=(1, 1), stride=(1, 1), bias=False)
        (qkv_dwconv): Conv2d(144, 144, kernel_size=(3, 3), stride=(1, 1), padding=(1, 1), groups=144, bias=False)
        (project_out): Conv2d(48, 48, kernel_size=(1, 1), stride=(1, 1), bias=False)
      )
      (norm2): LayerNorm(
        (body): BiasFree_LayerNorm()
      )
      (ffn): FeedForward(
        (project_in): Conv2d(48, 254, kernel_size=(1, 1), stride=(1, 1), bias=False)
        (dwconv): Conv2d(254, 254, kernel_size=(3, 3), stride=(1, 1), padding=(1, 1), groups=254, bias=False)
        (project_out): Conv2d(127, 48, kernel_size=(1, 1), stride=(1, 1), bias=False)
      )
    )
    (2): TransformerBlock(
      (norm1): LayerNorm(
        (body): BiasFree_LayerNorm()
      )
      (attn): Attention(
        (qkv): Conv2d(48, 144, kernel_size=(1, 1), stride=(1, 1), bias=False)
        (qkv_dwconv): Conv2d(144, 144, kernel_size=(3, 3), stride=(1, 1), padding=(1, 1), groups=144, bias=False)
        (project_out): Conv2d(48, 48, kernel_size=(1, 1), stride=(1, 1), bias=False)
      )
      (norm2): LayerNorm(
        (body): BiasFree_LayerNorm()
      )
      (ffn): FeedForward(
        (project_in): Conv2d(48, 254, kernel_size=(1, 1), stride=(1, 1), bias=False)
        (dwconv): Conv2d(254, 254, kernel_size=(3, 3), stride=(1, 1), padding=(1, 1), groups=254, bias=False)
        (project_out): Conv2d(127, 48, kernel_size=(1, 1), stride=(1, 1), bias=False)
      )
    )
    (3): TransformerBlock(
      (norm1): LayerNorm(
        (body): BiasFree_LayerNorm()
      )
      (attn): Attention(
        (qkv): Conv2d(48, 144, kernel_size=(1, 1), stride=(1, 1), bias=False)
        (qkv_dwconv): Conv2d(144, 144, kernel_size=(3, 3), stride=(1, 1), padding=(1, 1), groups=144, bias=False)
        (project_out): Conv2d(48, 48, kernel_size=(1, 1), stride=(1, 1), bias=False)
      )
      (norm2): LayerNorm(
        (body): BiasFree_LayerNorm()
      )
      (ffn): FeedForward(
        (project_in): Conv2d(48, 254, kernel_size=(1, 1), stride=(1, 1), bias=False)
        (dwconv): Conv2d(254, 254, kernel_size=(3, 3), stride=(1, 1), padding=(1, 1), groups=254, bias=False)
        (project_out): Conv2d(127, 48, kernel_size=(1, 1), stride=(1, 1), bias=False)
      )
    )
  )
  (down1_2): Downsample(
    (body): Sequential(
      (0): Conv2d(48, 24, kernel_size=(3, 3), stride=(1, 1), padding=(1, 1), bias=False)
      (1): PixelUnshuffle(downscale_factor=2)
    )
  )
  (encoder_level2): Sequential(
    (0): TransformerBlock(
      (norm1): LayerNorm(
        (body): BiasFree_LayerNorm()
      )
      (attn): Attention(
        (qkv): Conv2d(96, 288, kernel_size=(1, 1), stride=(1, 1), bias=False)
        (qkv_dwconv): Conv2d(288, 288, kernel_size=(3, 3), stride=(1, 1), padding=(1, 1), groups=288, bias=False)
        (project_out): Conv2d(96, 96, kernel_size=(1, 1), stride=(1, 1), bias=False)
      )
      (norm2): LayerNorm(
        (body): BiasFree_LayerNorm()
      )
      (ffn): FeedForward(
        (project_in): Conv2d(96, 510, kernel_size=(1, 1), stride=(1, 1), bias=False)
        (dwconv): Conv2d(510, 510, kernel_size=(3, 3), stride=(1, 1), padding=(1, 1), groups=510, bias=False)
        (project_out): Conv2d(255, 96, kernel_size=(1, 1), stride=(1, 1), bias=False)
      )
    )
    (1): TransformerBlock(
      (norm1): LayerNorm(
        (body): BiasFree_LayerNorm()
      )
      (attn): Attention(
        (qkv): Conv2d(96, 288, kernel_size=(1, 1), stride=(1, 1), bias=False)
        (qkv_dwconv): Conv2d(288, 288, kernel_size=(3, 3), stride=(1, 1), padding=(1, 1), groups=288, bias=False)
        (project_out): Conv2d(96, 96, kernel_size=(1, 1), stride=(1, 1), bias=False)
      )
      (norm2): LayerNorm(
        (body): BiasFree_LayerNorm()
      )
      (ffn): FeedForward(
        (project_in): Conv2d(96, 510, kernel_size=(1, 1), stride=(1, 1), bias=False)
        (dwconv): Conv2d(510, 510, kernel_size=(3, 3), stride=(1, 1), padding=(1, 1), groups=510, bias=False)
        (project_out): Conv2d(255, 96, kernel_size=(1, 1), stride=(1, 1), bias=False)
      )
    )
    (2): TransformerBlock(
      (norm1): LayerNorm(
        (body): BiasFree_LayerNorm()
      )
      (attn): Attention(
        (qkv): Conv2d(96, 288, kernel_size=(1, 1), stride=(1, 1), bias=False)
        (qkv_dwconv): Conv2d(288, 288, kernel_size=(3, 3), stride=(1, 1), padding=(1, 1), groups=288, bias=False)
        (project_out): Conv2d(96, 96, kernel_size=(1, 1), stride=(1, 1), bias=False)
      )
      (norm2): LayerNorm(
        (body): BiasFree_LayerNorm()
      )
      (ffn): FeedForward(
        (project_in): Conv2d(96, 510, kernel_size=(1, 1), stride=(1, 1), bias=False)
        (dwconv): Conv2d(510, 510, kernel_size=(3, 3), stride=(1, 1), padding=(1, 1), groups=510, bias=False)
        (project_out): Conv2d(255, 96, kernel_size=(1, 1), stride=(1, 1), bias=False)
      )
    )
    (3): TransformerBlock(
      (norm1): LayerNorm(
        (body): BiasFree_LayerNorm()
      )
      (attn): Attention(
        (qkv): Conv2d(96, 288, kernel_size=(1, 1), stride=(1, 1), bias=False)
        (qkv_dwconv): Conv2d(288, 288, kernel_size=(3, 3), stride=(1, 1), padding=(1, 1), groups=288, bias=False)
        (project_out): Conv2d(96, 96, kernel_size=(1, 1), stride=(1, 1), bias=False)
      )
      (norm2): LayerNorm(
        (body): BiasFree_LayerNorm()
      )
      (ffn): FeedForward(
        (project_in): Conv2d(96, 510, kernel_size=(1, 1), stride=(1, 1), bias=False)
        (dwconv): Conv2d(510, 510, kernel_size=(3, 3), stride=(1, 1), padding=(1, 1), groups=510, bias=False)
        (project_out): Conv2d(255, 96, kernel_size=(1, 1), stride=(1, 1), bias=False)
      )
    )
    (4): TransformerBlock(
      (norm1): LayerNorm(
        (body): BiasFree_LayerNorm()
      )
      (attn): Attention(
        (qkv): Conv2d(96, 288, kernel_size=(1, 1), stride=(1, 1), bias=False)
        (qkv_dwconv): Conv2d(288, 288, kernel_size=(3, 3), stride=(1, 1), padding=(1, 1), groups=288, bias=False)
        (project_out): Conv2d(96, 96, kernel_size=(1, 1), stride=(1, 1), bias=False)
      )
      (norm2): LayerNorm(
        (body): BiasFree_LayerNorm()
      )
      (ffn): FeedForward(
        (project_in): Conv2d(96, 510, kernel_size=(1, 1), stride=(1, 1), bias=False)
        (dwconv): Conv2d(510, 510, kernel_size=(3, 3), stride=(1, 1), padding=(1, 1), groups=510, bias=False)
        (project_out): Conv2d(255, 96, kernel_size=(1, 1), stride=(1, 1), bias=False)
      )
    )
    (5): TransformerBlock(
      (norm1): LayerNorm(
        (body): BiasFree_LayerNorm()
      )
      (attn): Attention(
        (qkv): Conv2d(96, 288, kernel_size=(1, 1), stride=(1, 1), bias=False)
        (qkv_dwconv): Conv2d(288, 288, kernel_size=(3, 3), stride=(1, 1), padding=(1, 1), groups=288, bias=False)
        (project_out): Conv2d(96, 96, kernel_size=(1, 1), stride=(1, 1), bias=False)
      )
      (norm2): LayerNorm(
        (body): BiasFree_LayerNorm()
      )
      (ffn): FeedForward(
        (project_in): Conv2d(96, 510, kernel_size=(1, 1), stride=(1, 1), bias=False)
        (dwconv): Conv2d(510, 510, kernel_size=(3, 3), stride=(1, 1), padding=(1, 1), groups=510, bias=False)
        (project_out): Conv2d(255, 96, kernel_size=(1, 1), stride=(1, 1), bias=False)
      )
    )
  )
  (down2_3): Downsample(
    (body): Sequential(
      (0): Conv2d(96, 48, kernel_size=(3, 3), stride=(1, 1), padding=(1, 1), bias=False)
      (1): PixelUnshuffle(downscale_factor=2)
    )
  )
  (encoder_level3): Sequential(
    (0): TransformerBlock(
      (norm1): LayerNorm(
        (body): BiasFree_LayerNorm()
      )
      (attn): Attention(
        (qkv): Conv2d(192, 576, kernel_size=(1, 1), stride=(1, 1), bias=False)
        (qkv_dwconv): Conv2d(576, 576, kernel_size=(3, 3), stride=(1, 1), padding=(1, 1), groups=576, bias=False)
        (project_out): Conv2d(192, 192, kernel_size=(1, 1), stride=(1, 1), bias=False)
      )
      (norm2): LayerNorm(
        (body): BiasFree_LayerNorm()
      )
      (ffn): FeedForward(
        (project_in): Conv2d(192, 1020, kernel_size=(1, 1), stride=(1, 1), bias=False)
        (dwconv): Conv2d(1020, 1020, kernel_size=(3, 3), stride=(1, 1), padding=(1, 1), groups=1020, bias=False)
        (project_out): Conv2d(510, 192, kernel_size=(1, 1), stride=(1, 1), bias=False)
      )
    )
    (1): TransformerBlock(
      (norm1): LayerNorm(
        (body): BiasFree_LayerNorm()
      )
      (attn): Attention(
        (qkv): Conv2d(192, 576, kernel_size=(1, 1), stride=(1, 1), bias=False)
        (qkv_dwconv): Conv2d(576, 576, kernel_size=(3, 3), stride=(1, 1), padding=(1, 1), groups=576, bias=False)
        (project_out): Conv2d(192, 192, kernel_size=(1, 1), stride=(1, 1), bias=False)
      )
      (norm2): LayerNorm(
        (body): BiasFree_LayerNorm()
      )
      (ffn): FeedForward(
        (project_in): Conv2d(192, 1020, kernel_size=(1, 1), stride=(1, 1), bias=False)
        (dwconv): Conv2d(1020, 1020, kernel_size=(3, 3), stride=(1, 1), padding=(1, 1), groups=1020, bias=False)
        (project_out): Conv2d(510, 192, kernel_size=(1, 1), stride=(1, 1), bias=False)
      )
    )
    (2): TransformerBlock(
      (norm1): LayerNorm(
        (body): BiasFree_LayerNorm()
      )
      (attn): Attention(
        (qkv): Conv2d(192, 576, kernel_size=(1, 1), stride=(1, 1), bias=False)
        (qkv_dwconv): Conv2d(576, 576, kernel_size=(3, 3), stride=(1, 1), padding=(1, 1), groups=576, bias=False)
        (project_out): Conv2d(192, 192, kernel_size=(1, 1), stride=(1, 1), bias=False)
      )
      (norm2): LayerNorm(
        (body): BiasFree_LayerNorm()
      )
      (ffn): FeedForward(
        (project_in): Conv2d(192, 1020, kernel_size=(1, 1), stride=(1, 1), bias=False)
        (dwconv): Conv2d(1020, 1020, kernel_size=(3, 3), stride=(1, 1), padding=(1, 1), groups=1020, bias=False)
        (project_out): Conv2d(510, 192, kernel_size=(1, 1), stride=(1, 1), bias=False)
      )
    )
    (3): TransformerBlock(
      (norm1): LayerNorm(
        (body): BiasFree_LayerNorm()
      )
      (attn): Attention(
        (qkv): Conv2d(192, 576, kernel_size=(1, 1), stride=(1, 1), bias=False)
        (qkv_dwconv): Conv2d(576, 576, kernel_size=(3, 3), stride=(1, 1), padding=(1, 1), groups=576, bias=False)
        (project_out): Conv2d(192, 192, kernel_size=(1, 1), stride=(1, 1), bias=False)
      )
      (norm2): LayerNorm(
        (body): BiasFree_LayerNorm()
      )
      (ffn): FeedForward(
        (project_in): Conv2d(192, 1020, kernel_size=(1, 1), stride=(1, 1), bias=False)
        (dwconv): Conv2d(1020, 1020, kernel_size=(3, 3), stride=(1, 1), padding=(1, 1), groups=1020, bias=False)
        (project_out): Conv2d(510, 192, kernel_size=(1, 1), stride=(1, 1), bias=False)
      )
    )
    (4): TransformerBlock(
      (norm1): LayerNorm(
        (body): BiasFree_LayerNorm()
      )
      (attn): Attention(
        (qkv): Conv2d(192, 576, kernel_size=(1, 1), stride=(1, 1), bias=False)
        (qkv_dwconv): Conv2d(576, 576, kernel_size=(3, 3), stride=(1, 1), padding=(1, 1), groups=576, bias=False)
        (project_out): Conv2d(192, 192, kernel_size=(1, 1), stride=(1, 1), bias=False)
      )
      (norm2): LayerNorm(
        (body): BiasFree_LayerNorm()
      )
      (ffn): FeedForward(
        (project_in): Conv2d(192, 1020, kernel_size=(1, 1), stride=(1, 1), bias=False)
        (dwconv): Conv2d(1020, 1020, kernel_size=(3, 3), stride=(1, 1), padding=(1, 1), groups=1020, bias=False)
        (project_out): Conv2d(510, 192, kernel_size=(1, 1), stride=(1, 1), bias=False)
      )
    )
    (5): TransformerBlock(
      (norm1): LayerNorm(
        (body): BiasFree_LayerNorm()
      )
      (attn): Attention(
        (qkv): Conv2d(192, 576, kernel_size=(1, 1), stride=(1, 1), bias=False)
        (qkv_dwconv): Conv2d(576, 576, kernel_size=(3, 3), stride=(1, 1), padding=(1, 1), groups=576, bias=False)
        (project_out): Conv2d(192, 192, kernel_size=(1, 1), stride=(1, 1), bias=False)
      )
      (norm2): LayerNorm(
        (body): BiasFree_LayerNorm()
      )
      (ffn): FeedForward(
        (project_in): Conv2d(192, 1020, kernel_size=(1, 1), stride=(1, 1), bias=False)
        (dwconv): Conv2d(1020, 1020, kernel_size=(3, 3), stride=(1, 1), padding=(1, 1), groups=1020, bias=False)
        (project_out): Conv2d(510, 192, kernel_size=(1, 1), stride=(1, 1), bias=False)
      )
    )
  )
  (down3_4): Downsample(
    (body): Sequential(
      (0): Conv2d(192, 96, kernel_size=(3, 3), stride=(1, 1), padding=(1, 1), bias=False)
      (1): PixelUnshuffle(downscale_factor=2)
    )
  )
  (latent): Sequential(
    (0): TransformerBlock(
      (norm1): LayerNorm(
        (body): BiasFree_LayerNorm()
      )
      (attn): Attention(
        (qkv): Conv2d(384, 1152, kernel_size=(1, 1), stride=(1, 1), bias=False)
        (qkv_dwconv): Conv2d(1152, 1152, kernel_size=(3, 3), stride=(1, 1), padding=(1, 1), groups=1152, bias=False)
        (project_out): Conv2d(384, 384, kernel_size=(1, 1), stride=(1, 1), bias=False)
      )
      (norm2): LayerNorm(
        (body): BiasFree_LayerNorm()
      )
      (ffn): FeedForward(
        (project_in): Conv2d(384, 2042, kernel_size=(1, 1), stride=(1, 1), bias=False)
        (dwconv): Conv2d(2042, 2042, kernel_size=(3, 3), stride=(1, 1), padding=(1, 1), groups=2042, bias=False)
        (project_out): Conv2d(1021, 384, kernel_size=(1, 1), stride=(1, 1), bias=False)
      )
    )
    (1): TransformerBlock(
      (norm1): LayerNorm(
        (body): BiasFree_LayerNorm()
      )
      (attn): Attention(
        (qkv): Conv2d(384, 1152, kernel_size=(1, 1), stride=(1, 1), bias=False)
        (qkv_dwconv): Conv2d(1152, 1152, kernel_size=(3, 3), stride=(1, 1), padding=(1, 1), groups=1152, bias=False)
        (project_out): Conv2d(384, 384, kernel_size=(1, 1), stride=(1, 1), bias=False)
      )
      (norm2): LayerNorm(
        (body): BiasFree_LayerNorm()
      )
      (ffn): FeedForward(
        (project_in): Conv2d(384, 2042, kernel_size=(1, 1), stride=(1, 1), bias=False)
        (dwconv): Conv2d(2042, 2042, kernel_size=(3, 3), stride=(1, 1), padding=(1, 1), groups=2042, bias=False)
        (project_out): Conv2d(1021, 384, kernel_size=(1, 1), stride=(1, 1), bias=False)
      )
    )
    (2): TransformerBlock(
      (norm1): LayerNorm(
        (body): BiasFree_LayerNorm()
      )
      (attn): Attention(
        (qkv): Conv2d(384, 1152, kernel_size=(1, 1), stride=(1, 1), bias=False)
        (qkv_dwconv): Conv2d(1152, 1152, kernel_size=(3, 3), stride=(1, 1), padding=(1, 1), groups=1152, bias=False)
        (project_out): Conv2d(384, 384, kernel_size=(1, 1), stride=(1, 1), bias=False)
      )
      (norm2): LayerNorm(
        (body): BiasFree_LayerNorm()
      )
      (ffn): FeedForward(
        (project_in): Conv2d(384, 2042, kernel_size=(1, 1), stride=(1, 1), bias=False)
        (dwconv): Conv2d(2042, 2042, kernel_size=(3, 3), stride=(1, 1), padding=(1, 1), groups=2042, bias=False)
        (project_out): Conv2d(1021, 384, kernel_size=(1, 1), stride=(1, 1), bias=False)
      )
    )
    (3): TransformerBlock(
      (norm1): LayerNorm(
        (body): BiasFree_LayerNorm()
      )
      (attn): Attention(
        (qkv): Conv2d(384, 1152, kernel_size=(1, 1), stride=(1, 1), bias=False)
        (qkv_dwconv): Conv2d(1152, 1152, kernel_size=(3, 3), stride=(1, 1), padding=(1, 1), groups=1152, bias=False)
        (project_out): Conv2d(384, 384, kernel_size=(1, 1), stride=(1, 1), bias=False)
      )
      (norm2): LayerNorm(
        (body): BiasFree_LayerNorm()
      )
      (ffn): FeedForward(
        (project_in): Conv2d(384, 2042, kernel_size=(1, 1), stride=(1, 1), bias=False)
        (dwconv): Conv2d(2042, 2042, kernel_size=(3, 3), stride=(1, 1), padding=(1, 1), groups=2042, bias=False)
        (project_out): Conv2d(1021, 384, kernel_size=(1, 1), stride=(1, 1), bias=False)
      )
    )
    (4): TransformerBlock(
      (norm1): LayerNorm(
        (body): BiasFree_LayerNorm()
      )
      (attn): Attention(
        (qkv): Conv2d(384, 1152, kernel_size=(1, 1), stride=(1, 1), bias=False)
        (qkv_dwconv): Conv2d(1152, 1152, kernel_size=(3, 3), stride=(1, 1), padding=(1, 1), groups=1152, bias=False)
        (project_out): Conv2d(384, 384, kernel_size=(1, 1), stride=(1, 1), bias=False)
      )
      (norm2): LayerNorm(
        (body): BiasFree_LayerNorm()
      )
      (ffn): FeedForward(
        (project_in): Conv2d(384, 2042, kernel_size=(1, 1), stride=(1, 1), bias=False)
        (dwconv): Conv2d(2042, 2042, kernel_size=(3, 3), stride=(1, 1), padding=(1, 1), groups=2042, bias=False)
        (project_out): Conv2d(1021, 384, kernel_size=(1, 1), stride=(1, 1), bias=False)
      )
    )
    (5): TransformerBlock(
      (norm1): LayerNorm(
        (body): BiasFree_LayerNorm()
      )
      (attn): Attention(
        (qkv): Conv2d(384, 1152, kernel_size=(1, 1), stride=(1, 1), bias=False)
        (qkv_dwconv): Conv2d(1152, 1152, kernel_size=(3, 3), stride=(1, 1), padding=(1, 1), groups=1152, bias=False)
        (project_out): Conv2d(384, 384, kernel_size=(1, 1), stride=(1, 1), bias=False)
      )
      (norm2): LayerNorm(
        (body): BiasFree_LayerNorm()
      )
      (ffn): FeedForward(
        (project_in): Conv2d(384, 2042, kernel_size=(1, 1), stride=(1, 1), bias=False)
        (dwconv): Conv2d(2042, 2042, kernel_size=(3, 3), stride=(1, 1), padding=(1, 1), groups=2042, bias=False)
        (project_out): Conv2d(1021, 384, kernel_size=(1, 1), stride=(1, 1), bias=False)
      )
    )
    (6): TransformerBlock(
      (norm1): LayerNorm(
        (body): BiasFree_LayerNorm()
      )
      (attn): Attention(
        (qkv): Conv2d(384, 1152, kernel_size=(1, 1), stride=(1, 1), bias=False)
        (qkv_dwconv): Conv2d(1152, 1152, kernel_size=(3, 3), stride=(1, 1), padding=(1, 1), groups=1152, bias=False)
        (project_out): Conv2d(384, 384, kernel_size=(1, 1), stride=(1, 1), bias=False)
      )
      (norm2): LayerNorm(
        (body): BiasFree_LayerNorm()
      )
      (ffn): FeedForward(
        (project_in): Conv2d(384, 2042, kernel_size=(1, 1), stride=(1, 1), bias=False)
        (dwconv): Conv2d(2042, 2042, kernel_size=(3, 3), stride=(1, 1), padding=(1, 1), groups=2042, bias=False)
        (project_out): Conv2d(1021, 384, kernel_size=(1, 1), stride=(1, 1), bias=False)
      )
    )
    (7): TransformerBlock(
      (norm1): LayerNorm(
        (body): BiasFree_LayerNorm()
      )
      (attn): Attention(
        (qkv): Conv2d(384, 1152, kernel_size=(1, 1), stride=(1, 1), bias=False)
        (qkv_dwconv): Conv2d(1152, 1152, kernel_size=(3, 3), stride=(1, 1), padding=(1, 1), groups=1152, bias=False)
        (project_out): Conv2d(384, 384, kernel_size=(1, 1), stride=(1, 1), bias=False)
      )
      (norm2): LayerNorm(
        (body): BiasFree_LayerNorm()
      )
      (ffn): FeedForward(
        (project_in): Conv2d(384, 2042, kernel_size=(1, 1), stride=(1, 1), bias=False)
        (dwconv): Conv2d(2042, 2042, kernel_size=(3, 3), stride=(1, 1), padding=(1, 1), groups=2042, bias=False)
        (project_out): Conv2d(1021, 384, kernel_size=(1, 1), stride=(1, 1), bias=False)
      )
    )
  )
  (up4_3): Upsample(
    (body): Sequential(
      (0): Conv2d(384, 768, kernel_size=(3, 3), stride=(1, 1), padding=(1, 1), bias=False)
      (1): PixelShuffle(upscale_factor=2)
    )
  )
  (reduce_chan_level3): Conv2d(384, 192, kernel_size=(1, 1), stride=(1, 1), bias=False)
  (decoder_level3): Sequential(
    (0): TransformerBlock(
      (norm1): LayerNorm(
        (body): BiasFree_LayerNorm()
      )
      (attn): Attention(
        (qkv): Conv2d(192, 576, kernel_size=(1, 1), stride=(1, 1), bias=False)
        (qkv_dwconv): Conv2d(576, 576, kernel_size=(3, 3), stride=(1, 1), padding=(1, 1), groups=576, bias=False)
        (project_out): Conv2d(192, 192, kernel_size=(1, 1), stride=(1, 1), bias=False)
      )
      (norm2): LayerNorm(
        (body): BiasFree_LayerNorm()
      )
      (ffn): FeedForward(
        (project_in): Conv2d(192, 1020, kernel_size=(1, 1), stride=(1, 1), bias=False)
        (dwconv): Conv2d(1020, 1020, kernel_size=(3, 3), stride=(1, 1), padding=(1, 1), groups=1020, bias=False)
        (project_out): Conv2d(510, 192, kernel_size=(1, 1), stride=(1, 1), bias=False)
      )
    )
    (1): TransformerBlock(
      (norm1): LayerNorm(
        (body): BiasFree_LayerNorm()
      )
      (attn): Attention(
        (qkv): Conv2d(192, 576, kernel_size=(1, 1), stride=(1, 1), bias=False)
        (qkv_dwconv): Conv2d(576, 576, kernel_size=(3, 3), stride=(1, 1), padding=(1, 1), groups=576, bias=False)
        (project_out): Conv2d(192, 192, kernel_size=(1, 1), stride=(1, 1), bias=False)
      )
      (norm2): LayerNorm(
        (body): BiasFree_LayerNorm()
      )
      (ffn): FeedForward(
        (project_in): Conv2d(192, 1020, kernel_size=(1, 1), stride=(1, 1), bias=False)
        (dwconv): Conv2d(1020, 1020, kernel_size=(3, 3), stride=(1, 1), padding=(1, 1), groups=1020, bias=False)
        (project_out): Conv2d(510, 192, kernel_size=(1, 1), stride=(1, 1), bias=False)
      )
    )
    (2): TransformerBlock(
      (norm1): LayerNorm(
        (body): BiasFree_LayerNorm()
      )
      (attn): Attention(
        (qkv): Conv2d(192, 576, kernel_size=(1, 1), stride=(1, 1), bias=False)
        (qkv_dwconv): Conv2d(576, 576, kernel_size=(3, 3), stride=(1, 1), padding=(1, 1), groups=576, bias=False)
        (project_out): Conv2d(192, 192, kernel_size=(1, 1), stride=(1, 1), bias=False)
      )
      (norm2): LayerNorm(
        (body): BiasFree_LayerNorm()
      )
      (ffn): FeedForward(
        (project_in): Conv2d(192, 1020, kernel_size=(1, 1), stride=(1, 1), bias=False)
        (dwconv): Conv2d(1020, 1020, kernel_size=(3, 3), stride=(1, 1), padding=(1, 1), groups=1020, bias=False)
        (project_out): Conv2d(510, 192, kernel_size=(1, 1), stride=(1, 1), bias=False)
      )
    )
    (3): TransformerBlock(
      (norm1): LayerNorm(
        (body): BiasFree_LayerNorm()
      )
      (attn): Attention(
        (qkv): Conv2d(192, 576, kernel_size=(1, 1), stride=(1, 1), bias=False)
        (qkv_dwconv): Conv2d(576, 576, kernel_size=(3, 3), stride=(1, 1), padding=(1, 1), groups=576, bias=False)
        (project_out): Conv2d(192, 192, kernel_size=(1, 1), stride=(1, 1), bias=False)
      )
      (norm2): LayerNorm(
        (body): BiasFree_LayerNorm()
      )
      (ffn): FeedForward(
        (project_in): Conv2d(192, 1020, kernel_size=(1, 1), stride=(1, 1), bias=False)
        (dwconv): Conv2d(1020, 1020, kernel_size=(3, 3), stride=(1, 1), padding=(1, 1), groups=1020, bias=False)
        (project_out): Conv2d(510, 192, kernel_size=(1, 1), stride=(1, 1), bias=False)
      )
    )
    (4): TransformerBlock(
      (norm1): LayerNorm(
        (body): BiasFree_LayerNorm()
      )
      (attn): Attention(
        (qkv): Conv2d(192, 576, kernel_size=(1, 1), stride=(1, 1), bias=False)
        (qkv_dwconv): Conv2d(576, 576, kernel_size=(3, 3), stride=(1, 1), padding=(1, 1), groups=576, bias=False)
        (project_out): Conv2d(192, 192, kernel_size=(1, 1), stride=(1, 1), bias=False)
      )
      (norm2): LayerNorm(
        (body): BiasFree_LayerNorm()
      )
      (ffn): FeedForward(
        (project_in): Conv2d(192, 1020, kernel_size=(1, 1), stride=(1, 1), bias=False)
        (dwconv): Conv2d(1020, 1020, kernel_size=(3, 3), stride=(1, 1), padding=(1, 1), groups=1020, bias=False)
        (project_out): Conv2d(510, 192, kernel_size=(1, 1), stride=(1, 1), bias=False)
      )
    )
    (5): TransformerBlock(
      (norm1): LayerNorm(
        (body): BiasFree_LayerNorm()
      )
      (attn): Attention(
        (qkv): Conv2d(192, 576, kernel_size=(1, 1), stride=(1, 1), bias=False)
        (qkv_dwconv): Conv2d(576, 576, kernel_size=(3, 3), stride=(1, 1), padding=(1, 1), groups=576, bias=False)
        (project_out): Conv2d(192, 192, kernel_size=(1, 1), stride=(1, 1), bias=False)
      )
      (norm2): LayerNorm(
        (body): BiasFree_LayerNorm()
      )
      (ffn): FeedForward(
        (project_in): Conv2d(192, 1020, kernel_size=(1, 1), stride=(1, 1), bias=False)
        (dwconv): Conv2d(1020, 1020, kernel_size=(3, 3), stride=(1, 1), padding=(1, 1), groups=1020, bias=False)
        (project_out): Conv2d(510, 192, kernel_size=(1, 1), stride=(1, 1), bias=False)
      )
    )
  )
  (up3_2): Upsample(
    (body): Sequential(
      (0): Conv2d(192, 384, kernel_size=(3, 3), stride=(1, 1), padding=(1, 1), bias=False)
      (1): PixelShuffle(upscale_factor=2)
    )
  )
  (reduce_chan_level2): Conv2d(192, 96, kernel_size=(1, 1), stride=(1, 1), bias=False)
  (decoder_level2): Sequential(
    (0): TransformerBlock(
      (norm1): LayerNorm(
        (body): BiasFree_LayerNorm()
      )
      (attn): Attention(
        (qkv): Conv2d(96, 288, kernel_size=(1, 1), stride=(1, 1), bias=False)
        (qkv_dwconv): Conv2d(288, 288, kernel_size=(3, 3), stride=(1, 1), padding=(1, 1), groups=288, bias=False)
        (project_out): Conv2d(96, 96, kernel_size=(1, 1), stride=(1, 1), bias=False)
      )
      (norm2): LayerNorm(
        (body): BiasFree_LayerNorm()
      )
      (ffn): FeedForward(
        (project_in): Conv2d(96, 510, kernel_size=(1, 1), stride=(1, 1), bias=False)
        (dwconv): Conv2d(510, 510, kernel_size=(3, 3), stride=(1, 1), padding=(1, 1), groups=510, bias=False)
        (project_out): Conv2d(255, 96, kernel_size=(1, 1), stride=(1, 1), bias=False)
      )
    )
    (1): TransformerBlock(
      (norm1): LayerNorm(
        (body): BiasFree_LayerNorm()
      )
      (attn): Attention(
        (qkv): Conv2d(96, 288, kernel_size=(1, 1), stride=(1, 1), bias=False)
        (qkv_dwconv): Conv2d(288, 288, kernel_size=(3, 3), stride=(1, 1), padding=(1, 1), groups=288, bias=False)
        (project_out): Conv2d(96, 96, kernel_size=(1, 1), stride=(1, 1), bias=False)
      )
      (norm2): LayerNorm(
        (body): BiasFree_LayerNorm()
      )
      (ffn): FeedForward(
        (project_in): Conv2d(96, 510, kernel_size=(1, 1), stride=(1, 1), bias=False)
        (dwconv): Conv2d(510, 510, kernel_size=(3, 3), stride=(1, 1), padding=(1, 1), groups=510, bias=False)
        (project_out): Conv2d(255, 96, kernel_size=(1, 1), stride=(1, 1), bias=False)
      )
    )
    (2): TransformerBlock(
      (norm1): LayerNorm(
        (body): BiasFree_LayerNorm()
      )
      (attn): Attention(
        (qkv): Conv2d(96, 288, kernel_size=(1, 1), stride=(1, 1), bias=False)
        (qkv_dwconv): Conv2d(288, 288, kernel_size=(3, 3), stride=(1, 1), padding=(1, 1), groups=288, bias=False)
        (project_out): Conv2d(96, 96, kernel_size=(1, 1), stride=(1, 1), bias=False)
      )
      (norm2): LayerNorm(
        (body): BiasFree_LayerNorm()
      )
      (ffn): FeedForward(
        (project_in): Conv2d(96, 510, kernel_size=(1, 1), stride=(1, 1), bias=False)
        (dwconv): Conv2d(510, 510, kernel_size=(3, 3), stride=(1, 1), padding=(1, 1), groups=510, bias=False)
        (project_out): Conv2d(255, 96, kernel_size=(1, 1), stride=(1, 1), bias=False)
      )
    )
    (3): TransformerBlock(
      (norm1): LayerNorm(
        (body): BiasFree_LayerNorm()
      )
      (attn): Attention(
        (qkv): Conv2d(96, 288, kernel_size=(1, 1), stride=(1, 1), bias=False)
        (qkv_dwconv): Conv2d(288, 288, kernel_size=(3, 3), stride=(1, 1), padding=(1, 1), groups=288, bias=False)
        (project_out): Conv2d(96, 96, kernel_size=(1, 1), stride=(1, 1), bias=False)
      )
      (norm2): LayerNorm(
        (body): BiasFree_LayerNorm()
      )
      (ffn): FeedForward(
        (project_in): Conv2d(96, 510, kernel_size=(1, 1), stride=(1, 1), bias=False)
        (dwconv): Conv2d(510, 510, kernel_size=(3, 3), stride=(1, 1), padding=(1, 1), groups=510, bias=False)
        (project_out): Conv2d(255, 96, kernel_size=(1, 1), stride=(1, 1), bias=False)
      )
    )
    (4): TransformerBlock(
      (norm1): LayerNorm(
        (body): BiasFree_LayerNorm()
      )
      (attn): Attention(
        (qkv): Conv2d(96, 288, kernel_size=(1, 1), stride=(1, 1), bias=False)
        (qkv_dwconv): Conv2d(288, 288, kernel_size=(3, 3), stride=(1, 1), padding=(1, 1), groups=288, bias=False)
        (project_out): Conv2d(96, 96, kernel_size=(1, 1), stride=(1, 1), bias=False)
      )
      (norm2): LayerNorm(
        (body): BiasFree_LayerNorm()
      )
      (ffn): FeedForward(
        (project_in): Conv2d(96, 510, kernel_size=(1, 1), stride=(1, 1), bias=False)
        (dwconv): Conv2d(510, 510, kernel_size=(3, 3), stride=(1, 1), padding=(1, 1), groups=510, bias=False)
        (project_out): Conv2d(255, 96, kernel_size=(1, 1), stride=(1, 1), bias=False)
      )
    )
    (5): TransformerBlock(
      (norm1): LayerNorm(
        (body): BiasFree_LayerNorm()
      )
      (attn): Attention(
        (qkv): Conv2d(96, 288, kernel_size=(1, 1), stride=(1, 1), bias=False)
        (qkv_dwconv): Conv2d(288, 288, kernel_size=(3, 3), stride=(1, 1), padding=(1, 1), groups=288, bias=False)
        (project_out): Conv2d(96, 96, kernel_size=(1, 1), stride=(1, 1), bias=False)
      )
      (norm2): LayerNorm(
        (body): BiasFree_LayerNorm()
      )
      (ffn): FeedForward(
        (project_in): Conv2d(96, 510, kernel_size=(1, 1), stride=(1, 1), bias=False)
        (dwconv): Conv2d(510, 510, kernel_size=(3, 3), stride=(1, 1), padding=(1, 1), groups=510, bias=False)
        (project_out): Conv2d(255, 96, kernel_size=(1, 1), stride=(1, 1), bias=False)
      )
    )
  )
  (up2_1): Upsample(
    (body): Sequential(
      (0): Conv2d(96, 192, kernel_size=(3, 3), stride=(1, 1), padding=(1, 1), bias=False)
      (1): PixelShuffle(upscale_factor=2)
    )
  )
  (decoder_level1): Sequential(
    (0): TransformerBlock(
      (norm1): LayerNorm(
        (body): BiasFree_LayerNorm()
      )
      (attn): Attention(
        (qkv): Conv2d(96, 288, kernel_size=(1, 1), stride=(1, 1), bias=False)
        (qkv_dwconv): Conv2d(288, 288, kernel_size=(3, 3), stride=(1, 1), padding=(1, 1), groups=288, bias=False)
        (project_out): Conv2d(96, 96, kernel_size=(1, 1), stride=(1, 1), bias=False)
      )
      (norm2): LayerNorm(
        (body): BiasFree_LayerNorm()
      )
      (ffn): FeedForward(
        (project_in): Conv2d(96, 510, kernel_size=(1, 1), stride=(1, 1), bias=False)
        (dwconv): Conv2d(510, 510, kernel_size=(3, 3), stride=(1, 1), padding=(1, 1), groups=510, bias=False)
        (project_out): Conv2d(255, 96, kernel_size=(1, 1), stride=(1, 1), bias=False)
      )
    )
    (1): TransformerBlock(
      (norm1): LayerNorm(
        (body): BiasFree_LayerNorm()
      )
      (attn): Attention(
        (qkv): Conv2d(96, 288, kernel_size=(1, 1), stride=(1, 1), bias=False)
        (qkv_dwconv): Conv2d(288, 288, kernel_size=(3, 3), stride=(1, 1), padding=(1, 1), groups=288, bias=False)
        (project_out): Conv2d(96, 96, kernel_size=(1, 1), stride=(1, 1), bias=False)
      )
      (norm2): LayerNorm(
        (body): BiasFree_LayerNorm()
      )
      (ffn): FeedForward(
        (project_in): Conv2d(96, 510, kernel_size=(1, 1), stride=(1, 1), bias=False)
        (dwconv): Conv2d(510, 510, kernel_size=(3, 3), stride=(1, 1), padding=(1, 1), groups=510, bias=False)
        (project_out): Conv2d(255, 96, kernel_size=(1, 1), stride=(1, 1), bias=False)
      )
    )
    (2): TransformerBlock(
      (norm1): LayerNorm(
        (body): BiasFree_LayerNorm()
      )
      (attn): Attention(
        (qkv): Conv2d(96, 288, kernel_size=(1, 1), stride=(1, 1), bias=False)
        (qkv_dwconv): Conv2d(288, 288, kernel_size=(3, 3), stride=(1, 1), padding=(1, 1), groups=288, bias=False)
        (project_out): Conv2d(96, 96, kernel_size=(1, 1), stride=(1, 1), bias=False)
      )
      (norm2): LayerNorm(
        (body): BiasFree_LayerNorm()
      )
      (ffn): FeedForward(
        (project_in): Conv2d(96, 510, kernel_size=(1, 1), stride=(1, 1), bias=False)
        (dwconv): Conv2d(510, 510, kernel_size=(3, 3), stride=(1, 1), padding=(1, 1), groups=510, bias=False)
        (project_out): Conv2d(255, 96, kernel_size=(1, 1), stride=(1, 1), bias=False)
      )
    )
    (3): TransformerBlock(
      (norm1): LayerNorm(
        (body): BiasFree_LayerNorm()
      )
      (attn): Attention(
        (qkv): Conv2d(96, 288, kernel_size=(1, 1), stride=(1, 1), bias=False)
        (qkv_dwconv): Conv2d(288, 288, kernel_size=(3, 3), stride=(1, 1), padding=(1, 1), groups=288, bias=False)
        (project_out): Conv2d(96, 96, kernel_size=(1, 1), stride=(1, 1), bias=False)
      )
      (norm2): LayerNorm(
        (body): BiasFree_LayerNorm()
      )
      (ffn): FeedForward(
        (project_in): Conv2d(96, 510, kernel_size=(1, 1), stride=(1, 1), bias=False)
        (dwconv): Conv2d(510, 510, kernel_size=(3, 3), stride=(1, 1), padding=(1, 1), groups=510, bias=False)
        (project_out): Conv2d(255, 96, kernel_size=(1, 1), stride=(1, 1), bias=False)
      )
    )
  )
  (refinement): Sequential(
    (0): TransformerBlock(
      (norm1): LayerNorm(
        (body): BiasFree_LayerNorm()
      )
      (attn): Attention(
        (qkv): Conv2d(96, 288, kernel_size=(1, 1), stride=(1, 1), bias=False)
        (qkv_dwconv): Conv2d(288, 288, kernel_size=(3, 3), stride=(1, 1), padding=(1, 1), groups=288, bias=False)
        (project_out): Conv2d(96, 96, kernel_size=(1, 1), stride=(1, 1), bias=False)
      )
      (norm2): LayerNorm(
        (body): BiasFree_LayerNorm()
      )
      (ffn): FeedForward(
        (project_in): Conv2d(96, 510, kernel_size=(1, 1), stride=(1, 1), bias=False)
        (dwconv): Conv2d(510, 510, kernel_size=(3, 3), stride=(1, 1), padding=(1, 1), groups=510, bias=False)
        (project_out): Conv2d(255, 96, kernel_size=(1, 1), stride=(1, 1), bias=False)
      )
    )
    (1): TransformerBlock(
      (norm1): LayerNorm(
        (body): BiasFree_LayerNorm()
      )
      (attn): Attention(
        (qkv): Conv2d(96, 288, kernel_size=(1, 1), stride=(1, 1), bias=False)
        (qkv_dwconv): Conv2d(288, 288, kernel_size=(3, 3), stride=(1, 1), padding=(1, 1), groups=288, bias=False)
        (project_out): Conv2d(96, 96, kernel_size=(1, 1), stride=(1, 1), bias=False)
      )
      (norm2): LayerNorm(
        (body): BiasFree_LayerNorm()
      )
      (ffn): FeedForward(
        (project_in): Conv2d(96, 510, kernel_size=(1, 1), stride=(1, 1), bias=False)
        (dwconv): Conv2d(510, 510, kernel_size=(3, 3), stride=(1, 1), padding=(1, 1), groups=510, bias=False)
        (project_out): Conv2d(255, 96, kernel_size=(1, 1), stride=(1, 1), bias=False)
      )
    )
    (2): TransformerBlock(
      (norm1): LayerNorm(
        (body): BiasFree_LayerNorm()
      )
      (attn): Attention(
        (qkv): Conv2d(96, 288, kernel_size=(1, 1), stride=(1, 1), bias=False)
        (qkv_dwconv): Conv2d(288, 288, kernel_size=(3, 3), stride=(1, 1), padding=(1, 1), groups=288, bias=False)
        (project_out): Conv2d(96, 96, kernel_size=(1, 1), stride=(1, 1), bias=False)
      )
      (norm2): LayerNorm(
        (body): BiasFree_LayerNorm()
      )
      (ffn): FeedForward(
        (project_in): Conv2d(96, 510, kernel_size=(1, 1), stride=(1, 1), bias=False)
        (dwconv): Conv2d(510, 510, kernel_size=(3, 3), stride=(1, 1), padding=(1, 1), groups=510, bias=False)
        (project_out): Conv2d(255, 96, kernel_size=(1, 1), stride=(1, 1), bias=False)
      )
    )
    (3): TransformerBlock(
      (norm1): LayerNorm(
        (body): BiasFree_LayerNorm()
      )
      (attn): Attention(
        (qkv): Conv2d(96, 288, kernel_size=(1, 1), stride=(1, 1), bias=False)
        (qkv_dwconv): Conv2d(288, 288, kernel_size=(3, 3), stride=(1, 1), padding=(1, 1), groups=288, bias=False)
        (project_out): Conv2d(96, 96, kernel_size=(1, 1), stride=(1, 1), bias=False)
      )
      (norm2): LayerNorm(
        (body): BiasFree_LayerNorm()
      )
      (ffn): FeedForward(
        (project_in): Conv2d(96, 510, kernel_size=(1, 1), stride=(1, 1), bias=False)
        (dwconv): Conv2d(510, 510, kernel_size=(3, 3), stride=(1, 1), padding=(1, 1), groups=510, bias=False)
        (project_out): Conv2d(255, 96, kernel_size=(1, 1), stride=(1, 1), bias=False)
      )
    )
  )
  (ups1): Upsample(
    (body): Sequential(
      (0): Conv2d(96, 192, kernel_size=(3, 3), stride=(1, 1), padding=(1, 1), bias=False)
      (1): PixelShuffle(upscale_factor=2)
    )
  )
  (outputl): Conv2d(96, 8, kernel_size=(3, 3), stride=(1, 1), padding=(1, 1), bias=False)
  (output1): Conv2d(48, 8, kernel_size=(3, 3), stride=(1, 1), padding=(1, 1), bias=False)
  (outputx): Conv2d(8, 1, kernel_size=(3, 3), stride=(1, 1), padding=(1, 1), bias=False)
)
2026-07-16 15:18:38,499 INFO: Model [ImageCleanModel] is created.
2026-07-16 15:19:02,705 INFO: Start training from epoch: 0, iter: 0
2026-07-16 15:19:28,276 INFO: 
 Updating Patch_Size to 128 and Batch_Size to 8 

2026-07-16 15:30:32,161 INFO: [Gauss..][epoch:  0, iter:   1,000, lr:(3.000e-04,)] [eta: 2 days, 11:12:50, time (data): 0.665 (0.002)] l_pix_L: 2.4477e-01 l_pix_H: 2.3146e-01 l_pix: 2.3945e-01 
2026-07-16 15:41:35,309 INFO: [Gauss..][epoch:  0, iter:   2,000, lr:(3.000e-04,)] [eta: 2 days, 8:57:21, time (data): 0.666 (0.002)] l_pix_L: 1.6259e-01 l_pix_H: 1.4163e-01 l_pix: 1.5421e-01 
2026-07-16 15:52:45,913 INFO: [Gauss..][epoch:  0, iter:   3,000, lr:(3.000e-04,)] [eta: 2 days, 8:17:05, time (data): 0.670 (0.002)] l_pix_L: 9.3420e-02 l_pix_H: 7.5359e-02 l_pix: 8.6196e-02 
2026-07-16 16:03:51,724 INFO: [Gauss..][epoch:  0, iter:   4,000, lr:(3.000e-04,)] [eta: 2 days, 7:45:27, time (data): 0.667 (0.002)] l_pix_L: 1.0555e-01 l_pix_H: 8.6746e-02 l_pix: 9.8030e-02 
2026-07-16 16:03:51,725 INFO: Saving models and training states.
2026-07-16 16:04:35,321 INFO: Validation ValSet,		 # psnr: 27.3719
2026-07-16 16:16:13,067 INFO: [Gauss..][epoch:  0, iter:   5,000, lr:(3.000e-04,)] [eta: 2 days, 8:36:18, time (data): 0.675 (0.002)] l_pix_L: 7.9862e-02 l_pix_H: 6.7136e-02 l_pix: 7.4771e-02 
2026-07-16 16:27:24,678 INFO: [Gauss..][epoch:  0, iter:   6,000, lr:(3.000e-04,)] [eta: 2 days, 8:09:08, time (data): 0.646 (0.002)] l_pix_L: 8.6528e-02 l_pix_H: 6.5096e-02 l_pix: 7.7955e-02 
2026-07-16 16:38:39,817 INFO: [Gauss..][epoch:  0, iter:   7,000, lr:(3.000e-04,)] [eta: 2 days, 7:49:00, time (data): 0.692 (0.002)] l_pix_L: 8.6733e-02 l_pix_H: 6.3136e-02 l_pix: 7.7294e-02 
2026-07-16 16:49:56,057 INFO: [Gauss..][epoch:  0, iter:   8,000, lr:(3.000e-04,)] [eta: 2 days, 7:31:45, time (data): 0.667 (0.002)] l_pix_L: 4.8210e-02 l_pix_H: 3.8278e-02 l_pix: 4.4237e-02 
2026-07-16 16:49:56,057 INFO: Saving models and training states.
2026-07-16 16:50:32,248 INFO: Validation ValSet,		 # psnr: 28.4784
2026-07-16 17:01:51,194 INFO: [Gauss..][epoch:  0, iter:   9,000, lr:(3.000e-04,)] [eta: 2 days, 7:36:47, time (data): 0.693 (0.003)] l_pix_L: 3.8263e-02 l_pix_H: 2.7384e-02 l_pix: 3.3912e-02 
2026-07-16 17:13:08,376 INFO: [Gauss..][epoch:  0, iter:  10,000, lr:(3.000e-04,)] [eta: 2 days, 7:20:05, time (data): 0.672 (0.002)] l_pix_L: 3.0738e-02 l_pix_H: 2.2354e-02 l_pix: 2.7384e-02 
2026-07-16 17:24:18,655 INFO: [Gauss..][epoch:  0, iter:  11,000, lr:(3.000e-04,)] [eta: 2 days, 7:01:21, time (data): 0.659 (0.002)] l_pix_L: 4.8777e-02 l_pix_H: 2.7970e-02 l_pix: 4.0454e-02 
2026-07-16 17:35:35,583 INFO: [Gauss..][epoch:  0, iter:  12,000, lr:(3.000e-04,)] [eta: 2 days, 6:46:32, time (data): 0.667 (0.002)] l_pix_L: 3.3446e-02 l_pix_H: 2.2982e-02 l_pix: 2.9260e-02 
2026-07-16 17:35:35,584 INFO: Saving models and training states.
2026-07-16 17:36:11,762 INFO: Validation ValSet,		 # psnr: 28.8813
2026-07-16 17:47:26,729 INFO: [Gauss..][epoch:  0, iter:  13,000, lr:(3.000e-04,)] [eta: 2 days, 6:44:51, time (data): 0.714 (0.002)] l_pix_L: 6.1972e-02 l_pix_H: 3.2898e-02 l_pix: 5.0342e-02 
2026-07-16 17:58:54,776 INFO: [Gauss..][epoch:  0, iter:  14,000, lr:(3.000e-04,)] [eta: 2 days, 6:33:52, time (data): 0.674 (0.002)] l_pix_L: 4.8931e-02 l_pix_H: 2.5890e-02 l_pix: 3.9715e-02 
2026-07-16 18:10:07,210 INFO: [Gauss..][epoch:  0, iter:  15,000, lr:(3.000e-04,)] [eta: 2 days, 6:17:51, time (data): 0.672 (0.002)] l_pix_L: 3.5677e-02 l_pix_H: 1.9876e-02 l_pix: 2.9357e-02 
2026-07-16 18:21:35,340 INFO: [Gauss..][epoch:  0, iter:  16,000, lr:(3.000e-04,)] [eta: 2 days, 6:07:06, time (data): 0.710 (0.002)] l_pix_L: 4.2311e-02 l_pix_H: 2.8316e-02 l_pix: 3.6713e-02 
2026-07-16 18:21:35,346 INFO: Saving models and training states.
2026-07-16 18:22:13,846 INFO: Validation ValSet,		 # psnr: 28.8164
2026-07-16 18:33:34,465 INFO: [Gauss..][epoch:  0, iter:  17,000, lr:(3.000e-04,)] [eta: 2 days, 6:04:51, time (data): 0.673 (0.002)] l_pix_L: 3.7645e-02 l_pix_H: 2.4055e-02 l_pix: 3.2209e-02 
2026-07-16 18:45:36,720 INFO: [Gauss..][epoch:  1, iter:  18,000, lr:(3.000e-04,)] [eta: 2 days, 6:02:20, time (data): 0.696 (0.002)] l_pix_L: 3.0568e-02 l_pix_H: 1.9619e-02 l_pix: 2.6188e-02 
2026-07-16 18:56:53,009 INFO: [Gauss..][epoch:  1, iter:  19,000, lr:(3.000e-04,)] [eta: 2 days, 5:47:30, time (data): 0.665 (0.002)] l_pix_L: 3.1226e-02 l_pix_H: 2.2714e-02 l_pix: 2.7821e-02 
2026-07-16 19:08:06,696 INFO: [Gauss..][epoch:  1, iter:  20,000, lr:(3.000e-04,)] [eta: 2 days, 5:32:24, time (data): 0.671 (0.002)] l_pix_L: 1.8744e-02 l_pix_H: 1.5803e-02 l_pix: 1.7567e-02 
2026-07-16 19:08:06,706 INFO: Saving models and training states.
