2026-07-23 14:53:42,780 INFO: 
                ____                _       _____  ____
               / __ ) ____ _ _____ (_)_____/ ___/ / __ \
              / __  |/ __ `// ___// // ___/\__ \ / /_/ /
             / /_/ // /_/ /(__  )/ // /__ ___/ // _, _/
            /_____/ \__,_//____//_/ \___//____//_/ |_|
     ______                   __   __                 __      __
    / ____/____   ____   ____/ /  / /   __  __ _____ / /__   / /
   / / __ / __ \ / __ \ / __  /  / /   / / / // ___// //_/  / /
  / /_/ // /_/ // /_/ // /_/ /  / /___/ /_/ // /__ / /<    /_/
  \____/ \____/ \____/ \____/  /_____/\____/ \___//_/|_|  (_)
    
Version Information: 
	BasicSR: 1.2.0+37d0048
	PyTorch: 2.5.1+cu121
	TorchVision: 0.20.1+cu121
2026-07-23 14:53:42,780 INFO: 
  name: GaussianColorDenoising_RestormerSigma25
  model_type: ImageCleanModel
  scale: 1
  num_gpu: 1
  manual_seed: 100
  datasets:[
    train:[
      name: TrainSet
      type: Dataset_GaussianDenoising
      sigma_type: constant
      sigma_range: 25
      in_ch: 3
      dataroot_gt: ./Denoising/Datasets/train/DFWB
      dataroot_lq: none
      geometric_augs: True
      filename_tmpl: {}
      io_backend:[
        type: disk
      ]
      use_shuffle: True
      num_worker_per_gpu: 4
      batch_size_per_gpu: 4
      mini_batch_sizes: [8, 5, 4, 2, 1, 1]
      iters: [92000, 64000, 48000, 36000, 36000, 24000]
      gt_size: 384
      gt_sizes: [128, 160, 192, 256, 320, 384]
      dataset_enlarge_ratio: 1
      prefetch_mode: None
      phase: train
      scale: 1
    ]
    val:[
      name: ValSet
      type: Dataset_GaussianDenoising
      sigma_test: 25
      in_ch: 3
      dataroot_gt: ./Denoising/Datasets/test/CBSD68
      dataroot_lq: none
      io_backend:[
        type: disk
      ]
      phase: val
      scale: 1
    ]
  ]
  network_g:[
    type: Restormer
    inp_channels: 3
    out_channels: 3
    dim: 48
    num_blocks: [4, 6, 6, 8]
    num_refinement_blocks: 4
    heads: [1, 2, 4, 8]
    ffn_expansion_factor: 2.66
    bias: False
    LayerNorm_type: BiasFree
    dual_pixel_task: False
    multiscale: True
  ]
  path:[
    pretrain_network_g: None
    strict_load_g: True
    resume_state: experiments/GaussianColorDenoising_RestormerSigma25/training_states/12000.state
    root: /home/aims-dtu/Restormer-
    experiments_root: /home/aims-dtu/Restormer-/experiments/GaussianColorDenoising_RestormerSigma25
    models: /home/aims-dtu/Restormer-/experiments/GaussianColorDenoising_RestormerSigma25/models
    training_states: /home/aims-dtu/Restormer-/experiments/GaussianColorDenoising_RestormerSigma25/training_states
    log: /home/aims-dtu/Restormer-/experiments/GaussianColorDenoising_RestormerSigma25
    visualization: /home/aims-dtu/Restormer-/experiments/GaussianColorDenoising_RestormerSigma25/visualization
  ]
  train:[
    total_iter: 300000
    warmup_iter: -1
    use_grad_clip: True
    scheduler:[
      type: CosineAnnealingRestartCyclicLR
      periods: [92000, 208000]
      restart_weights: [1, 1]
      eta_mins: [0.0003, 1e-06]
    ]
    mixing_augs:[
      mixup: True
      mixup_beta: 1.2
      use_identity: True
    ]
    optim_g:[
      type: AdamW
      lr: 0.0003
      weight_decay: 0.0001
      betas: [0.9, 0.999]
    ]
    pixel_opt:[
      type: MultiscaleLoss
      loss_weight: 1
    ]
  ]
  val:[
    window_size: 8
    val_freq: 4000.0
    save_img: False
    rgb2bgr: True
    use_image: False
    max_minibatch: 8
    metrics:[
      psnr:[
        type: calculate_psnr
        crop_border: 0
        test_y_channel: False
      ]
    ]
  ]
  logger:[
    print_freq: 1000
    save_checkpoint_freq: 4000.0
    use_tb_logger: True
    wandb:[
      project: None
      resume_id: None
    ]
  ]
  dist_params:[
    backend: nccl
    port: 29500
  ]
  is_train: True
  dist: True
  rank: 0
  world_size: 1

2026-07-23 14:53:43,479 INFO: Dataset Dataset_GaussianDenoising - TrainSet is created.
2026-07-23 14:53:43,479 INFO: Training statistics:
	Number of train images: 71580
	Dataset enlarge ratio: 1
	Batch size per gpu: 4
	World size (gpu number): 1
	Require iter number per epoch: 17895
	Total epochs: 17; iters: 300000.
2026-07-23 14:53:43,480 INFO: Dataset Dataset_GaussianDenoising - ValSet is created.
2026-07-23 14:53:43,480 INFO: Number of val images/folders in ValSet: 68
2026-07-23 14:53:43,480 INFO: Set pretrain_network_g to /home/aims-dtu/Restormer-/experiments/GaussianColorDenoising_RestormerSigma25/models/net_g_12000.pth
2026-07-23 14:53:44,096 INFO: Network: DistributedDataParallel - Restormer, with parameters: 26,285,559
2026-07-23 14:53:44,096 INFO: Restormer(
  (patch_embed): OverlapPatchEmbed(
    (proj): Conv2d(3, 48, kernel_size=(3, 3), stride=(1, 1), padding=(1, 1), bias=False)
  )
  (eca_skip3): ECA(
    (avg_pool): AdaptiveAvgPool2d(output_size=1)
    (conv): Conv1d(1, 1, kernel_size=(5,), stride=(1,), padding=(2,), bias=False)
    (sigmoid): Sigmoid()
  )
  (eca_skip2): ECA(
    (avg_pool): AdaptiveAvgPool2d(output_size=1)
    (conv): Conv1d(1, 1, kernel_size=(3,), stride=(1,), padding=(1,), bias=False)
    (sigmoid): Sigmoid()
  )
  (eca_skip1): ECA(
    (avg_pool): AdaptiveAvgPool2d(output_size=1)
    (conv): Conv1d(1, 1, kernel_size=(3,), stride=(1,), padding=(1,), bias=False)
    (sigmoid): Sigmoid()
  )
  (encoder_level1): Sequential(
    (0): TransformerBlock(
      (norm1): LayerNorm(
        (body): BiasFree_LayerNorm()
      )
      (attn): Attention(
        (qkv): Conv2d(48, 144, kernel_size=(1, 1), stride=(1, 1), bias=False)
        (qkv_dwconv): Conv2d(144, 144, kernel_size=(3, 3), stride=(1, 1), padding=(1, 1), groups=144, bias=False)
        (project_out): Conv2d(48, 48, kernel_size=(1, 1), stride=(1, 1), bias=False)
      )
      (norm2): LayerNorm(
        (body): BiasFree_LayerNorm()
      )
      (ffn): FeedForward(
        (project_in): Conv2d(48, 254, kernel_size=(1, 1), stride=(1, 1), bias=False)
        (dwconv): Conv2d(254, 254, kernel_size=(3, 3), stride=(1, 1), padding=(1, 1), groups=254, bias=False)
        (project_out): Conv2d(127, 48, kernel_size=(1, 1), stride=(1, 1), bias=False)
      )
    )
    (1): TransformerBlock(
      (norm1): LayerNorm(
        (body): BiasFree_LayerNorm()
      )
      (attn): Attention(
        (qkv): Conv2d(48, 144, kernel_size=(1, 1), stride=(1, 1), bias=False)
        (qkv_dwconv): Conv2d(144, 144, kernel_size=(3, 3), stride=(1, 1), padding=(1, 1), groups=144, bias=False)
        (project_out): Conv2d(48, 48, kernel_size=(1, 1), stride=(1, 1), bias=False)
      )
      (norm2): LayerNorm(
        (body): BiasFree_LayerNorm()
      )
      (ffn): FeedForward(
        (project_in): Conv2d(48, 254, kernel_size=(1, 1), stride=(1, 1), bias=False)
        (dwconv): Conv2d(254, 254, kernel_size=(3, 3), stride=(1, 1), padding=(1, 1), groups=254, bias=False)
        (project_out): Conv2d(127, 48, kernel_size=(1, 1), stride=(1, 1), bias=False)
      )
    )
    (2): TransformerBlock(
      (norm1): LayerNorm(
        (body): BiasFree_LayerNorm()
      )
      (attn): Attention(
        (qkv): Conv2d(48, 144, kernel_size=(1, 1), stride=(1, 1), bias=False)
        (qkv_dwconv): Conv2d(144, 144, kernel_size=(3, 3), stride=(1, 1), padding=(1, 1), groups=144, bias=False)
        (project_out): Conv2d(48, 48, kernel_size=(1, 1), stride=(1, 1), bias=False)
      )
      (norm2): LayerNorm(
        (body): BiasFree_LayerNorm()
      )
      (ffn): FeedForward(
        (project_in): Conv2d(48, 254, kernel_size=(1, 1), stride=(1, 1), bias=False)
        (dwconv): Conv2d(254, 254, kernel_size=(3, 3), stride=(1, 1), padding=(1, 1), groups=254, bias=False)
        (project_out): Conv2d(127, 48, kernel_size=(1, 1), stride=(1, 1), bias=False)
      )
    )
    (3): TransformerBlock(
      (norm1): LayerNorm(
        (body): BiasFree_LayerNorm()
      )
      (attn): Attention(
        (qkv): Conv2d(48, 144, kernel_size=(1, 1), stride=(1, 1), bias=False)
        (qkv_dwconv): Conv2d(144, 144, kernel_size=(3, 3), stride=(1, 1), padding=(1, 1), groups=144, bias=False)
        (project_out): Conv2d(48, 48, kernel_size=(1, 1), stride=(1, 1), bias=False)
      )
      (norm2): LayerNorm(
        (body): BiasFree_LayerNorm()
      )
      (ffn): FeedForward(
        (project_in): Conv2d(48, 254, kernel_size=(1, 1), stride=(1, 1), bias=False)
        (dwconv): Conv2d(254, 254, kernel_size=(3, 3), stride=(1, 1), padding=(1, 1), groups=254, bias=False)
        (project_out): Conv2d(127, 48, kernel_size=(1, 1), stride=(1, 1), bias=False)
      )
    )
  )
  (down1_2): Downsample(
    (body): Sequential(
      (0): Conv2d(48, 24, kernel_size=(3, 3), stride=(1, 1), padding=(1, 1), bias=False)
      (1): PixelUnshuffle(downscale_factor=2)
    )
  )
  (encoder_level2): Sequential(
    (0): TransformerBlock(
      (norm1): LayerNorm(
        (body): BiasFree_LayerNorm()
      )
      (attn): Attention(
        (qkv): Conv2d(96, 288, kernel_size=(1, 1), stride=(1, 1), bias=False)
        (qkv_dwconv): Conv2d(288, 288, kernel_size=(3, 3), stride=(1, 1), padding=(1, 1), groups=288, bias=False)
        (project_out): Conv2d(96, 96, kernel_size=(1, 1), stride=(1, 1), bias=False)
      )
      (norm2): LayerNorm(
        (body): BiasFree_LayerNorm()
      )
      (ffn): FeedForward(
        (project_in): Conv2d(96, 510, kernel_size=(1, 1), stride=(1, 1), bias=False)
        (dwconv): Conv2d(510, 510, kernel_size=(3, 3), stride=(1, 1), padding=(1, 1), groups=510, bias=False)
        (project_out): Conv2d(255, 96, kernel_size=(1, 1), stride=(1, 1), bias=False)
      )
    )
    (1): TransformerBlock(
      (norm1): LayerNorm(
        (body): BiasFree_LayerNorm()
      )
      (attn): Attention(
        (qkv): Conv2d(96, 288, kernel_size=(1, 1), stride=(1, 1), bias=False)
        (qkv_dwconv): Conv2d(288, 288, kernel_size=(3, 3), stride=(1, 1), padding=(1, 1), groups=288, bias=False)
        (project_out): Conv2d(96, 96, kernel_size=(1, 1), stride=(1, 1), bias=False)
      )
      (norm2): LayerNorm(
        (body): BiasFree_LayerNorm()
      )
      (ffn): FeedForward(
        (project_in): Conv2d(96, 510, kernel_size=(1, 1), stride=(1, 1), bias=False)
        (dwconv): Conv2d(510, 510, kernel_size=(3, 3), stride=(1, 1), padding=(1, 1), groups=510, bias=False)
        (project_out): Conv2d(255, 96, kernel_size=(1, 1), stride=(1, 1), bias=False)
      )
    )
    (2): TransformerBlock(
      (norm1): LayerNorm(
        (body): BiasFree_LayerNorm()
      )
      (attn): Attention(
        (qkv): Conv2d(96, 288, kernel_size=(1, 1), stride=(1, 1), bias=False)
        (qkv_dwconv): Conv2d(288, 288, kernel_size=(3, 3), stride=(1, 1), padding=(1, 1), groups=288, bias=False)
        (project_out): Conv2d(96, 96, kernel_size=(1, 1), stride=(1, 1), bias=False)
      )
      (norm2): LayerNorm(
        (body): BiasFree_LayerNorm()
      )
      (ffn): FeedForward(
        (project_in): Conv2d(96, 510, kernel_size=(1, 1), stride=(1, 1), bias=False)
        (dwconv): Conv2d(510, 510, kernel_size=(3, 3), stride=(1, 1), padding=(1, 1), groups=510, bias=False)
        (project_out): Conv2d(255, 96, kernel_size=(1, 1), stride=(1, 1), bias=False)
      )
    )
    (3): TransformerBlock(
      (norm1): LayerNorm(
        (body): BiasFree_LayerNorm()
      )
      (attn): Attention(
        (qkv): Conv2d(96, 288, kernel_size=(1, 1), stride=(1, 1), bias=False)
        (qkv_dwconv): Conv2d(288, 288, kernel_size=(3, 3), stride=(1, 1), padding=(1, 1), groups=288, bias=False)
        (project_out): Conv2d(96, 96, kernel_size=(1, 1), stride=(1, 1), bias=False)
      )
      (norm2): LayerNorm(
        (body): BiasFree_LayerNorm()
      )
      (ffn): FeedForward(
        (project_in): Conv2d(96, 510, kernel_size=(1, 1), stride=(1, 1), bias=False)
        (dwconv): Conv2d(510, 510, kernel_size=(3, 3), stride=(1, 1), padding=(1, 1), groups=510, bias=False)
        (project_out): Conv2d(255, 96, kernel_size=(1, 1), stride=(1, 1), bias=False)
      )
    )
    (4): TransformerBlock(
      (norm1): LayerNorm(
        (body): BiasFree_LayerNorm()
      )
      (attn): Attention(
        (qkv): Conv2d(96, 288, kernel_size=(1, 1), stride=(1, 1), bias=False)
        (qkv_dwconv): Conv2d(288, 288, kernel_size=(3, 3), stride=(1, 1), padding=(1, 1), groups=288, bias=False)
        (project_out): Conv2d(96, 96, kernel_size=(1, 1), stride=(1, 1), bias=False)
      )
      (norm2): LayerNorm(
        (body): BiasFree_LayerNorm()
      )
      (ffn): FeedForward(
        (project_in): Conv2d(96, 510, kernel_size=(1, 1), stride=(1, 1), bias=False)
        (dwconv): Conv2d(510, 510, kernel_size=(3, 3), stride=(1, 1), padding=(1, 1), groups=510, bias=False)
        (project_out): Conv2d(255, 96, kernel_size=(1, 1), stride=(1, 1), bias=False)
      )
    )
    (5): TransformerBlock(
      (norm1): LayerNorm(
        (body): BiasFree_LayerNorm()
      )
      (attn): Attention(
        (qkv): Conv2d(96, 288, kernel_size=(1, 1), stride=(1, 1), bias=False)
        (qkv_dwconv): Conv2d(288, 288, kernel_size=(3, 3), stride=(1, 1), padding=(1, 1), groups=288, bias=False)
        (project_out): Conv2d(96, 96, kernel_size=(1, 1), stride=(1, 1), bias=False)
      )
      (norm2): LayerNorm(
        (body): BiasFree_LayerNorm()
      )
      (ffn): FeedForward(
        (project_in): Conv2d(96, 510, kernel_size=(1, 1), stride=(1, 1), bias=False)
        (dwconv): Conv2d(510, 510, kernel_size=(3, 3), stride=(1, 1), padding=(1, 1), groups=510, bias=False)
        (project_out): Conv2d(255, 96, kernel_size=(1, 1), stride=(1, 1), bias=False)
      )
    )
  )
  (down2_3): Downsample(
    (body): Sequential(
      (0): Conv2d(96, 48, kernel_size=(3, 3), stride=(1, 1), padding=(1, 1), bias=False)
      (1): PixelUnshuffle(downscale_factor=2)
    )
  )
  (encoder_level3): Sequential(
    (0): TransformerBlock(
      (norm1): LayerNorm(
        (body): BiasFree_LayerNorm()
      )
      (attn): Attention(
        (qkv): Conv2d(192, 576, kernel_size=(1, 1), stride=(1, 1), bias=False)
        (qkv_dwconv): Conv2d(576, 576, kernel_size=(3, 3), stride=(1, 1), padding=(1, 1), groups=576, bias=False)
        (project_out): Conv2d(192, 192, kernel_size=(1, 1), stride=(1, 1), bias=False)
      )
      (norm2): LayerNorm(
        (body): BiasFree_LayerNorm()
      )
      (ffn): FeedForward(
        (project_in): Conv2d(192, 1020, kernel_size=(1, 1), stride=(1, 1), bias=False)
        (dwconv): Conv2d(1020, 1020, kernel_size=(3, 3), stride=(1, 1), padding=(1, 1), groups=1020, bias=False)
        (project_out): Conv2d(510, 192, kernel_size=(1, 1), stride=(1, 1), bias=False)
      )
    )
    (1): TransformerBlock(
      (norm1): LayerNorm(
        (body): BiasFree_LayerNorm()
      )
      (attn): Attention(
        (qkv): Conv2d(192, 576, kernel_size=(1, 1), stride=(1, 1), bias=False)
        (qkv_dwconv): Conv2d(576, 576, kernel_size=(3, 3), stride=(1, 1), padding=(1, 1), groups=576, bias=False)
        (project_out): Conv2d(192, 192, kernel_size=(1, 1), stride=(1, 1), bias=False)
      )
      (norm2): LayerNorm(
        (body): BiasFree_LayerNorm()
      )
      (ffn): FeedForward(
        (project_in): Conv2d(192, 1020, kernel_size=(1, 1), stride=(1, 1), bias=False)
        (dwconv): Conv2d(1020, 1020, kernel_size=(3, 3), stride=(1, 1), padding=(1, 1), groups=1020, bias=False)
        (project_out): Conv2d(510, 192, kernel_size=(1, 1), stride=(1, 1), bias=False)
      )
    )
    (2): TransformerBlock(
      (norm1): LayerNorm(
        (body): BiasFree_LayerNorm()
      )
      (attn): Attention(
        (qkv): Conv2d(192, 576, kernel_size=(1, 1), stride=(1, 1), bias=False)
        (qkv_dwconv): Conv2d(576, 576, kernel_size=(3, 3), stride=(1, 1), padding=(1, 1), groups=576, bias=False)
        (project_out): Conv2d(192, 192, kernel_size=(1, 1), stride=(1, 1), bias=False)
      )
      (norm2): LayerNorm(
        (body): BiasFree_LayerNorm()
      )
      (ffn): FeedForward(
        (project_in): Conv2d(192, 1020, kernel_size=(1, 1), stride=(1, 1), bias=False)
        (dwconv): Conv2d(1020, 1020, kernel_size=(3, 3), stride=(1, 1), padding=(1, 1), groups=1020, bias=False)
        (project_out): Conv2d(510, 192, kernel_size=(1, 1), stride=(1, 1), bias=False)
      )
    )
    (3): TransformerBlock(
      (norm1): LayerNorm(
        (body): BiasFree_LayerNorm()
      )
      (attn): Attention(
        (qkv): Conv2d(192, 576, kernel_size=(1, 1), stride=(1, 1), bias=False)
        (qkv_dwconv): Conv2d(576, 576, kernel_size=(3, 3), stride=(1, 1), padding=(1, 1), groups=576, bias=False)
        (project_out): Conv2d(192, 192, kernel_size=(1, 1), stride=(1, 1), bias=False)
      )
      (norm2): LayerNorm(
        (body): BiasFree_LayerNorm()
      )
      (ffn): FeedForward(
        (project_in): Conv2d(192, 1020, kernel_size=(1, 1), stride=(1, 1), bias=False)
        (dwconv): Conv2d(1020, 1020, kernel_size=(3, 3), stride=(1, 1), padding=(1, 1), groups=1020, bias=False)
        (project_out): Conv2d(510, 192, kernel_size=(1, 1), stride=(1, 1), bias=False)
      )
    )
    (4): TransformerBlock(
      (norm1): LayerNorm(
        (body): BiasFree_LayerNorm()
      )
      (attn): Attention(
        (qkv): Conv2d(192, 576, kernel_size=(1, 1), stride=(1, 1), bias=False)
        (qkv_dwconv): Conv2d(576, 576, kernel_size=(3, 3), stride=(1, 1), padding=(1, 1), groups=576, bias=False)
        (project_out): Conv2d(192, 192, kernel_size=(1, 1), stride=(1, 1), bias=False)
      )
      (norm2): LayerNorm(
        (body): BiasFree_LayerNorm()
      )
      (ffn): FeedForward(
        (project_in): Conv2d(192, 1020, kernel_size=(1, 1), stride=(1, 1), bias=False)
        (dwconv): Conv2d(1020, 1020, kernel_size=(3, 3), stride=(1, 1), padding=(1, 1), groups=1020, bias=False)
        (project_out): Conv2d(510, 192, kernel_size=(1, 1), stride=(1, 1), bias=False)
      )
    )
    (5): TransformerBlock(
      (norm1): LayerNorm(
        (body): BiasFree_LayerNorm()
      )
      (attn): Attention(
        (qkv): Conv2d(192, 576, kernel_size=(1, 1), stride=(1, 1), bias=False)
        (qkv_dwconv): Conv2d(576, 576, kernel_size=(3, 3), stride=(1, 1), padding=(1, 1), groups=576, bias=False)
        (project_out): Conv2d(192, 192, kernel_size=(1, 1), stride=(1, 1), bias=False)
      )
      (norm2): LayerNorm(
        (body): BiasFree_LayerNorm()
      )
      (ffn): FeedForward(
        (project_in): Conv2d(192, 1020, kernel_size=(1, 1), stride=(1, 1), bias=False)
        (dwconv): Conv2d(1020, 1020, kernel_size=(3, 3), stride=(1, 1), padding=(1, 1), groups=1020, bias=False)
        (project_out): Conv2d(510, 192, kernel_size=(1, 1), stride=(1, 1), bias=False)
      )
    )
  )
  (down3_4): Downsample(
    (body): Sequential(
      (0): Conv2d(192, 96, kernel_size=(3, 3), stride=(1, 1), padding=(1, 1), bias=False)
      (1): PixelUnshuffle(downscale_factor=2)
    )
  )
  (latent): Sequential(
    (0): TransformerBlock(
      (norm1): LayerNorm(
        (body): BiasFree_LayerNorm()
      )
      (attn): Attention(
        (qkv): Conv2d(384, 1152, kernel_size=(1, 1), stride=(1, 1), bias=False)
        (qkv_dwconv): Conv2d(1152, 1152, kernel_size=(3, 3), stride=(1, 1), padding=(1, 1), groups=1152, bias=False)
        (project_out): Conv2d(384, 384, kernel_size=(1, 1), stride=(1, 1), bias=False)
      )
      (norm2): LayerNorm(
        (body): BiasFree_LayerNorm()
      )
      (ffn): FeedForward(
        (project_in): Conv2d(384, 2042, kernel_size=(1, 1), stride=(1, 1), bias=False)
        (dwconv): Conv2d(2042, 2042, kernel_size=(3, 3), stride=(1, 1), padding=(1, 1), groups=2042, bias=False)
        (project_out): Conv2d(1021, 384, kernel_size=(1, 1), stride=(1, 1), bias=False)
      )
    )
    (1): TransformerBlock(
      (norm1): LayerNorm(
        (body): BiasFree_LayerNorm()
      )
      (attn): Attention(
        (qkv): Conv2d(384, 1152, kernel_size=(1, 1), stride=(1, 1), bias=False)
        (qkv_dwconv): Conv2d(1152, 1152, kernel_size=(3, 3), stride=(1, 1), padding=(1, 1), groups=1152, bias=False)
        (project_out): Conv2d(384, 384, kernel_size=(1, 1), stride=(1, 1), bias=False)
      )
      (norm2): LayerNorm(
        (body): BiasFree_LayerNorm()
      )
      (ffn): FeedForward(
        (project_in): Conv2d(384, 2042, kernel_size=(1, 1), stride=(1, 1), bias=False)
        (dwconv): Conv2d(2042, 2042, kernel_size=(3, 3), stride=(1, 1), padding=(1, 1), groups=2042, bias=False)
        (project_out): Conv2d(1021, 384, kernel_size=(1, 1), stride=(1, 1), bias=False)
      )
    )
    (2): TransformerBlock(
      (norm1): LayerNorm(
        (body): BiasFree_LayerNorm()
      )
      (attn): Attention(
        (qkv): Conv2d(384, 1152, kernel_size=(1, 1), stride=(1, 1), bias=False)
        (qkv_dwconv): Conv2d(1152, 1152, kernel_size=(3, 3), stride=(1, 1), padding=(1, 1), groups=1152, bias=False)
        (project_out): Conv2d(384, 384, kernel_size=(1, 1), stride=(1, 1), bias=False)
      )
      (norm2): LayerNorm(
        (body): BiasFree_LayerNorm()
      )
      (ffn): FeedForward(
        (project_in): Conv2d(384, 2042, kernel_size=(1, 1), stride=(1, 1), bias=False)
        (dwconv): Conv2d(2042, 2042, kernel_size=(3, 3), stride=(1, 1), padding=(1, 1), groups=2042, bias=False)
        (project_out): Conv2d(1021, 384, kernel_size=(1, 1), stride=(1, 1), bias=False)
      )
    )
    (3): TransformerBlock(
      (norm1): LayerNorm(
        (body): BiasFree_LayerNorm()
      )
      (attn): Attention(
        (qkv): Conv2d(384, 1152, kernel_size=(1, 1), stride=(1, 1), bias=False)
        (qkv_dwconv): Conv2d(1152, 1152, kernel_size=(3, 3), stride=(1, 1), padding=(1, 1), groups=1152, bias=False)
        (project_out): Conv2d(384, 384, kernel_size=(1, 1), stride=(1, 1), bias=False)
      )
      (norm2): LayerNorm(
        (body): BiasFree_LayerNorm()
      )
      (ffn): FeedForward(
        (project_in): Conv2d(384, 2042, kernel_size=(1, 1), stride=(1, 1), bias=False)
        (dwconv): Conv2d(2042, 2042, kernel_size=(3, 3), stride=(1, 1), padding=(1, 1), groups=2042, bias=False)
        (project_out): Conv2d(1021, 384, kernel_size=(1, 1), stride=(1, 1), bias=False)
      )
    )
    (4): TransformerBlock(
      (norm1): LayerNorm(
        (body): BiasFree_LayerNorm()
      )
      (attn): Attention(
        (qkv): Conv2d(384, 1152, kernel_size=(1, 1), stride=(1, 1), bias=False)
        (qkv_dwconv): Conv2d(1152, 1152, kernel_size=(3, 3), stride=(1, 1), padding=(1, 1), groups=1152, bias=False)
        (project_out): Conv2d(384, 384, kernel_size=(1, 1), stride=(1, 1), bias=False)
      )
      (norm2): LayerNorm(
        (body): BiasFree_LayerNorm()
      )
      (ffn): FeedForward(
        (project_in): Conv2d(384, 2042, kernel_size=(1, 1), stride=(1, 1), bias=False)
        (dwconv): Conv2d(2042, 2042, kernel_size=(3, 3), stride=(1, 1), padding=(1, 1), groups=2042, bias=False)
        (project_out): Conv2d(1021, 384, kernel_size=(1, 1), stride=(1, 1), bias=False)
      )
    )
    (5): TransformerBlock(
      (norm1): LayerNorm(
        (body): BiasFree_LayerNorm()
      )
      (attn): Attention(
        (qkv): Conv2d(384, 1152, kernel_size=(1, 1), stride=(1, 1), bias=False)
        (qkv_dwconv): Conv2d(1152, 1152, kernel_size=(3, 3), stride=(1, 1), padding=(1, 1), groups=1152, bias=False)
        (project_out): Conv2d(384, 384, kernel_size=(1, 1), stride=(1, 1), bias=False)
      )
      (norm2): LayerNorm(
        (body): BiasFree_LayerNorm()
      )
      (ffn): FeedForward(
        (project_in): Conv2d(384, 2042, kernel_size=(1, 1), stride=(1, 1), bias=False)
        (dwconv): Conv2d(2042, 2042, kernel_size=(3, 3), stride=(1, 1), padding=(1, 1), groups=2042, bias=False)
        (project_out): Conv2d(1021, 384, kernel_size=(1, 1), stride=(1, 1), bias=False)
      )
    )
    (6): TransformerBlock(
      (norm1): LayerNorm(
        (body): BiasFree_LayerNorm()
      )
      (attn): Attention(
        (qkv): Conv2d(384, 1152, kernel_size=(1, 1), stride=(1, 1), bias=False)
        (qkv_dwconv): Conv2d(1152, 1152, kernel_size=(3, 3), stride=(1, 1), padding=(1, 1), groups=1152, bias=False)
        (project_out): Conv2d(384, 384, kernel_size=(1, 1), stride=(1, 1), bias=False)
      )
      (norm2): LayerNorm(
        (body): BiasFree_LayerNorm()
      )
      (ffn): FeedForward(
        (project_in): Conv2d(384, 2042, kernel_size=(1, 1), stride=(1, 1), bias=False)
        (dwconv): Conv2d(2042, 2042, kernel_size=(3, 3), stride=(1, 1), padding=(1, 1), groups=2042, bias=False)
        (project_out): Conv2d(1021, 384, kernel_size=(1, 1), stride=(1, 1), bias=False)
      )
    )
    (7): TransformerBlock(
      (norm1): LayerNorm(
        (body): BiasFree_LayerNorm()
      )
      (attn): Attention(
        (qkv): Conv2d(384, 1152, kernel_size=(1, 1), stride=(1, 1), bias=False)
        (qkv_dwconv): Conv2d(1152, 1152, kernel_size=(3, 3), stride=(1, 1), padding=(1, 1), groups=1152, bias=False)
        (project_out): Conv2d(384, 384, kernel_size=(1, 1), stride=(1, 1), bias=False)
      )
      (norm2): LayerNorm(
        (body): BiasFree_LayerNorm()
      )
      (ffn): FeedForward(
        (project_in): Conv2d(384, 2042, kernel_size=(1, 1), stride=(1, 1), bias=False)
        (dwconv): Conv2d(2042, 2042, kernel_size=(3, 3), stride=(1, 1), padding=(1, 1), groups=2042, bias=False)
        (project_out): Conv2d(1021, 384, kernel_size=(1, 1), stride=(1, 1), bias=False)
      )
    )
  )
  (up4_3): Upsample(
    (body): Sequential(
      (0): Conv2d(384, 768, kernel_size=(3, 3), stride=(1, 1), padding=(1, 1), bias=False)
      (1): PixelShuffle(upscale_factor=2)
    )
  )
  (reduce_chan_level3): Conv2d(384, 192, kernel_size=(1, 1), stride=(1, 1), bias=False)
  (decoder_level3): Sequential(
    (0): TransformerBlock(
      (norm1): LayerNorm(
        (body): BiasFree_LayerNorm()
      )
      (attn): Attention(
        (qkv): Conv2d(192, 576, kernel_size=(1, 1), stride=(1, 1), bias=False)
        (qkv_dwconv): Conv2d(576, 576, kernel_size=(3, 3), stride=(1, 1), padding=(1, 1), groups=576, bias=False)
        (project_out): Conv2d(192, 192, kernel_size=(1, 1), stride=(1, 1), bias=False)
      )
      (norm2): LayerNorm(
        (body): BiasFree_LayerNorm()
      )
      (ffn): FeedForward(
        (project_in): Conv2d(192, 1020, kernel_size=(1, 1), stride=(1, 1), bias=False)
        (dwconv): Conv2d(1020, 1020, kernel_size=(3, 3), stride=(1, 1), padding=(1, 1), groups=1020, bias=False)
        (project_out): Conv2d(510, 192, kernel_size=(1, 1), stride=(1, 1), bias=False)
      )
    )
    (1): TransformerBlock(
      (norm1): LayerNorm(
        (body): BiasFree_LayerNorm()
      )
      (attn): Attention(
        (qkv): Conv2d(192, 576, kernel_size=(1, 1), stride=(1, 1), bias=False)
        (qkv_dwconv): Conv2d(576, 576, kernel_size=(3, 3), stride=(1, 1), padding=(1, 1), groups=576, bias=False)
        (project_out): Conv2d(192, 192, kernel_size=(1, 1), stride=(1, 1), bias=False)
      )
      (norm2): LayerNorm(
        (body): BiasFree_LayerNorm()
      )
      (ffn): FeedForward(
        (project_in): Conv2d(192, 1020, kernel_size=(1, 1), stride=(1, 1), bias=False)
        (dwconv): Conv2d(1020, 1020, kernel_size=(3, 3), stride=(1, 1), padding=(1, 1), groups=1020, bias=False)
        (project_out): Conv2d(510, 192, kernel_size=(1, 1), stride=(1, 1), bias=False)
      )
    )
    (2): TransformerBlock(
      (norm1): LayerNorm(
        (body): BiasFree_LayerNorm()
      )
      (attn): Attention(
        (qkv): Conv2d(192, 576, kernel_size=(1, 1), stride=(1, 1), bias=False)
        (qkv_dwconv): Conv2d(576, 576, kernel_size=(3, 3), stride=(1, 1), padding=(1, 1), groups=576, bias=False)
        (project_out): Conv2d(192, 192, kernel_size=(1, 1), stride=(1, 1), bias=False)
      )
      (norm2): LayerNorm(
        (body): BiasFree_LayerNorm()
      )
      (ffn): FeedForward(
        (project_in): Conv2d(192, 1020, kernel_size=(1, 1), stride=(1, 1), bias=False)
        (dwconv): Conv2d(1020, 1020, kernel_size=(3, 3), stride=(1, 1), padding=(1, 1), groups=1020, bias=False)
        (project_out): Conv2d(510, 192, kernel_size=(1, 1), stride=(1, 1), bias=False)
      )
    )
    (3): TransformerBlock(
      (norm1): LayerNorm(
        (body): BiasFree_LayerNorm()
      )
      (attn): Attention(
        (qkv): Conv2d(192, 576, kernel_size=(1, 1), stride=(1, 1), bias=False)
        (qkv_dwconv): Conv2d(576, 576, kernel_size=(3, 3), stride=(1, 1), padding=(1, 1), groups=576, bias=False)
        (project_out): Conv2d(192, 192, kernel_size=(1, 1), stride=(1, 1), bias=False)
      )
      (norm2): LayerNorm(
        (body): BiasFree_LayerNorm()
      )
      (ffn): FeedForward(
        (project_in): Conv2d(192, 1020, kernel_size=(1, 1), stride=(1, 1), bias=False)
        (dwconv): Conv2d(1020, 1020, kernel_size=(3, 3), stride=(1, 1), padding=(1, 1), groups=1020, bias=False)
        (project_out): Conv2d(510, 192, kernel_size=(1, 1), stride=(1, 1), bias=False)
      )
    )
    (4): TransformerBlock(
      (norm1): LayerNorm(
        (body): BiasFree_LayerNorm()
      )
      (attn): Attention(
        (qkv): Conv2d(192, 576, kernel_size=(1, 1), stride=(1, 1), bias=False)
        (qkv_dwconv): Conv2d(576, 576, kernel_size=(3, 3), stride=(1, 1), padding=(1, 1), groups=576, bias=False)
        (project_out): Conv2d(192, 192, kernel_size=(1, 1), stride=(1, 1), bias=False)
      )
      (norm2): LayerNorm(
        (body): BiasFree_LayerNorm()
      )
      (ffn): FeedForward(
        (project_in): Conv2d(192, 1020, kernel_size=(1, 1), stride=(1, 1), bias=False)
        (dwconv): Conv2d(1020, 1020, kernel_size=(3, 3), stride=(1, 1), padding=(1, 1), groups=1020, bias=False)
        (project_out): Conv2d(510, 192, kernel_size=(1, 1), stride=(1, 1), bias=False)
      )
    )
    (5): TransformerBlock(
      (norm1): LayerNorm(
        (body): BiasFree_LayerNorm()
      )
      (attn): Attention(
        (qkv): Conv2d(192, 576, kernel_size=(1, 1), stride=(1, 1), bias=False)
        (qkv_dwconv): Conv2d(576, 576, kernel_size=(3, 3), stride=(1, 1), padding=(1, 1), groups=576, bias=False)
        (project_out): Conv2d(192, 192, kernel_size=(1, 1), stride=(1, 1), bias=False)
      )
      (norm2): LayerNorm(
        (body): BiasFree_LayerNorm()
      )
      (ffn): FeedForward(
        (project_in): Conv2d(192, 1020, kernel_size=(1, 1), stride=(1, 1), bias=False)
        (dwconv): Conv2d(1020, 1020, kernel_size=(3, 3), stride=(1, 1), padding=(1, 1), groups=1020, bias=False)
        (project_out): Conv2d(510, 192, kernel_size=(1, 1), stride=(1, 1), bias=False)
      )
    )
  )
  (up3_2): Upsample(
    (body): Sequential(
      (0): Conv2d(192, 384, kernel_size=(3, 3), stride=(1, 1), padding=(1, 1), bias=False)
      (1): PixelShuffle(upscale_factor=2)
    )
  )
  (reduce_chan_level2): Conv2d(192, 96, kernel_size=(1, 1), stride=(1, 1), bias=False)
  (decoder_level2): Sequential(
    (0): TransformerBlock(
      (norm1): LayerNorm(
        (body): BiasFree_LayerNorm()
      )
      (attn): Attention(
        (qkv): Conv2d(96, 288, kernel_size=(1, 1), stride=(1, 1), bias=False)
        (qkv_dwconv): Conv2d(288, 288, kernel_size=(3, 3), stride=(1, 1), padding=(1, 1), groups=288, bias=False)
        (project_out): Conv2d(96, 96, kernel_size=(1, 1), stride=(1, 1), bias=False)
      )
      (norm2): LayerNorm(
        (body): BiasFree_LayerNorm()
      )
      (ffn): FeedForward(
        (project_in): Conv2d(96, 510, kernel_size=(1, 1), stride=(1, 1), bias=False)
        (dwconv): Conv2d(510, 510, kernel_size=(3, 3), stride=(1, 1), padding=(1, 1), groups=510, bias=False)
        (project_out): Conv2d(255, 96, kernel_size=(1, 1), stride=(1, 1), bias=False)
      )
    )
    (1): TransformerBlock(
      (norm1): LayerNorm(
        (body): BiasFree_LayerNorm()
      )
      (attn): Attention(
        (qkv): Conv2d(96, 288, kernel_size=(1, 1), stride=(1, 1), bias=False)
        (qkv_dwconv): Conv2d(288, 288, kernel_size=(3, 3), stride=(1, 1), padding=(1, 1), groups=288, bias=False)
        (project_out): Conv2d(96, 96, kernel_size=(1, 1), stride=(1, 1), bias=False)
      )
      (norm2): LayerNorm(
        (body): BiasFree_LayerNorm()
      )
      (ffn): FeedForward(
        (project_in): Conv2d(96, 510, kernel_size=(1, 1), stride=(1, 1), bias=False)
        (dwconv): Conv2d(510, 510, kernel_size=(3, 3), stride=(1, 1), padding=(1, 1), groups=510, bias=False)
        (project_out): Conv2d(255, 96, kernel_size=(1, 1), stride=(1, 1), bias=False)
      )
    )
    (2): TransformerBlock(
      (norm1): LayerNorm(
        (body): BiasFree_LayerNorm()
      )
      (attn): Attention(
        (qkv): Conv2d(96, 288, kernel_size=(1, 1), stride=(1, 1), bias=False)
        (qkv_dwconv): Conv2d(288, 288, kernel_size=(3, 3), stride=(1, 1), padding=(1, 1), groups=288, bias=False)
        (project_out): Conv2d(96, 96, kernel_size=(1, 1), stride=(1, 1), bias=False)
      )
      (norm2): LayerNorm(
        (body): BiasFree_LayerNorm()
      )
      (ffn): FeedForward(
        (project_in): Conv2d(96, 510, kernel_size=(1, 1), stride=(1, 1), bias=False)
        (dwconv): Conv2d(510, 510, kernel_size=(3, 3), stride=(1, 1), padding=(1, 1), groups=510, bias=False)
        (project_out): Conv2d(255, 96, kernel_size=(1, 1), stride=(1, 1), bias=False)
      )
    )
    (3): TransformerBlock(
      (norm1): LayerNorm(
        (body): BiasFree_LayerNorm()
      )
      (attn): Attention(
        (qkv): Conv2d(96, 288, kernel_size=(1, 1), stride=(1, 1), bias=False)
        (qkv_dwconv): Conv2d(288, 288, kernel_size=(3, 3), stride=(1, 1), padding=(1, 1), groups=288, bias=False)
        (project_out): Conv2d(96, 96, kernel_size=(1, 1), stride=(1, 1), bias=False)
      )
      (norm2): LayerNorm(
        (body): BiasFree_LayerNorm()
      )
      (ffn): FeedForward(
        (project_in): Conv2d(96, 510, kernel_size=(1, 1), stride=(1, 1), bias=False)
        (dwconv): Conv2d(510, 510, kernel_size=(3, 3), stride=(1, 1), padding=(1, 1), groups=510, bias=False)
        (project_out): Conv2d(255, 96, kernel_size=(1, 1), stride=(1, 1), bias=False)
      )
    )
    (4): TransformerBlock(
      (norm1): LayerNorm(
        (body): BiasFree_LayerNorm()
      )
      (attn): Attention(
        (qkv): Conv2d(96, 288, kernel_size=(1, 1), stride=(1, 1), bias=False)
        (qkv_dwconv): Conv2d(288, 288, kernel_size=(3, 3), stride=(1, 1), padding=(1, 1), groups=288, bias=False)
        (project_out): Conv2d(96, 96, kernel_size=(1, 1), stride=(1, 1), bias=False)
      )
      (norm2): LayerNorm(
        (body): BiasFree_LayerNorm()
      )
      (ffn): FeedForward(
        (project_in): Conv2d(96, 510, kernel_size=(1, 1), stride=(1, 1), bias=False)
        (dwconv): Conv2d(510, 510, kernel_size=(3, 3), stride=(1, 1), padding=(1, 1), groups=510, bias=False)
        (project_out): Conv2d(255, 96, kernel_size=(1, 1), stride=(1, 1), bias=False)
      )
    )
    (5): TransformerBlock(
      (norm1): LayerNorm(
        (body): BiasFree_LayerNorm()
      )
      (attn): Attention(
        (qkv): Conv2d(96, 288, kernel_size=(1, 1), stride=(1, 1), bias=False)
        (qkv_dwconv): Conv2d(288, 288, kernel_size=(3, 3), stride=(1, 1), padding=(1, 1), groups=288, bias=False)
        (project_out): Conv2d(96, 96, kernel_size=(1, 1), stride=(1, 1), bias=False)
      )
      (norm2): LayerNorm(
        (body): BiasFree_LayerNorm()
      )
      (ffn): FeedForward(
        (project_in): Conv2d(96, 510, kernel_size=(1, 1), stride=(1, 1), bias=False)
        (dwconv): Conv2d(510, 510, kernel_size=(3, 3), stride=(1, 1), padding=(1, 1), groups=510, bias=False)
        (project_out): Conv2d(255, 96, kernel_size=(1, 1), stride=(1, 1), bias=False)
      )
    )
  )
  (up2_1): Upsample(
    (body): Sequential(
      (0): Conv2d(96, 192, kernel_size=(3, 3), stride=(1, 1), padding=(1, 1), bias=False)
      (1): PixelShuffle(upscale_factor=2)
    )
  )
  (decoder_level1): Sequential(
    (0): TransformerBlock(
      (norm1): LayerNorm(
        (body): BiasFree_LayerNorm()
      )
      (attn): Attention(
        (qkv): Conv2d(96, 288, kernel_size=(1, 1), stride=(1, 1), bias=False)
        (qkv_dwconv): Conv2d(288, 288, kernel_size=(3, 3), stride=(1, 1), padding=(1, 1), groups=288, bias=False)
        (project_out): Conv2d(96, 96, kernel_size=(1, 1), stride=(1, 1), bias=False)
      )
      (norm2): LayerNorm(
        (body): BiasFree_LayerNorm()
      )
      (ffn): FeedForward(
        (project_in): Conv2d(96, 510, kernel_size=(1, 1), stride=(1, 1), bias=False)
        (dwconv): Conv2d(510, 510, kernel_size=(3, 3), stride=(1, 1), padding=(1, 1), groups=510, bias=False)
        (project_out): Conv2d(255, 96, kernel_size=(1, 1), stride=(1, 1), bias=False)
      )
    )
    (1): TransformerBlock(
      (norm1): LayerNorm(
        (body): BiasFree_LayerNorm()
      )
      (attn): Attention(
        (qkv): Conv2d(96, 288, kernel_size=(1, 1), stride=(1, 1), bias=False)
        (qkv_dwconv): Conv2d(288, 288, kernel_size=(3, 3), stride=(1, 1), padding=(1, 1), groups=288, bias=False)
        (project_out): Conv2d(96, 96, kernel_size=(1, 1), stride=(1, 1), bias=False)
      )
      (norm2): LayerNorm(
        (body): BiasFree_LayerNorm()
      )
      (ffn): FeedForward(
        (project_in): Conv2d(96, 510, kernel_size=(1, 1), stride=(1, 1), bias=False)
        (dwconv): Conv2d(510, 510, kernel_size=(3, 3), stride=(1, 1), padding=(1, 1), groups=510, bias=False)
        (project_out): Conv2d(255, 96, kernel_size=(1, 1), stride=(1, 1), bias=False)
      )
    )
    (2): TransformerBlock(
      (norm1): LayerNorm(
        (body): BiasFree_LayerNorm()
      )
      (attn): Attention(
        (qkv): Conv2d(96, 288, kernel_size=(1, 1), stride=(1, 1), bias=False)
        (qkv_dwconv): Conv2d(288, 288, kernel_size=(3, 3), stride=(1, 1), padding=(1, 1), groups=288, bias=False)
        (project_out): Conv2d(96, 96, kernel_size=(1, 1), stride=(1, 1), bias=False)
      )
      (norm2): LayerNorm(
        (body): BiasFree_LayerNorm()
      )
      (ffn): FeedForward(
        (project_in): Conv2d(96, 510, kernel_size=(1, 1), stride=(1, 1), bias=False)
        (dwconv): Conv2d(510, 510, kernel_size=(3, 3), stride=(1, 1), padding=(1, 1), groups=510, bias=False)
        (project_out): Conv2d(255, 96, kernel_size=(1, 1), stride=(1, 1), bias=False)
      )
    )
    (3): TransformerBlock(
      (norm1): LayerNorm(
        (body): BiasFree_LayerNorm()
      )
      (attn): Attention(
        (qkv): Conv2d(96, 288, kernel_size=(1, 1), stride=(1, 1), bias=False)
        (qkv_dwconv): Conv2d(288, 288, kernel_size=(3, 3), stride=(1, 1), padding=(1, 1), groups=288, bias=False)
        (project_out): Conv2d(96, 96, kernel_size=(1, 1), stride=(1, 1), bias=False)
      )
      (norm2): LayerNorm(
        (body): BiasFree_LayerNorm()
      )
      (ffn): FeedForward(
        (project_in): Conv2d(96, 510, kernel_size=(1, 1), stride=(1, 1), bias=False)
        (dwconv): Conv2d(510, 510, kernel_size=(3, 3), stride=(1, 1), padding=(1, 1), groups=510, bias=False)
        (project_out): Conv2d(255, 96, kernel_size=(1, 1), stride=(1, 1), bias=False)
      )
    )
  )
  (refinement): Sequential(
    (0): TransformerBlock(
      (norm1): LayerNorm(
        (body): BiasFree_LayerNorm()
      )
      (attn): Attention(
        (qkv): Conv2d(96, 288, kernel_size=(1, 1), stride=(1, 1), bias=False)
        (qkv_dwconv): Conv2d(288, 288, kernel_size=(3, 3), stride=(1, 1), padding=(1, 1), groups=288, bias=False)
        (project_out): Conv2d(96, 96, kernel_size=(1, 1), stride=(1, 1), bias=False)
      )
      (norm2): LayerNorm(
        (body): BiasFree_LayerNorm()
      )
      (ffn): FeedForward(
        (project_in): Conv2d(96, 510, kernel_size=(1, 1), stride=(1, 1), bias=False)
        (dwconv): Conv2d(510, 510, kernel_size=(3, 3), stride=(1, 1), padding=(1, 1), groups=510, bias=False)
        (project_out): Conv2d(255, 96, kernel_size=(1, 1), stride=(1, 1), bias=False)
      )
    )
    (1): TransformerBlock(
      (norm1): LayerNorm(
        (body): BiasFree_LayerNorm()
      )
      (attn): Attention(
        (qkv): Conv2d(96, 288, kernel_size=(1, 1), stride=(1, 1), bias=False)
        (qkv_dwconv): Conv2d(288, 288, kernel_size=(3, 3), stride=(1, 1), padding=(1, 1), groups=288, bias=False)
        (project_out): Conv2d(96, 96, kernel_size=(1, 1), stride=(1, 1), bias=False)
      )
      (norm2): LayerNorm(
        (body): BiasFree_LayerNorm()
      )
      (ffn): FeedForward(
        (project_in): Conv2d(96, 510, kernel_size=(1, 1), stride=(1, 1), bias=False)
        (dwconv): Conv2d(510, 510, kernel_size=(3, 3), stride=(1, 1), padding=(1, 1), groups=510, bias=False)
        (project_out): Conv2d(255, 96, kernel_size=(1, 1), stride=(1, 1), bias=False)
      )
    )
    (2): TransformerBlock(
      (norm1): LayerNorm(
        (body): BiasFree_LayerNorm()
      )
      (attn): Attention(
        (qkv): Conv2d(96, 288, kernel_size=(1, 1), stride=(1, 1), bias=False)
        (qkv_dwconv): Conv2d(288, 288, kernel_size=(3, 3), stride=(1, 1), padding=(1, 1), groups=288, bias=False)
        (project_out): Conv2d(96, 96, kernel_size=(1, 1), stride=(1, 1), bias=False)
      )
      (norm2): LayerNorm(
        (body): BiasFree_LayerNorm()
      )
      (ffn): FeedForward(
        (project_in): Conv2d(96, 510, kernel_size=(1, 1), stride=(1, 1), bias=False)
        (dwconv): Conv2d(510, 510, kernel_size=(3, 3), stride=(1, 1), padding=(1, 1), groups=510, bias=False)
        (project_out): Conv2d(255, 96, kernel_size=(1, 1), stride=(1, 1), bias=False)
      )
    )
    (3): TransformerBlock(
      (norm1): LayerNorm(
        (body): BiasFree_LayerNorm()
      )
      (attn): Attention(
        (qkv): Conv2d(96, 288, kernel_size=(1, 1), stride=(1, 1), bias=False)
        (qkv_dwconv): Conv2d(288, 288, kernel_size=(3, 3), stride=(1, 1), padding=(1, 1), groups=288, bias=False)
        (project_out): Conv2d(96, 96, kernel_size=(1, 1), stride=(1, 1), bias=False)
      )
      (norm2): LayerNorm(
        (body): BiasFree_LayerNorm()
      )
      (ffn): FeedForward(
        (project_in): Conv2d(96, 510, kernel_size=(1, 1), stride=(1, 1), bias=False)
        (dwconv): Conv2d(510, 510, kernel_size=(3, 3), stride=(1, 1), padding=(1, 1), groups=510, bias=False)
        (project_out): Conv2d(255, 96, kernel_size=(1, 1), stride=(1, 1), bias=False)
      )
    )
  )
  (ups1): Upsample(
    (body): Sequential(
      (0): Conv2d(96, 192, kernel_size=(3, 3), stride=(1, 1), padding=(1, 1), bias=False)
      (1): PixelShuffle(upscale_factor=2)
    )
  )
  (outputl): Conv2d(96, 8, kernel_size=(3, 3), stride=(1, 1), padding=(1, 1), bias=False)
  (output1): Conv2d(48, 8, kernel_size=(3, 3), stride=(1, 1), padding=(1, 1), bias=False)
  (outputx): Conv2d(8, 3, kernel_size=(3, 3), stride=(1, 1), padding=(1, 1), bias=False)
)
2026-07-23 14:53:44,102 INFO: Loading Restormer model from /home/aims-dtu/Restormer-/experiments/GaussianColorDenoising_RestormerSigma25/models/net_g_12000.pth.
2026-07-23 14:53:51,078 INFO: Model [ImageCleanModel] is created.
2026-07-23 14:53:51,085 INFO: Resuming training from epoch: 0, iter: 12000.
2026-07-23 14:54:03,844 INFO: Start training from epoch: 0, iter: 12000
2026-07-23 14:54:17,565 INFO: 
 Updating Patch_Size to 128 and Batch_Size to 8 

2026-07-23 15:05:36,106 INFO: [Gauss..][epoch:  0, iter:  13,000, lr:(3.000e-04,)] [eta: 2 days, 8:08:58, time (data): 0.678 (0.002)] l_pix_L: 9.9312e-02 l_pix_H: 8.9333e-02 l_pix: 9.5321e-02 
2026-07-23 15:16:48,760 INFO: [Gauss..][epoch:  0, iter:  14,000, lr:(3.000e-04,)] [eta: 2 days, 6:41:48, time (data): 0.673 (0.002)] l_pix_L: 6.9481e-02 l_pix_H: 5.6022e-02 l_pix: 6.4097e-02 
2026-07-23 15:28:02,398 INFO: [Gauss..][epoch:  0, iter:  15,000, lr:(3.000e-04,)] [eta: 2 days, 6:06:49, time (data): 0.674 (0.002)] l_pix_L: 5.3723e-02 l_pix_H: 4.2297e-02 l_pix: 4.9153e-02 
2026-07-23 15:39:14,911 INFO: [Gauss..][epoch:  0, iter:  16,000, lr:(3.000e-04,)] [eta: 2 days, 5:42:22, time (data): 0.654 (0.002)] l_pix_L: 5.8789e-02 l_pix_H: 4.5556e-02 l_pix: 5.3496e-02 
2026-07-23 15:39:14,912 INFO: Saving models and training states.
2026-07-23 15:39:59,548 INFO: Validation ValSet,		 # psnr: 31.1061
2026-07-23 15:51:12,130 INFO: [Gauss..][epoch:  0, iter:  17,000, lr:(3.000e-04,)] [eta: 2 days, 6:05:23, time (data): 0.668 (0.002)] l_pix_L: 4.0952e-02 l_pix_H: 3.0842e-02 l_pix: 3.6908e-02 
2026-07-23 16:02:24,212 INFO: [Gauss..][epoch:  0, iter:  18,000, lr:(3.000e-04,)] [eta: 2 days, 5:41:24, time (data): 0.677 (0.002)] l_pix_L: 4.0841e-02 l_pix_H: 2.8407e-02 l_pix: 3.5868e-02 
2026-07-23 16:13:36,427 INFO: [Gauss..][epoch:  0, iter:  19,000, lr:(3.000e-04,)] [eta: 2 days, 5:21:09, time (data): 0.677 (0.002)] l_pix_L: 4.3132e-02 l_pix_H: 2.5642e-02 l_pix: 3.6136e-02 
2026-07-23 16:24:59,418 INFO: [Gauss..][epoch:  0, iter:  20,000, lr:(3.000e-04,)] [eta: 2 days, 5:09:27, time (data): 0.707 (0.002)] l_pix_L: 3.2144e-02 l_pix_H: 2.7422e-02 l_pix: 3.0255e-02 
2026-07-23 16:24:59,419 INFO: Saving models and training states.
2026-07-23 16:25:39,205 INFO: Validation ValSet,		 # psnr: 31.1535
2026-07-23 16:37:16,950 INFO: [Gauss..][epoch:  0, iter:  21,000, lr:(3.000e-04,)] [eta: 2 days, 5:25:59, time (data): 0.678 (0.002)] l_pix_L: 2.6901e-02 l_pix_H: 2.1441e-02 l_pix: 2.4717e-02 
2026-07-23 16:48:30,708 INFO: [Gauss..][epoch:  0, iter:  22,000, lr:(3.000e-04,)] [eta: 2 days, 5:07:13, time (data): 0.675 (0.002)] l_pix_L: 3.1178e-02 l_pix_H: 2.1740e-02 l_pix: 2.7403e-02 
2026-07-23 16:59:42,992 INFO: [Gauss..][epoch:  0, iter:  23,000, lr:(3.000e-04,)] [eta: 2 days, 4:49:12, time (data): 0.676 (0.002)] l_pix_L: 2.5953e-02 l_pix_H: 1.6415e-02 l_pix: 2.2138e-02 
2026-07-23 17:10:58,853 INFO: [Gauss..][epoch:  0, iter:  24,000, lr:(3.000e-04,)] [eta: 2 days, 4:33:42, time (data): 0.720 (0.002)] l_pix_L: 2.3313e-02 l_pix_H: 1.6565e-02 l_pix: 2.0614e-02 
2026-07-23 17:10:58,853 INFO: Saving models and training states.
2026-07-23 17:11:36,945 INFO: Validation ValSet,		 # psnr: 31.1219
2026-07-23 17:22:53,226 INFO: [Gauss..][epoch:  0, iter:  25,000, lr:(3.000e-04,)] [eta: 2 days, 4:32:25, time (data): 0.683 (0.002)] l_pix_L: 3.6281e-02 l_pix_H: 2.3247e-02 l_pix: 3.1068e-02 
2026-07-23 17:34:10,119 INFO: [Gauss..][epoch:  0, iter:  26,000, lr:(3.000e-04,)] [eta: 2 days, 4:17:24, time (data): 0.680 (0.002)] l_pix_L: 2.5793e-02 l_pix_H: 1.8550e-02 l_pix: 2.2896e-02 
2026-07-23 17:45:28,841 INFO: [Gauss..][epoch:  0, iter:  27,000, lr:(3.000e-04,)] [eta: 2 days, 4:03:25, time (data): 0.680 (0.002)] l_pix_L: 1.6434e-02 l_pix_H: 1.3458e-02 l_pix: 1.5243e-02 
2026-07-23 17:56:47,386 INFO: [Gauss..][epoch:  0, iter:  28,000, lr:(3.000e-04,)] [eta: 2 days, 3:49:44, time (data): 0.683 (0.002)] l_pix_L: 2.0469e-02 l_pix_H: 1.6051e-02 l_pix: 1.8702e-02 
2026-07-23 17:56:47,386 INFO: Saving models and training states.
2026-07-23 17:57:26,166 INFO: Validation ValSet,		 # psnr: 31.1537
2026-07-23 18:08:44,179 INFO: [Gauss..][epoch:  0, iter:  29,000, lr:(3.000e-04,)] [eta: 2 days, 3:46:30, time (data): 0.687 (0.002)] l_pix_L: 2.2256e-02 l_pix_H: 1.9031e-02 l_pix: 2.0966e-02 
2026-07-23 18:20:29,900 INFO: [Gauss..][epoch:  1, iter:  30,000, lr:(3.000e-04,)] [eta: 2 days, 3:39:31, time (data): 0.701 (0.002)] l_pix_L: 2.2993e-02 l_pix_H: 1.8090e-02 l_pix: 2.1032e-02 
2026-07-23 18:31:52,337 INFO: [Gauss..][epoch:  1, iter:  31,000, lr:(3.000e-04,)] [eta: 2 days, 3:26:32, time (data): 0.686 (0.002)] l_pix_L: 1.7513e-02 l_pix_H: 1.4805e-02 l_pix: 1.6430e-02 
2026-07-23 18:43:11,461 INFO: [Gauss..][epoch:  1, iter:  32,000, lr:(3.000e-04,)] [eta: 2 days, 3:12:59, time (data): 0.679 (0.002)] l_pix_L: 1.2831e-02 l_pix_H: 1.1462e-02 l_pix: 1.2283e-02 
2026-07-23 18:43:11,462 INFO: Saving models and training states.
2026-07-23 18:43:48,192 INFO: Validation ValSet,		 # psnr: 31.2951
2026-07-23 18:55:06,183 INFO: [Gauss..][epoch:  1, iter:  33,000, lr:(3.000e-04,)] [eta: 2 days, 3:07:11, time (data): 0.686 (0.002)] l_pix_L: 2.0700e-02 l_pix_H: 1.7574e-02 l_pix: 1.9449e-02 
2026-07-23 19:06:24,945 INFO: [Gauss..][epoch:  1, iter:  34,000, lr:(3.000e-04,)] [eta: 2 days, 2:53:34, time (data): 0.680 (0.002)] l_pix_L: 1.9153e-02 l_pix_H: 1.4962e-02 l_pix: 1.7477e-02 
2026-07-23 19:17:42,473 INFO: [Gauss..][epoch:  1, iter:  35,000, lr:(3.000e-04,)] [eta: 2 days, 2:39:56, time (data): 0.681 (0.002)] l_pix_L: 1.1570e-02 l_pix_H: 1.0466e-02 l_pix: 1.1128e-02 
2026-07-23 19:29:00,997 INFO: [Gauss..][epoch:  1, iter:  36,000, lr:(3.000e-04,)] [eta: 2 days, 2:26:40, time (data): 0.675 (0.002)] l_pix_L: 1.7101e-02 l_pix_H: 1.4712e-02 l_pix: 1.6145e-02 
2026-07-23 19:29:00,997 INFO: Saving models and training states.
2026-07-23 19:29:38,936 INFO: Validation ValSet,		 # psnr: 31.2978
2026-07-23 19:40:57,552 INFO: [Gauss..][epoch:  1, iter:  37,000, lr:(3.000e-04,)] [eta: 2 days, 2:20:14, time (data): 0.681 (0.002)] l_pix_L: 1.5707e-02 l_pix_H: 1.3383e-02 l_pix: 1.4778e-02 
2026-07-23 19:52:15,451 INFO: [Gauss..][epoch:  1, iter:  38,000, lr:(3.000e-04,)] [eta: 2 days, 2:06:53, time (data): 0.676 (0.002)] l_pix_L: 2.0026e-02 l_pix_H: 1.5896e-02 l_pix: 1.8374e-02 
2026-07-23 20:03:33,799 INFO: [Gauss..][epoch:  1, iter:  39,000, lr:(3.000e-04,)] [eta: 2 days, 1:53:45, time (data): 0.677 (0.002)] l_pix_L: 1.7235e-02 l_pix_H: 1.4736e-02 l_pix: 1.6235e-02 
2026-07-23 20:14:51,750 INFO: [Gauss..][epoch:  1, iter:  40,000, lr:(3.000e-04,)] [eta: 2 days, 1:40:41, time (data): 0.671 (0.002)] l_pix_L: 1.9669e-02 l_pix_H: 1.6162e-02 l_pix: 1.8266e-02 
2026-07-23 20:14:51,751 INFO: Saving models and training states.
2026-07-23 20:15:29,267 INFO: Validation ValSet,		 # psnr: 31.2207
2026-07-23 20:26:47,340 INFO: [Gauss..][epoch:  1, iter:  41,000, lr:(3.000e-04,)] [eta: 2 days, 1:33:21, time (data): 0.680 (0.001)] l_pix_L: 1.8681e-02 l_pix_H: 1.5844e-02 l_pix: 1.7547e-02 
2026-07-23 20:38:05,669 INFO: [Gauss..][epoch:  1, iter:  42,000, lr:(3.000e-04,)] [eta: 2 days, 1:20:22, time (data): 0.683 (0.002)] l_pix_L: 1.5593e-02 l_pix_H: 1.2825e-02 l_pix: 1.4486e-02 
2026-07-23 20:49:24,272 INFO: [Gauss..][epoch:  1, iter:  43,000, lr:(3.000e-04,)] [eta: 2 days, 1:07:32, time (data): 0.683 (0.001)] l_pix_L: 1.4613e-02 l_pix_H: 1.2377e-02 l_pix: 1.3719e-02 
2026-07-23 21:00:42,981 INFO: [Gauss..][epoch:  1, iter:  44,000, lr:(3.000e-04,)] [eta: 2 days, 0:54:48, time (data): 0.672 (0.002)] l_pix_L: 1.3931e-02 l_pix_H: 1.2123e-02 l_pix: 1.3208e-02 
2026-07-23 21:00:42,982 INFO: Saving models and training states.
2026-07-23 21:01:21,896 INFO: Validation ValSet,		 # psnr: 31.1734
2026-07-23 21:12:41,217 INFO: [Gauss..][epoch:  1, iter:  45,000, lr:(3.000e-04,)] [eta: 2 days, 0:47:15, time (data): 0.680 (0.002)] l_pix_L: 1.4833e-02 l_pix_H: 1.2599e-02 l_pix: 1.3939e-02 
2026-07-23 21:24:00,116 INFO: [Gauss..][epoch:  1, iter:  46,000, lr:(3.000e-04,)] [eta: 2 days, 0:34:33, time (data): 0.676 (0.002)] l_pix_L: 1.6501e-02 l_pix_H: 1.3964e-02 l_pix: 1.5486e-02 
2026-07-23 21:35:19,507 INFO: [Gauss..][epoch:  1, iter:  47,000, lr:(3.000e-04,)] [eta: 2 days, 0:21:59, time (data): 0.677 (0.002)] l_pix_L: 1.7036e-02 l_pix_H: 1.3975e-02 l_pix: 1.5812e-02 
2026-07-23 21:46:56,351 INFO: [Gauss..][epoch:  2, iter:  48,000, lr:(3.000e-04,)] [eta: 2 days, 0:11:31, time (data): 0.682 (0.002)] l_pix_L: 1.1130e-02 l_pix_H: 9.9656e-03 l_pix: 1.0664e-02 
2026-07-23 21:46:56,352 INFO: Saving models and training states.
2026-07-23 21:47:34,158 INFO: Validation ValSet,		 # psnr: 31.2097
2026-07-23 21:58:53,780 INFO: [Gauss..][epoch:  2, iter:  49,000, lr:(3.000e-04,)] [eta: 2 days, 0:03:19, time (data): 0.677 (0.001)] l_pix_L: 1.2214e-02 l_pix_H: 1.0488e-02 l_pix: 1.1524e-02 
2026-07-23 22:10:12,765 INFO: [Gauss..][epoch:  2, iter:  50,000, lr:(3.000e-04,)] [eta: 1 day, 23:50:42, time (data): 0.682 (0.002)] l_pix_L: 1.9150e-02 l_pix_H: 1.5623e-02 l_pix: 1.7739e-02 
2026-07-23 22:21:31,599 INFO: [Gauss..][epoch:  2, iter:  51,000, lr:(3.000e-04,)] [eta: 1 day, 23:38:08, time (data): 0.680 (0.002)] l_pix_L: 1.0833e-02 l_pix_H: 9.4676e-03 l_pix: 1.0287e-02 
2026-07-23 22:32:50,421 INFO: [Gauss..][epoch:  2, iter:  52,000, lr:(3.000e-04,)] [eta: 1 day, 23:25:38, time (data): 0.651 (0.002)] l_pix_L: 1.6490e-02 l_pix_H: 1.4775e-02 l_pix: 1.5804e-02 
2026-07-23 22:32:50,422 INFO: Saving models and training states.
2026-07-23 22:33:27,296 INFO: Validation ValSet,		 # psnr: 31.2771
2026-07-23 22:44:46,484 INFO: [Gauss..][epoch:  2, iter:  53,000, lr:(3.000e-04,)] [eta: 1 day, 23:16:56, time (data): 0.680 (0.002)] l_pix_L: 1.9829e-02 l_pix_H: 1.5082e-02 l_pix: 1.7930e-02 
2026-07-23 22:56:05,421 INFO: [Gauss..][epoch:  2, iter:  54,000, lr:(3.000e-04,)] [eta: 1 day, 23:04:27, time (data): 0.679 (0.002)] l_pix_L: 1.3006e-02 l_pix_H: 1.1862e-02 l_pix: 1.2548e-02 
2026-07-23 23:07:24,089 INFO: [Gauss..][epoch:  2, iter:  55,000, lr:(3.000e-04,)] [eta: 1 day, 22:52:00, time (data): 0.682 (0.002)] l_pix_L: 1.7908e-02 l_pix_H: 1.4351e-02 l_pix: 1.6485e-02 
2026-07-23 23:18:43,686 INFO: [Gauss..][epoch:  2, iter:  56,000, lr:(3.000e-04,)] [eta: 1 day, 22:39:41, time (data): 0.685 (0.002)] l_pix_L: 1.2583e-02 l_pix_H: 1.0711e-02 l_pix: 1.1834e-02 
2026-07-23 23:18:43,687 INFO: Saving models and training states.
2026-07-23 23:19:22,120 INFO: Validation ValSet,		 # psnr: 31.3460
2026-07-23 23:30:40,988 INFO: [Gauss..][epoch:  2, iter:  57,000, lr:(3.000e-04,)] [eta: 1 day, 22:30:49, time (data): 0.683 (0.002)] l_pix_L: 1.5351e-02 l_pix_H: 1.2722e-02 l_pix: 1.4300e-02 
2026-07-23 23:41:59,462 INFO: [Gauss..][epoch:  2, iter:  58,000, lr:(3.000e-04,)] [eta: 1 day, 22:18:24, time (data): 0.676 (0.002)] l_pix_L: 1.4408e-02 l_pix_H: 1.1941e-02 l_pix: 1.3421e-02 
2026-07-23 23:53:18,413 INFO: [Gauss..][epoch:  2, iter:  59,000, lr:(3.000e-04,)] [eta: 1 day, 22:06:04, time (data): 0.679 (0.002)] l_pix_L: 2.3384e-02 l_pix_H: 1.8428e-02 l_pix: 2.1401e-02 
2026-07-24 00:04:38,025 INFO: [Gauss..][epoch:  2, iter:  60,000, lr:(3.000e-04,)] [eta: 1 day, 21:53:50, time (data): 0.686 (0.002)] l_pix_L: 1.7688e-02 l_pix_H: 1.4773e-02 l_pix: 1.6522e-02 
2026-07-24 00:04:38,025 INFO: Saving models and training states.
2026-07-24 00:05:16,119 INFO: Validation ValSet,		 # psnr: 31.2865
2026-07-24 00:16:35,486 INFO: [Gauss..][epoch:  2, iter:  61,000, lr:(3.000e-04,)] [eta: 1 day, 21:44:43, time (data): 0.678 (0.002)] l_pix_L: 1.9203e-02 l_pix_H: 1.6325e-02 l_pix: 1.8052e-02 
2026-07-24 00:27:54,330 INFO: [Gauss..][epoch:  2, iter:  62,000, lr:(3.000e-04,)] [eta: 1 day, 21:32:25, time (data): 0.675 (0.002)] l_pix_L: 1.9419e-02 l_pix_H: 1.5206e-02 l_pix: 1.7734e-02 
2026-07-24 00:39:13,579 INFO: [Gauss..][epoch:  2, iter:  63,000, lr:(3.000e-04,)] [eta: 1 day, 21:20:12, time (data): 0.675 (0.002)] l_pix_L: 1.9648e-02 l_pix_H: 1.6254e-02 l_pix: 1.8291e-02 
2026-07-24 00:50:32,225 INFO: [Gauss..][epoch:  2, iter:  64,000, lr:(3.000e-04,)] [eta: 1 day, 21:07:58, time (data): 0.686 (0.002)] l_pix_L: 1.9405e-02 l_pix_H: 1.5640e-02 l_pix: 1.7899e-02 
2026-07-24 00:50:32,225 INFO: Saving models and training states.
2026-07-24 00:51:10,856 INFO: Validation ValSet,		 # psnr: 31.3729
2026-07-24 01:02:29,166 INFO: [Gauss..][epoch:  2, iter:  65,000, lr:(3.000e-04,)] [eta: 1 day, 20:58:36, time (data): 0.674 (0.002)] l_pix_L: 2.0552e-02 l_pix_H: 1.6388e-02 l_pix: 1.8887e-02 
2026-07-24 01:14:08,014 INFO: [Gauss..][epoch:  3, iter:  66,000, lr:(3.000e-04,)] [eta: 1 day, 20:47:49, time (data): 0.682 (0.002)] l_pix_L: 1.8631e-02 l_pix_H: 1.5537e-02 l_pix: 1.7393e-02 
2026-07-24 01:25:27,360 INFO: [Gauss..][epoch:  3, iter:  67,000, lr:(3.000e-04,)] [eta: 1 day, 20:35:38, time (data): 0.677 (0.002)] l_pix_L: 1.9113e-02 l_pix_H: 1.6411e-02 l_pix: 1.8032e-02 
2026-07-24 01:36:46,624 INFO: [Gauss..][epoch:  3, iter:  68,000, lr:(3.000e-04,)] [eta: 1 day, 20:23:29, time (data): 0.685 (0.002)] l_pix_L: 9.5422e-03 l_pix_H: 8.5641e-03 l_pix: 9.1510e-03 
2026-07-24 01:36:46,624 INFO: Saving models and training states.
2026-07-24 01:37:23,572 INFO: Validation ValSet,		 # psnr: 31.3228
2026-07-24 01:48:43,612 INFO: [Gauss..][epoch:  3, iter:  69,000, lr:(3.000e-04,)] [eta: 1 day, 20:13:54, time (data): 0.681 (0.002)] l_pix_L: 1.5472e-02 l_pix_H: 1.2925e-02 l_pix: 1.4453e-02 
2026-07-24 02:00:01,952 INFO: [Gauss..][epoch:  3, iter:  70,000, lr:(3.000e-04,)] [eta: 1 day, 20:01:41, time (data): 0.683 (0.002)] l_pix_L: 1.6226e-02 l_pix_H: 1.4058e-02 l_pix: 1.5359e-02 
2026-07-24 02:11:21,537 INFO: [Gauss..][epoch:  3, iter:  71,000, lr:(3.000e-04,)] [eta: 1 day, 19:49:35, time (data): 0.675 (0.001)] l_pix_L: 1.7833e-02 l_pix_H: 1.4777e-02 l_pix: 1.6611e-02 
2026-07-24 02:22:40,863 INFO: [Gauss..][epoch:  3, iter:  72,000, lr:(3.000e-04,)] [eta: 1 day, 19:37:29, time (data): 0.679 (0.002)] l_pix_L: 1.1690e-02 l_pix_H: 9.8398e-03 l_pix: 1.0950e-02 
2026-07-24 02:22:40,864 INFO: Saving models and training states.
2026-07-24 02:23:19,146 INFO: Validation ValSet,		 # psnr: 31.3517
2026-07-24 02:34:38,659 INFO: [Gauss..][epoch:  3, iter:  73,000, lr:(3.000e-04,)] [eta: 1 day, 19:27:48, time (data): 0.682 (0.002)] l_pix_L: 2.1861e-02 l_pix_H: 1.6901e-02 l_pix: 1.9877e-02 
2026-07-24 02:45:57,365 INFO: [Gauss..][epoch:  3, iter:  74,000, lr:(3.000e-04,)] [eta: 1 day, 19:15:40, time (data): 0.677 (0.002)] l_pix_L: 1.7629e-02 l_pix_H: 1.4410e-02 l_pix: 1.6342e-02 
2026-07-24 02:57:16,805 INFO: [Gauss..][epoch:  3, iter:  75,000, lr:(3.000e-04,)] [eta: 1 day, 19:03:37, time (data): 0.681 (0.002)] l_pix_L: 2.3422e-02 l_pix_H: 1.8240e-02 l_pix: 2.1349e-02 
2026-07-24 03:08:34,774 INFO: [Gauss..][epoch:  3, iter:  76,000, lr:(3.000e-04,)] [eta: 1 day, 18:51:29, time (data): 0.678 (0.002)] l_pix_L: 1.1246e-02 l_pix_H: 1.1004e-02 l_pix: 1.1149e-02 
2026-07-24 03:08:34,775 INFO: Saving models and training states.
2026-07-24 03:09:13,011 INFO: Validation ValSet,		 # psnr: 31.3738
2026-07-24 03:20:33,167 INFO: [Gauss..][epoch:  3, iter:  77,000, lr:(3.000e-04,)] [eta: 1 day, 18:41:42, time (data): 0.685 (0.002)] l_pix_L: 1.3389e-02 l_pix_H: 1.1694e-02 l_pix: 1.2711e-02 
2026-07-24 03:31:53,672 INFO: [Gauss..][epoch:  3, iter:  78,000, lr:(3.000e-04,)] [eta: 1 day, 18:29:43, time (data): 0.681 (0.002)] l_pix_L: 1.8763e-02 l_pix_H: 1.5368e-02 l_pix: 1.7405e-02 
2026-07-24 03:43:13,086 INFO: [Gauss..][epoch:  3, iter:  79,000, lr:(3.000e-04,)] [eta: 1 day, 18:17:42, time (data): 0.681 (0.002)] l_pix_L: 1.7353e-02 l_pix_H: 1.4755e-02 l_pix: 1.6314e-02 
2026-07-24 03:54:33,068 INFO: [Gauss..][epoch:  3, iter:  80,000, lr:(3.000e-04,)] [eta: 1 day, 18:05:44, time (data): 0.677 (0.002)] l_pix_L: 2.6965e-02 l_pix_H: 2.0768e-02 l_pix: 2.4486e-02 
2026-07-24 03:54:33,069 INFO: Saving models and training states.
2026-07-24 03:55:09,959 INFO: Validation ValSet,		 # psnr: 31.2868
2026-07-24 04:06:28,928 INFO: [Gauss..][epoch:  3, iter:  81,000, lr:(3.000e-04,)] [eta: 1 day, 17:55:41, time (data): 0.676 (0.002)] l_pix_L: 2.2704e-02 l_pix_H: 1.8130e-02 l_pix: 2.0875e-02 
2026-07-24 04:17:48,102 INFO: [Gauss..][epoch:  3, iter:  82,000, lr:(3.000e-04,)] [eta: 1 day, 17:43:41, time (data): 0.681 (0.002)] l_pix_L: 2.1058e-02 l_pix_H: 1.6833e-02 l_pix: 1.9368e-02 
2026-07-24 04:29:06,678 INFO: [Gauss..][epoch:  3, iter:  83,000, lr:(3.000e-04,)] [eta: 1 day, 17:31:39, time (data): 0.681 (0.001)] l_pix_L: 6.4550e-03 l_pix_H: 5.9788e-03 l_pix: 6.2645e-03 
2026-07-24 04:40:46,057 INFO: [Gauss..][epoch:  4, iter:  84,000, lr:(3.000e-04,)] [eta: 1 day, 17:20:42, time (data): 0.684 (0.002)] l_pix_L: 1.1896e-02 l_pix_H: 1.0563e-02 l_pix: 1.1363e-02 
2026-07-24 04:40:46,067 INFO: Saving models and training states.
2026-07-24 04:41:24,156 INFO: Validation ValSet,		 # psnr: 31.3425
2026-07-24 04:52:44,300 INFO: [Gauss..][epoch:  4, iter:  85,000, lr:(3.000e-04,)] [eta: 1 day, 17:10:38, time (data): 0.681 (0.002)] l_pix_L: 2.1302e-02 l_pix_H: 1.6874e-02 l_pix: 1.9531e-02 
2026-07-24 05:04:03,992 INFO: [Gauss..][epoch:  4, iter:  86,000, lr:(3.000e-04,)] [eta: 1 day, 16:58:41, time (data): 0.682 (0.002)] l_pix_L: 1.2942e-02 l_pix_H: 1.1048e-02 l_pix: 1.2185e-02 
2026-07-24 05:15:23,216 INFO: [Gauss..][epoch:  4, iter:  87,000, lr:(3.000e-04,)] [eta: 1 day, 16:46:43, time (data): 0.686 (0.002)] l_pix_L: 2.1775e-02 l_pix_H: 1.6872e-02 l_pix: 1.9814e-02 
2026-07-24 05:26:42,731 INFO: [Gauss..][epoch:  4, iter:  88,000, lr:(3.000e-04,)] [eta: 1 day, 16:34:46, time (data): 0.679 (0.002)] l_pix_L: 1.3892e-02 l_pix_H: 1.1729e-02 l_pix: 1.3027e-02 
2026-07-24 05:26:42,731 INFO: Saving models and training states.
2026-07-24 05:27:21,345 INFO: Validation ValSet,		 # psnr: 31.4219
2026-07-24 05:38:39,596 INFO: [Gauss..][epoch:  4, iter:  89,000, lr:(3.000e-04,)] [eta: 1 day, 16:24:33, time (data): 0.657 (0.002)] l_pix_L: 1.3225e-02 l_pix_H: 1.1031e-02 l_pix: 1.2348e-02 
2026-07-24 05:49:58,915 INFO: [Gauss..][epoch:  4, iter:  90,000, lr:(3.000e-04,)] [eta: 1 day, 16:12:36, time (data): 0.681 (0.002)] l_pix_L: 1.2016e-02 l_pix_H: 1.0342e-02 l_pix: 1.1347e-02 
2026-07-24 06:01:18,846 INFO: [Gauss..][epoch:  4, iter:  91,000, lr:(3.000e-04,)] [eta: 1 day, 16:00:42, time (data): 0.672 (0.002)] l_pix_L: 1.0334e-02 l_pix_H: 8.5086e-03 l_pix: 9.6040e-03 
2026-07-24 06:12:39,173 INFO: [Gauss..][epoch:  4, iter:  92,000, lr:(3.000e-04,)] [eta: 1 day, 15:48:50, time (data): 0.678 (0.002)] l_pix_L: 1.9974e-02 l_pix_H: 1.5390e-02 l_pix: 1.8140e-02 
2026-07-24 06:12:39,174 INFO: Saving models and training states.
2026-07-24 06:13:16,054 INFO: Validation ValSet,		 # psnr: 31.3992
2026-07-24 06:13:16,056 INFO: 
 Updating Patch_Size to 160 and Batch_Size to 5 

