2026-07-23 12:08:57,670 INFO: 
                ____                _       _____  ____
               / __ ) ____ _ _____ (_)_____/ ___/ / __ \
              / __  |/ __ `// ___// // ___/\__ \ / /_/ /
             / /_/ // /_/ /(__  )/ // /__ ___/ // _, _/
            /_____/ \__,_//____//_/ \___//____//_/ |_|
     ______                   __   __                 __      __
    / ____/____   ____   ____/ /  / /   __  __ _____ / /__   / /
   / / __ / __ \ / __ \ / __  /  / /   / / / // ___// //_/  / /
  / /_/ // /_/ // /_/ // /_/ /  / /___/ /_/ // /__ / /<    /_/
  \____/ \____/ \____/ \____/  /_____/\____/ \___//_/|_|  (_)
    
Version Information: 
	BasicSR: 1.2.0+cd993e7
	PyTorch: 2.5.1+cu121
	TorchVision: 0.20.1+cu121
2026-07-23 12:08:57,671 INFO: 
  name: GaussianColorDenoising_RestormerSigma25
  model_type: ImageCleanModel
  scale: 1
  num_gpu: 1
  manual_seed: 100
  datasets:[
    train:[
      name: TrainSet
      type: Dataset_GaussianDenoising
      sigma_type: constant
      sigma_range: 25
      in_ch: 3
      dataroot_gt: ./Denoising/Datasets/train/DFWB
      dataroot_lq: none
      geometric_augs: True
      filename_tmpl: {}
      io_backend:[
        type: disk
      ]
      use_shuffle: True
      num_worker_per_gpu: 4
      batch_size_per_gpu: 4
      mini_batch_sizes: [8, 5, 4, 2, 1, 1]
      iters: [92000, 64000, 48000, 36000, 36000, 24000]
      gt_size: 384
      gt_sizes: [128, 160, 192, 256, 320, 384]
      dataset_enlarge_ratio: 1
      prefetch_mode: None
      phase: train
      scale: 1
    ]
    val:[
      name: ValSet
      type: Dataset_GaussianDenoising
      sigma_test: 25
      in_ch: 3
      dataroot_gt: ./Denoising/Datasets/test/CBSD68
      dataroot_lq: none
      io_backend:[
        type: disk
      ]
      phase: val
      scale: 1
    ]
  ]
  network_g:[
    type: Restormer
    inp_channels: 3
    out_channels: 3
    dim: 48
    num_blocks: [4, 6, 6, 8]
    num_refinement_blocks: 4
    heads: [1, 2, 4, 8]
    ffn_expansion_factor: 2.66
    bias: False
    LayerNorm_type: BiasFree
    dual_pixel_task: False
    multiscale: True
  ]
  path:[
    pretrain_network_g: None
    strict_load_g: True
    resume_state: None
    root: /home/aims-dtu/Restormer-
    experiments_root: /home/aims-dtu/Restormer-/experiments/GaussianColorDenoising_RestormerSigma25
    models: /home/aims-dtu/Restormer-/experiments/GaussianColorDenoising_RestormerSigma25/models
    training_states: /home/aims-dtu/Restormer-/experiments/GaussianColorDenoising_RestormerSigma25/training_states
    log: /home/aims-dtu/Restormer-/experiments/GaussianColorDenoising_RestormerSigma25
    visualization: /home/aims-dtu/Restormer-/experiments/GaussianColorDenoising_RestormerSigma25/visualization
  ]
  train:[
    total_iter: 300000
    warmup_iter: -1
    use_grad_clip: True
    scheduler:[
      type: CosineAnnealingRestartCyclicLR
      periods: [92000, 208000]
      restart_weights: [1, 1]
      eta_mins: [0.0003, 1e-06]
    ]
    mixing_augs:[
      mixup: True
      mixup_beta: 1.2
      use_identity: True
    ]
    optim_g:[
      type: AdamW
      lr: 0.0003
      weight_decay: 0.0001
      betas: [0.9, 0.999]
    ]
    pixel_opt:[
      type: MultiscaleLoss
      loss_weight: 1
    ]
  ]
  val:[
    window_size: 8
    val_freq: 4000.0
    save_img: False
    rgb2bgr: True
    use_image: False
    max_minibatch: 8
    metrics:[
      psnr:[
        type: calculate_psnr
        crop_border: 0
        test_y_channel: False
      ]
    ]
  ]
  logger:[
    print_freq: 1000
    save_checkpoint_freq: 4000.0
    use_tb_logger: True
    wandb:[
      project: None
      resume_id: None
    ]
  ]
  dist_params:[
    backend: nccl
    port: 29500
  ]
  is_train: True
  dist: True
  rank: 0
  world_size: 1

2026-07-23 12:08:58,225 INFO: Dataset Dataset_GaussianDenoising - TrainSet is created.
2026-07-23 12:08:58,225 INFO: Training statistics:
	Number of train images: 71580
	Dataset enlarge ratio: 1
	Batch size per gpu: 4
	World size (gpu number): 1
	Require iter number per epoch: 17895
	Total epochs: 17; iters: 300000.
2026-07-23 12:08:58,226 INFO: Dataset Dataset_GaussianDenoising - ValSet is created.
2026-07-23 12:08:58,226 INFO: Number of val images/folders in ValSet: 68
2026-07-23 12:08:58,995 INFO: Network: DistributedDataParallel - Restormer, with parameters: 26,285,559
2026-07-23 12:08:58,995 INFO: Restormer(
  (patch_embed): OverlapPatchEmbed(
    (proj): Conv2d(3, 48, kernel_size=(3, 3), stride=(1, 1), padding=(1, 1), bias=False)
  )
  (eca_skip3): ECA(
    (avg_pool): AdaptiveAvgPool2d(output_size=1)
    (conv): Conv1d(1, 1, kernel_size=(5,), stride=(1,), padding=(2,), bias=False)
    (sigmoid): Sigmoid()
  )
  (eca_skip2): ECA(
    (avg_pool): AdaptiveAvgPool2d(output_size=1)
    (conv): Conv1d(1, 1, kernel_size=(3,), stride=(1,), padding=(1,), bias=False)
    (sigmoid): Sigmoid()
  )
  (eca_skip1): ECA(
    (avg_pool): AdaptiveAvgPool2d(output_size=1)
    (conv): Conv1d(1, 1, kernel_size=(3,), stride=(1,), padding=(1,), bias=False)
    (sigmoid): Sigmoid()
  )
  (encoder_level1): Sequential(
    (0): TransformerBlock(
      (norm1): LayerNorm(
        (body): BiasFree_LayerNorm()
      )
      (attn): Attention(
        (qkv): Conv2d(48, 144, kernel_size=(1, 1), stride=(1, 1), bias=False)
        (qkv_dwconv): Conv2d(144, 144, kernel_size=(3, 3), stride=(1, 1), padding=(1, 1), groups=144, bias=False)
        (project_out): Conv2d(48, 48, kernel_size=(1, 1), stride=(1, 1), bias=False)
      )
      (norm2): LayerNorm(
        (body): BiasFree_LayerNorm()
      )
      (ffn): FeedForward(
        (project_in): Conv2d(48, 254, kernel_size=(1, 1), stride=(1, 1), bias=False)
        (dwconv): Conv2d(254, 254, kernel_size=(3, 3), stride=(1, 1), padding=(1, 1), groups=254, bias=False)
        (project_out): Conv2d(127, 48, kernel_size=(1, 1), stride=(1, 1), bias=False)
      )
    )
    (1): TransformerBlock(
      (norm1): LayerNorm(
        (body): BiasFree_LayerNorm()
      )
      (attn): Attention(
        (qkv): Conv2d(48, 144, kernel_size=(1, 1), stride=(1, 1), bias=False)
        (qkv_dwconv): Conv2d(144, 144, kernel_size=(3, 3), stride=(1, 1), padding=(1, 1), groups=144, bias=False)
        (project_out): Conv2d(48, 48, kernel_size=(1, 1), stride=(1, 1), bias=False)
      )
      (norm2): LayerNorm(
        (body): BiasFree_LayerNorm()
      )
      (ffn): FeedForward(
        (project_in): Conv2d(48, 254, kernel_size=(1, 1), stride=(1, 1), bias=False)
        (dwconv): Conv2d(254, 254, kernel_size=(3, 3), stride=(1, 1), padding=(1, 1), groups=254, bias=False)
        (project_out): Conv2d(127, 48, kernel_size=(1, 1), stride=(1, 1), bias=False)
      )
    )
    (2): TransformerBlock(
      (norm1): LayerNorm(
        (body): BiasFree_LayerNorm()
      )
      (attn): Attention(
        (qkv): Conv2d(48, 144, kernel_size=(1, 1), stride=(1, 1), bias=False)
        (qkv_dwconv): Conv2d(144, 144, kernel_size=(3, 3), stride=(1, 1), padding=(1, 1), groups=144, bias=False)
        (project_out): Conv2d(48, 48, kernel_size=(1, 1), stride=(1, 1), bias=False)
      )
      (norm2): LayerNorm(
        (body): BiasFree_LayerNorm()
      )
      (ffn): FeedForward(
        (project_in): Conv2d(48, 254, kernel_size=(1, 1), stride=(1, 1), bias=False)
        (dwconv): Conv2d(254, 254, kernel_size=(3, 3), stride=(1, 1), padding=(1, 1), groups=254, bias=False)
        (project_out): Conv2d(127, 48, kernel_size=(1, 1), stride=(1, 1), bias=False)
      )
    )
    (3): TransformerBlock(
      (norm1): LayerNorm(
        (body): BiasFree_LayerNorm()
      )
      (attn): Attention(
        (qkv): Conv2d(48, 144, kernel_size=(1, 1), stride=(1, 1), bias=False)
        (qkv_dwconv): Conv2d(144, 144, kernel_size=(3, 3), stride=(1, 1), padding=(1, 1), groups=144, bias=False)
        (project_out): Conv2d(48, 48, kernel_size=(1, 1), stride=(1, 1), bias=False)
      )
      (norm2): LayerNorm(
        (body): BiasFree_LayerNorm()
      )
      (ffn): FeedForward(
        (project_in): Conv2d(48, 254, kernel_size=(1, 1), stride=(1, 1), bias=False)
        (dwconv): Conv2d(254, 254, kernel_size=(3, 3), stride=(1, 1), padding=(1, 1), groups=254, bias=False)
        (project_out): Conv2d(127, 48, kernel_size=(1, 1), stride=(1, 1), bias=False)
      )
    )
  )
  (down1_2): Downsample(
    (body): Sequential(
      (0): Conv2d(48, 24, kernel_size=(3, 3), stride=(1, 1), padding=(1, 1), bias=False)
      (1): PixelUnshuffle(downscale_factor=2)
    )
  )
  (encoder_level2): Sequential(
    (0): TransformerBlock(
      (norm1): LayerNorm(
        (body): BiasFree_LayerNorm()
      )
      (attn): Attention(
        (qkv): Conv2d(96, 288, kernel_size=(1, 1), stride=(1, 1), bias=False)
        (qkv_dwconv): Conv2d(288, 288, kernel_size=(3, 3), stride=(1, 1), padding=(1, 1), groups=288, bias=False)
        (project_out): Conv2d(96, 96, kernel_size=(1, 1), stride=(1, 1), bias=False)
      )
      (norm2): LayerNorm(
        (body): BiasFree_LayerNorm()
      )
      (ffn): FeedForward(
        (project_in): Conv2d(96, 510, kernel_size=(1, 1), stride=(1, 1), bias=False)
        (dwconv): Conv2d(510, 510, kernel_size=(3, 3), stride=(1, 1), padding=(1, 1), groups=510, bias=False)
        (project_out): Conv2d(255, 96, kernel_size=(1, 1), stride=(1, 1), bias=False)
      )
    )
    (1): TransformerBlock(
      (norm1): LayerNorm(
        (body): BiasFree_LayerNorm()
      )
      (attn): Attention(
        (qkv): Conv2d(96, 288, kernel_size=(1, 1), stride=(1, 1), bias=False)
        (qkv_dwconv): Conv2d(288, 288, kernel_size=(3, 3), stride=(1, 1), padding=(1, 1), groups=288, bias=False)
        (project_out): Conv2d(96, 96, kernel_size=(1, 1), stride=(1, 1), bias=False)
      )
      (norm2): LayerNorm(
        (body): BiasFree_LayerNorm()
      )
      (ffn): FeedForward(
        (project_in): Conv2d(96, 510, kernel_size=(1, 1), stride=(1, 1), bias=False)
        (dwconv): Conv2d(510, 510, kernel_size=(3, 3), stride=(1, 1), padding=(1, 1), groups=510, bias=False)
        (project_out): Conv2d(255, 96, kernel_size=(1, 1), stride=(1, 1), bias=False)
      )
    )
    (2): TransformerBlock(
      (norm1): LayerNorm(
        (body): BiasFree_LayerNorm()
      )
      (attn): Attention(
        (qkv): Conv2d(96, 288, kernel_size=(1, 1), stride=(1, 1), bias=False)
        (qkv_dwconv): Conv2d(288, 288, kernel_size=(3, 3), stride=(1, 1), padding=(1, 1), groups=288, bias=False)
        (project_out): Conv2d(96, 96, kernel_size=(1, 1), stride=(1, 1), bias=False)
      )
      (norm2): LayerNorm(
        (body): BiasFree_LayerNorm()
      )
      (ffn): FeedForward(
        (project_in): Conv2d(96, 510, kernel_size=(1, 1), stride=(1, 1), bias=False)
        (dwconv): Conv2d(510, 510, kernel_size=(3, 3), stride=(1, 1), padding=(1, 1), groups=510, bias=False)
        (project_out): Conv2d(255, 96, kernel_size=(1, 1), stride=(1, 1), bias=False)
      )
    )
    (3): TransformerBlock(
      (norm1): LayerNorm(
        (body): BiasFree_LayerNorm()
      )
      (attn): Attention(
        (qkv): Conv2d(96, 288, kernel_size=(1, 1), stride=(1, 1), bias=False)
        (qkv_dwconv): Conv2d(288, 288, kernel_size=(3, 3), stride=(1, 1), padding=(1, 1), groups=288, bias=False)
        (project_out): Conv2d(96, 96, kernel_size=(1, 1), stride=(1, 1), bias=False)
      )
      (norm2): LayerNorm(
        (body): BiasFree_LayerNorm()
      )
      (ffn): FeedForward(
        (project_in): Conv2d(96, 510, kernel_size=(1, 1), stride=(1, 1), bias=False)
        (dwconv): Conv2d(510, 510, kernel_size=(3, 3), stride=(1, 1), padding=(1, 1), groups=510, bias=False)
        (project_out): Conv2d(255, 96, kernel_size=(1, 1), stride=(1, 1), bias=False)
      )
    )
    (4): TransformerBlock(
      (norm1): LayerNorm(
        (body): BiasFree_LayerNorm()
      )
      (attn): Attention(
        (qkv): Conv2d(96, 288, kernel_size=(1, 1), stride=(1, 1), bias=False)
        (qkv_dwconv): Conv2d(288, 288, kernel_size=(3, 3), stride=(1, 1), padding=(1, 1), groups=288, bias=False)
        (project_out): Conv2d(96, 96, kernel_size=(1, 1), stride=(1, 1), bias=False)
      )
      (norm2): LayerNorm(
        (body): BiasFree_LayerNorm()
      )
      (ffn): FeedForward(
        (project_in): Conv2d(96, 510, kernel_size=(1, 1), stride=(1, 1), bias=False)
        (dwconv): Conv2d(510, 510, kernel_size=(3, 3), stride=(1, 1), padding=(1, 1), groups=510, bias=False)
        (project_out): Conv2d(255, 96, kernel_size=(1, 1), stride=(1, 1), bias=False)
      )
    )
    (5): TransformerBlock(
      (norm1): LayerNorm(
        (body): BiasFree_LayerNorm()
      )
      (attn): Attention(
        (qkv): Conv2d(96, 288, kernel_size=(1, 1), stride=(1, 1), bias=False)
        (qkv_dwconv): Conv2d(288, 288, kernel_size=(3, 3), stride=(1, 1), padding=(1, 1), groups=288, bias=False)
        (project_out): Conv2d(96, 96, kernel_size=(1, 1), stride=(1, 1), bias=False)
      )
      (norm2): LayerNorm(
        (body): BiasFree_LayerNorm()
      )
      (ffn): FeedForward(
        (project_in): Conv2d(96, 510, kernel_size=(1, 1), stride=(1, 1), bias=False)
        (dwconv): Conv2d(510, 510, kernel_size=(3, 3), stride=(1, 1), padding=(1, 1), groups=510, bias=False)
        (project_out): Conv2d(255, 96, kernel_size=(1, 1), stride=(1, 1), bias=False)
      )
    )
  )
  (down2_3): Downsample(
    (body): Sequential(
      (0): Conv2d(96, 48, kernel_size=(3, 3), stride=(1, 1), padding=(1, 1), bias=False)
      (1): PixelUnshuffle(downscale_factor=2)
    )
  )
  (encoder_level3): Sequential(
    (0): TransformerBlock(
      (norm1): LayerNorm(
        (body): BiasFree_LayerNorm()
      )
      (attn): Attention(
        (qkv): Conv2d(192, 576, kernel_size=(1, 1), stride=(1, 1), bias=False)
        (qkv_dwconv): Conv2d(576, 576, kernel_size=(3, 3), stride=(1, 1), padding=(1, 1), groups=576, bias=False)
        (project_out): Conv2d(192, 192, kernel_size=(1, 1), stride=(1, 1), bias=False)
      )
      (norm2): LayerNorm(
        (body): BiasFree_LayerNorm()
      )
      (ffn): FeedForward(
        (project_in): Conv2d(192, 1020, kernel_size=(1, 1), stride=(1, 1), bias=False)
        (dwconv): Conv2d(1020, 1020, kernel_size=(3, 3), stride=(1, 1), padding=(1, 1), groups=1020, bias=False)
        (project_out): Conv2d(510, 192, kernel_size=(1, 1), stride=(1, 1), bias=False)
      )
    )
    (1): TransformerBlock(
      (norm1): LayerNorm(
        (body): BiasFree_LayerNorm()
      )
      (attn): Attention(
        (qkv): Conv2d(192, 576, kernel_size=(1, 1), stride=(1, 1), bias=False)
        (qkv_dwconv): Conv2d(576, 576, kernel_size=(3, 3), stride=(1, 1), padding=(1, 1), groups=576, bias=False)
        (project_out): Conv2d(192, 192, kernel_size=(1, 1), stride=(1, 1), bias=False)
      )
      (norm2): LayerNorm(
        (body): BiasFree_LayerNorm()
      )
      (ffn): FeedForward(
        (project_in): Conv2d(192, 1020, kernel_size=(1, 1), stride=(1, 1), bias=False)
        (dwconv): Conv2d(1020, 1020, kernel_size=(3, 3), stride=(1, 1), padding=(1, 1), groups=1020, bias=False)
        (project_out): Conv2d(510, 192, kernel_size=(1, 1), stride=(1, 1), bias=False)
      )
    )
    (2): TransformerBlock(
      (norm1): LayerNorm(
        (body): BiasFree_LayerNorm()
      )
      (attn): Attention(
        (qkv): Conv2d(192, 576, kernel_size=(1, 1), stride=(1, 1), bias=False)
        (qkv_dwconv): Conv2d(576, 576, kernel_size=(3, 3), stride=(1, 1), padding=(1, 1), groups=576, bias=False)
        (project_out): Conv2d(192, 192, kernel_size=(1, 1), stride=(1, 1), bias=False)
      )
      (norm2): LayerNorm(
        (body): BiasFree_LayerNorm()
      )
      (ffn): FeedForward(
        (project_in): Conv2d(192, 1020, kernel_size=(1, 1), stride=(1, 1), bias=False)
        (dwconv): Conv2d(1020, 1020, kernel_size=(3, 3), stride=(1, 1), padding=(1, 1), groups=1020, bias=False)
        (project_out): Conv2d(510, 192, kernel_size=(1, 1), stride=(1, 1), bias=False)
      )
    )
    (3): TransformerBlock(
      (norm1): LayerNorm(
        (body): BiasFree_LayerNorm()
      )
      (attn): Attention(
        (qkv): Conv2d(192, 576, kernel_size=(1, 1), stride=(1, 1), bias=False)
        (qkv_dwconv): Conv2d(576, 576, kernel_size=(3, 3), stride=(1, 1), padding=(1, 1), groups=576, bias=False)
        (project_out): Conv2d(192, 192, kernel_size=(1, 1), stride=(1, 1), bias=False)
      )
      (norm2): LayerNorm(
        (body): BiasFree_LayerNorm()
      )
      (ffn): FeedForward(
        (project_in): Conv2d(192, 1020, kernel_size=(1, 1), stride=(1, 1), bias=False)
        (dwconv): Conv2d(1020, 1020, kernel_size=(3, 3), stride=(1, 1), padding=(1, 1), groups=1020, bias=False)
        (project_out): Conv2d(510, 192, kernel_size=(1, 1), stride=(1, 1), bias=False)
      )
    )
    (4): TransformerBlock(
      (norm1): LayerNorm(
        (body): BiasFree_LayerNorm()
      )
      (attn): Attention(
        (qkv): Conv2d(192, 576, kernel_size=(1, 1), stride=(1, 1), bias=False)
        (qkv_dwconv): Conv2d(576, 576, kernel_size=(3, 3), stride=(1, 1), padding=(1, 1), groups=576, bias=False)
        (project_out): Conv2d(192, 192, kernel_size=(1, 1), stride=(1, 1), bias=False)
      )
      (norm2): LayerNorm(
        (body): BiasFree_LayerNorm()
      )
      (ffn): FeedForward(
        (project_in): Conv2d(192, 1020, kernel_size=(1, 1), stride=(1, 1), bias=False)
        (dwconv): Conv2d(1020, 1020, kernel_size=(3, 3), stride=(1, 1), padding=(1, 1), groups=1020, bias=False)
        (project_out): Conv2d(510, 192, kernel_size=(1, 1), stride=(1, 1), bias=False)
      )
    )
    (5): TransformerBlock(
      (norm1): LayerNorm(
        (body): BiasFree_LayerNorm()
      )
      (attn): Attention(
        (qkv): Conv2d(192, 576, kernel_size=(1, 1), stride=(1, 1), bias=False)
        (qkv_dwconv): Conv2d(576, 576, kernel_size=(3, 3), stride=(1, 1), padding=(1, 1), groups=576, bias=False)
        (project_out): Conv2d(192, 192, kernel_size=(1, 1), stride=(1, 1), bias=False)
      )
      (norm2): LayerNorm(
        (body): BiasFree_LayerNorm()
      )
      (ffn): FeedForward(
        (project_in): Conv2d(192, 1020, kernel_size=(1, 1), stride=(1, 1), bias=False)
        (dwconv): Conv2d(1020, 1020, kernel_size=(3, 3), stride=(1, 1), padding=(1, 1), groups=1020, bias=False)
        (project_out): Conv2d(510, 192, kernel_size=(1, 1), stride=(1, 1), bias=False)
      )
    )
  )
  (down3_4): Downsample(
    (body): Sequential(
      (0): Conv2d(192, 96, kernel_size=(3, 3), stride=(1, 1), padding=(1, 1), bias=False)
      (1): PixelUnshuffle(downscale_factor=2)
    )
  )
  (latent): Sequential(
    (0): TransformerBlock(
      (norm1): LayerNorm(
        (body): BiasFree_LayerNorm()
      )
      (attn): Attention(
        (qkv): Conv2d(384, 1152, kernel_size=(1, 1), stride=(1, 1), bias=False)
        (qkv_dwconv): Conv2d(1152, 1152, kernel_size=(3, 3), stride=(1, 1), padding=(1, 1), groups=1152, bias=False)
        (project_out): Conv2d(384, 384, kernel_size=(1, 1), stride=(1, 1), bias=False)
      )
      (norm2): LayerNorm(
        (body): BiasFree_LayerNorm()
      )
      (ffn): FeedForward(
        (project_in): Conv2d(384, 2042, kernel_size=(1, 1), stride=(1, 1), bias=False)
        (dwconv): Conv2d(2042, 2042, kernel_size=(3, 3), stride=(1, 1), padding=(1, 1), groups=2042, bias=False)
        (project_out): Conv2d(1021, 384, kernel_size=(1, 1), stride=(1, 1), bias=False)
      )
    )
    (1): TransformerBlock(
      (norm1): LayerNorm(
        (body): BiasFree_LayerNorm()
      )
      (attn): Attention(
        (qkv): Conv2d(384, 1152, kernel_size=(1, 1), stride=(1, 1), bias=False)
        (qkv_dwconv): Conv2d(1152, 1152, kernel_size=(3, 3), stride=(1, 1), padding=(1, 1), groups=1152, bias=False)
        (project_out): Conv2d(384, 384, kernel_size=(1, 1), stride=(1, 1), bias=False)
      )
      (norm2): LayerNorm(
        (body): BiasFree_LayerNorm()
      )
      (ffn): FeedForward(
        (project_in): Conv2d(384, 2042, kernel_size=(1, 1), stride=(1, 1), bias=False)
        (dwconv): Conv2d(2042, 2042, kernel_size=(3, 3), stride=(1, 1), padding=(1, 1), groups=2042, bias=False)
        (project_out): Conv2d(1021, 384, kernel_size=(1, 1), stride=(1, 1), bias=False)
      )
    )
    (2): TransformerBlock(
      (norm1): LayerNorm(
        (body): BiasFree_LayerNorm()
      )
      (attn): Attention(
        (qkv): Conv2d(384, 1152, kernel_size=(1, 1), stride=(1, 1), bias=False)
        (qkv_dwconv): Conv2d(1152, 1152, kernel_size=(3, 3), stride=(1, 1), padding=(1, 1), groups=1152, bias=False)
        (project_out): Conv2d(384, 384, kernel_size=(1, 1), stride=(1, 1), bias=False)
      )
      (norm2): LayerNorm(
        (body): BiasFree_LayerNorm()
      )
      (ffn): FeedForward(
        (project_in): Conv2d(384, 2042, kernel_size=(1, 1), stride=(1, 1), bias=False)
        (dwconv): Conv2d(2042, 2042, kernel_size=(3, 3), stride=(1, 1), padding=(1, 1), groups=2042, bias=False)
        (project_out): Conv2d(1021, 384, kernel_size=(1, 1), stride=(1, 1), bias=False)
      )
    )
    (3): TransformerBlock(
      (norm1): LayerNorm(
        (body): BiasFree_LayerNorm()
      )
      (attn): Attention(
        (qkv): Conv2d(384, 1152, kernel_size=(1, 1), stride=(1, 1), bias=False)
        (qkv_dwconv): Conv2d(1152, 1152, kernel_size=(3, 3), stride=(1, 1), padding=(1, 1), groups=1152, bias=False)
        (project_out): Conv2d(384, 384, kernel_size=(1, 1), stride=(1, 1), bias=False)
      )
      (norm2): LayerNorm(
        (body): BiasFree_LayerNorm()
      )
      (ffn): FeedForward(
        (project_in): Conv2d(384, 2042, kernel_size=(1, 1), stride=(1, 1), bias=False)
        (dwconv): Conv2d(2042, 2042, kernel_size=(3, 3), stride=(1, 1), padding=(1, 1), groups=2042, bias=False)
        (project_out): Conv2d(1021, 384, kernel_size=(1, 1), stride=(1, 1), bias=False)
      )
    )
    (4): TransformerBlock(
      (norm1): LayerNorm(
        (body): BiasFree_LayerNorm()
      )
      (attn): Attention(
        (qkv): Conv2d(384, 1152, kernel_size=(1, 1), stride=(1, 1), bias=False)
        (qkv_dwconv): Conv2d(1152, 1152, kernel_size=(3, 3), stride=(1, 1), padding=(1, 1), groups=1152, bias=False)
        (project_out): Conv2d(384, 384, kernel_size=(1, 1), stride=(1, 1), bias=False)
      )
      (norm2): LayerNorm(
        (body): BiasFree_LayerNorm()
      )
      (ffn): FeedForward(
        (project_in): Conv2d(384, 2042, kernel_size=(1, 1), stride=(1, 1), bias=False)
        (dwconv): Conv2d(2042, 2042, kernel_size=(3, 3), stride=(1, 1), padding=(1, 1), groups=2042, bias=False)
        (project_out): Conv2d(1021, 384, kernel_size=(1, 1), stride=(1, 1), bias=False)
      )
    )
    (5): TransformerBlock(
      (norm1): LayerNorm(
        (body): BiasFree_LayerNorm()
      )
      (attn): Attention(
        (qkv): Conv2d(384, 1152, kernel_size=(1, 1), stride=(1, 1), bias=False)
        (qkv_dwconv): Conv2d(1152, 1152, kernel_size=(3, 3), stride=(1, 1), padding=(1, 1), groups=1152, bias=False)
        (project_out): Conv2d(384, 384, kernel_size=(1, 1), stride=(1, 1), bias=False)
      )
      (norm2): LayerNorm(
        (body): BiasFree_LayerNorm()
      )
      (ffn): FeedForward(
        (project_in): Conv2d(384, 2042, kernel_size=(1, 1), stride=(1, 1), bias=False)
        (dwconv): Conv2d(2042, 2042, kernel_size=(3, 3), stride=(1, 1), padding=(1, 1), groups=2042, bias=False)
        (project_out): Conv2d(1021, 384, kernel_size=(1, 1), stride=(1, 1), bias=False)
      )
    )
    (6): TransformerBlock(
      (norm1): LayerNorm(
        (body): BiasFree_LayerNorm()
      )
      (attn): Attention(
        (qkv): Conv2d(384, 1152, kernel_size=(1, 1), stride=(1, 1), bias=False)
        (qkv_dwconv): Conv2d(1152, 1152, kernel_size=(3, 3), stride=(1, 1), padding=(1, 1), groups=1152, bias=False)
        (project_out): Conv2d(384, 384, kernel_size=(1, 1), stride=(1, 1), bias=False)
      )
      (norm2): LayerNorm(
        (body): BiasFree_LayerNorm()
      )
      (ffn): FeedForward(
        (project_in): Conv2d(384, 2042, kernel_size=(1, 1), stride=(1, 1), bias=False)
        (dwconv): Conv2d(2042, 2042, kernel_size=(3, 3), stride=(1, 1), padding=(1, 1), groups=2042, bias=False)
        (project_out): Conv2d(1021, 384, kernel_size=(1, 1), stride=(1, 1), bias=False)
      )
    )
    (7): TransformerBlock(
      (norm1): LayerNorm(
        (body): BiasFree_LayerNorm()
      )
      (attn): Attention(
        (qkv): Conv2d(384, 1152, kernel_size=(1, 1), stride=(1, 1), bias=False)
        (qkv_dwconv): Conv2d(1152, 1152, kernel_size=(3, 3), stride=(1, 1), padding=(1, 1), groups=1152, bias=False)
        (project_out): Conv2d(384, 384, kernel_size=(1, 1), stride=(1, 1), bias=False)
      )
      (norm2): LayerNorm(
        (body): BiasFree_LayerNorm()
      )
      (ffn): FeedForward(
        (project_in): Conv2d(384, 2042, kernel_size=(1, 1), stride=(1, 1), bias=False)
        (dwconv): Conv2d(2042, 2042, kernel_size=(3, 3), stride=(1, 1), padding=(1, 1), groups=2042, bias=False)
        (project_out): Conv2d(1021, 384, kernel_size=(1, 1), stride=(1, 1), bias=False)
      )
    )
  )
  (up4_3): Upsample(
    (body): Sequential(
      (0): Conv2d(384, 768, kernel_size=(3, 3), stride=(1, 1), padding=(1, 1), bias=False)
      (1): PixelShuffle(upscale_factor=2)
    )
  )
  (reduce_chan_level3): Conv2d(384, 192, kernel_size=(1, 1), stride=(1, 1), bias=False)
  (decoder_level3): Sequential(
    (0): TransformerBlock(
      (norm1): LayerNorm(
        (body): BiasFree_LayerNorm()
      )
      (attn): Attention(
        (qkv): Conv2d(192, 576, kernel_size=(1, 1), stride=(1, 1), bias=False)
        (qkv_dwconv): Conv2d(576, 576, kernel_size=(3, 3), stride=(1, 1), padding=(1, 1), groups=576, bias=False)
        (project_out): Conv2d(192, 192, kernel_size=(1, 1), stride=(1, 1), bias=False)
      )
      (norm2): LayerNorm(
        (body): BiasFree_LayerNorm()
      )
      (ffn): FeedForward(
        (project_in): Conv2d(192, 1020, kernel_size=(1, 1), stride=(1, 1), bias=False)
        (dwconv): Conv2d(1020, 1020, kernel_size=(3, 3), stride=(1, 1), padding=(1, 1), groups=1020, bias=False)
        (project_out): Conv2d(510, 192, kernel_size=(1, 1), stride=(1, 1), bias=False)
      )
    )
    (1): TransformerBlock(
      (norm1): LayerNorm(
        (body): BiasFree_LayerNorm()
      )
      (attn): Attention(
        (qkv): Conv2d(192, 576, kernel_size=(1, 1), stride=(1, 1), bias=False)
        (qkv_dwconv): Conv2d(576, 576, kernel_size=(3, 3), stride=(1, 1), padding=(1, 1), groups=576, bias=False)
        (project_out): Conv2d(192, 192, kernel_size=(1, 1), stride=(1, 1), bias=False)
      )
      (norm2): LayerNorm(
        (body): BiasFree_LayerNorm()
      )
      (ffn): FeedForward(
        (project_in): Conv2d(192, 1020, kernel_size=(1, 1), stride=(1, 1), bias=False)
        (dwconv): Conv2d(1020, 1020, kernel_size=(3, 3), stride=(1, 1), padding=(1, 1), groups=1020, bias=False)
        (project_out): Conv2d(510, 192, kernel_size=(1, 1), stride=(1, 1), bias=False)
      )
    )
    (2): TransformerBlock(
      (norm1): LayerNorm(
        (body): BiasFree_LayerNorm()
      )
      (attn): Attention(
        (qkv): Conv2d(192, 576, kernel_size=(1, 1), stride=(1, 1), bias=False)
        (qkv_dwconv): Conv2d(576, 576, kernel_size=(3, 3), stride=(1, 1), padding=(1, 1), groups=576, bias=False)
        (project_out): Conv2d(192, 192, kernel_size=(1, 1), stride=(1, 1), bias=False)
      )
      (norm2): LayerNorm(
        (body): BiasFree_LayerNorm()
      )
      (ffn): FeedForward(
        (project_in): Conv2d(192, 1020, kernel_size=(1, 1), stride=(1, 1), bias=False)
        (dwconv): Conv2d(1020, 1020, kernel_size=(3, 3), stride=(1, 1), padding=(1, 1), groups=1020, bias=False)
        (project_out): Conv2d(510, 192, kernel_size=(1, 1), stride=(1, 1), bias=False)
      )
    )
    (3): TransformerBlock(
      (norm1): LayerNorm(
        (body): BiasFree_LayerNorm()
      )
      (attn): Attention(
        (qkv): Conv2d(192, 576, kernel_size=(1, 1), stride=(1, 1), bias=False)
        (qkv_dwconv): Conv2d(576, 576, kernel_size=(3, 3), stride=(1, 1), padding=(1, 1), groups=576, bias=False)
        (project_out): Conv2d(192, 192, kernel_size=(1, 1), stride=(1, 1), bias=False)
      )
      (norm2): LayerNorm(
        (body): BiasFree_LayerNorm()
      )
      (ffn): FeedForward(
        (project_in): Conv2d(192, 1020, kernel_size=(1, 1), stride=(1, 1), bias=False)
        (dwconv): Conv2d(1020, 1020, kernel_size=(3, 3), stride=(1, 1), padding=(1, 1), groups=1020, bias=False)
        (project_out): Conv2d(510, 192, kernel_size=(1, 1), stride=(1, 1), bias=False)
      )
    )
    (4): TransformerBlock(
      (norm1): LayerNorm(
        (body): BiasFree_LayerNorm()
      )
      (attn): Attention(
        (qkv): Conv2d(192, 576, kernel_size=(1, 1), stride=(1, 1), bias=False)
        (qkv_dwconv): Conv2d(576, 576, kernel_size=(3, 3), stride=(1, 1), padding=(1, 1), groups=576, bias=False)
        (project_out): Conv2d(192, 192, kernel_size=(1, 1), stride=(1, 1), bias=False)
      )
      (norm2): LayerNorm(
        (body): BiasFree_LayerNorm()
      )
      (ffn): FeedForward(
        (project_in): Conv2d(192, 1020, kernel_size=(1, 1), stride=(1, 1), bias=False)
        (dwconv): Conv2d(1020, 1020, kernel_size=(3, 3), stride=(1, 1), padding=(1, 1), groups=1020, bias=False)
        (project_out): Conv2d(510, 192, kernel_size=(1, 1), stride=(1, 1), bias=False)
      )
    )
    (5): TransformerBlock(
      (norm1): LayerNorm(
        (body): BiasFree_LayerNorm()
      )
      (attn): Attention(
        (qkv): Conv2d(192, 576, kernel_size=(1, 1), stride=(1, 1), bias=False)
        (qkv_dwconv): Conv2d(576, 576, kernel_size=(3, 3), stride=(1, 1), padding=(1, 1), groups=576, bias=False)
        (project_out): Conv2d(192, 192, kernel_size=(1, 1), stride=(1, 1), bias=False)
      )
      (norm2): LayerNorm(
        (body): BiasFree_LayerNorm()
      )
      (ffn): FeedForward(
        (project_in): Conv2d(192, 1020, kernel_size=(1, 1), stride=(1, 1), bias=False)
        (dwconv): Conv2d(1020, 1020, kernel_size=(3, 3), stride=(1, 1), padding=(1, 1), groups=1020, bias=False)
        (project_out): Conv2d(510, 192, kernel_size=(1, 1), stride=(1, 1), bias=False)
      )
    )
  )
  (up3_2): Upsample(
    (body): Sequential(
      (0): Conv2d(192, 384, kernel_size=(3, 3), stride=(1, 1), padding=(1, 1), bias=False)
      (1): PixelShuffle(upscale_factor=2)
    )
  )
  (reduce_chan_level2): Conv2d(192, 96, kernel_size=(1, 1), stride=(1, 1), bias=False)
  (decoder_level2): Sequential(
    (0): TransformerBlock(
      (norm1): LayerNorm(
        (body): BiasFree_LayerNorm()
      )
      (attn): Attention(
        (qkv): Conv2d(96, 288, kernel_size=(1, 1), stride=(1, 1), bias=False)
        (qkv_dwconv): Conv2d(288, 288, kernel_size=(3, 3), stride=(1, 1), padding=(1, 1), groups=288, bias=False)
        (project_out): Conv2d(96, 96, kernel_size=(1, 1), stride=(1, 1), bias=False)
      )
      (norm2): LayerNorm(
        (body): BiasFree_LayerNorm()
      )
      (ffn): FeedForward(
        (project_in): Conv2d(96, 510, kernel_size=(1, 1), stride=(1, 1), bias=False)
        (dwconv): Conv2d(510, 510, kernel_size=(3, 3), stride=(1, 1), padding=(1, 1), groups=510, bias=False)
        (project_out): Conv2d(255, 96, kernel_size=(1, 1), stride=(1, 1), bias=False)
      )
    )
    (1): TransformerBlock(
      (norm1): LayerNorm(
        (body): BiasFree_LayerNorm()
      )
      (attn): Attention(
        (qkv): Conv2d(96, 288, kernel_size=(1, 1), stride=(1, 1), bias=False)
        (qkv_dwconv): Conv2d(288, 288, kernel_size=(3, 3), stride=(1, 1), padding=(1, 1), groups=288, bias=False)
        (project_out): Conv2d(96, 96, kernel_size=(1, 1), stride=(1, 1), bias=False)
      )
      (norm2): LayerNorm(
        (body): BiasFree_LayerNorm()
      )
      (ffn): FeedForward(
        (project_in): Conv2d(96, 510, kernel_size=(1, 1), stride=(1, 1), bias=False)
        (dwconv): Conv2d(510, 510, kernel_size=(3, 3), stride=(1, 1), padding=(1, 1), groups=510, bias=False)
        (project_out): Conv2d(255, 96, kernel_size=(1, 1), stride=(1, 1), bias=False)
      )
    )
    (2): TransformerBlock(
      (norm1): LayerNorm(
        (body): BiasFree_LayerNorm()
      )
      (attn): Attention(
        (qkv): Conv2d(96, 288, kernel_size=(1, 1), stride=(1, 1), bias=False)
        (qkv_dwconv): Conv2d(288, 288, kernel_size=(3, 3), stride=(1, 1), padding=(1, 1), groups=288, bias=False)
        (project_out): Conv2d(96, 96, kernel_size=(1, 1), stride=(1, 1), bias=False)
      )
      (norm2): LayerNorm(
        (body): BiasFree_LayerNorm()
      )
      (ffn): FeedForward(
        (project_in): Conv2d(96, 510, kernel_size=(1, 1), stride=(1, 1), bias=False)
        (dwconv): Conv2d(510, 510, kernel_size=(3, 3), stride=(1, 1), padding=(1, 1), groups=510, bias=False)
        (project_out): Conv2d(255, 96, kernel_size=(1, 1), stride=(1, 1), bias=False)
      )
    )
    (3): TransformerBlock(
      (norm1): LayerNorm(
        (body): BiasFree_LayerNorm()
      )
      (attn): Attention(
        (qkv): Conv2d(96, 288, kernel_size=(1, 1), stride=(1, 1), bias=False)
        (qkv_dwconv): Conv2d(288, 288, kernel_size=(3, 3), stride=(1, 1), padding=(1, 1), groups=288, bias=False)
        (project_out): Conv2d(96, 96, kernel_size=(1, 1), stride=(1, 1), bias=False)
      )
      (norm2): LayerNorm(
        (body): BiasFree_LayerNorm()
      )
      (ffn): FeedForward(
        (project_in): Conv2d(96, 510, kernel_size=(1, 1), stride=(1, 1), bias=False)
        (dwconv): Conv2d(510, 510, kernel_size=(3, 3), stride=(1, 1), padding=(1, 1), groups=510, bias=False)
        (project_out): Conv2d(255, 96, kernel_size=(1, 1), stride=(1, 1), bias=False)
      )
    )
    (4): TransformerBlock(
      (norm1): LayerNorm(
        (body): BiasFree_LayerNorm()
      )
      (attn): Attention(
        (qkv): Conv2d(96, 288, kernel_size=(1, 1), stride=(1, 1), bias=False)
        (qkv_dwconv): Conv2d(288, 288, kernel_size=(3, 3), stride=(1, 1), padding=(1, 1), groups=288, bias=False)
        (project_out): Conv2d(96, 96, kernel_size=(1, 1), stride=(1, 1), bias=False)
      )
      (norm2): LayerNorm(
        (body): BiasFree_LayerNorm()
      )
      (ffn): FeedForward(
        (project_in): Conv2d(96, 510, kernel_size=(1, 1), stride=(1, 1), bias=False)
        (dwconv): Conv2d(510, 510, kernel_size=(3, 3), stride=(1, 1), padding=(1, 1), groups=510, bias=False)
        (project_out): Conv2d(255, 96, kernel_size=(1, 1), stride=(1, 1), bias=False)
      )
    )
    (5): TransformerBlock(
      (norm1): LayerNorm(
        (body): BiasFree_LayerNorm()
      )
      (attn): Attention(
        (qkv): Conv2d(96, 288, kernel_size=(1, 1), stride=(1, 1), bias=False)
        (qkv_dwconv): Conv2d(288, 288, kernel_size=(3, 3), stride=(1, 1), padding=(1, 1), groups=288, bias=False)
        (project_out): Conv2d(96, 96, kernel_size=(1, 1), stride=(1, 1), bias=False)
      )
      (norm2): LayerNorm(
        (body): BiasFree_LayerNorm()
      )
      (ffn): FeedForward(
        (project_in): Conv2d(96, 510, kernel_size=(1, 1), stride=(1, 1), bias=False)
        (dwconv): Conv2d(510, 510, kernel_size=(3, 3), stride=(1, 1), padding=(1, 1), groups=510, bias=False)
        (project_out): Conv2d(255, 96, kernel_size=(1, 1), stride=(1, 1), bias=False)
      )
    )
  )
  (up2_1): Upsample(
    (body): Sequential(
      (0): Conv2d(96, 192, kernel_size=(3, 3), stride=(1, 1), padding=(1, 1), bias=False)
      (1): PixelShuffle(upscale_factor=2)
    )
  )
  (decoder_level1): Sequential(
    (0): TransformerBlock(
      (norm1): LayerNorm(
        (body): BiasFree_LayerNorm()
      )
      (attn): Attention(
        (qkv): Conv2d(96, 288, kernel_size=(1, 1), stride=(1, 1), bias=False)
        (qkv_dwconv): Conv2d(288, 288, kernel_size=(3, 3), stride=(1, 1), padding=(1, 1), groups=288, bias=False)
        (project_out): Conv2d(96, 96, kernel_size=(1, 1), stride=(1, 1), bias=False)
      )
      (norm2): LayerNorm(
        (body): BiasFree_LayerNorm()
      )
      (ffn): FeedForward(
        (project_in): Conv2d(96, 510, kernel_size=(1, 1), stride=(1, 1), bias=False)
        (dwconv): Conv2d(510, 510, kernel_size=(3, 3), stride=(1, 1), padding=(1, 1), groups=510, bias=False)
        (project_out): Conv2d(255, 96, kernel_size=(1, 1), stride=(1, 1), bias=False)
      )
    )
    (1): TransformerBlock(
      (norm1): LayerNorm(
        (body): BiasFree_LayerNorm()
      )
      (attn): Attention(
        (qkv): Conv2d(96, 288, kernel_size=(1, 1), stride=(1, 1), bias=False)
        (qkv_dwconv): Conv2d(288, 288, kernel_size=(3, 3), stride=(1, 1), padding=(1, 1), groups=288, bias=False)
        (project_out): Conv2d(96, 96, kernel_size=(1, 1), stride=(1, 1), bias=False)
      )
      (norm2): LayerNorm(
        (body): BiasFree_LayerNorm()
      )
      (ffn): FeedForward(
        (project_in): Conv2d(96, 510, kernel_size=(1, 1), stride=(1, 1), bias=False)
        (dwconv): Conv2d(510, 510, kernel_size=(3, 3), stride=(1, 1), padding=(1, 1), groups=510, bias=False)
        (project_out): Conv2d(255, 96, kernel_size=(1, 1), stride=(1, 1), bias=False)
      )
    )
    (2): TransformerBlock(
      (norm1): LayerNorm(
        (body): BiasFree_LayerNorm()
      )
      (attn): Attention(
        (qkv): Conv2d(96, 288, kernel_size=(1, 1), stride=(1, 1), bias=False)
        (qkv_dwconv): Conv2d(288, 288, kernel_size=(3, 3), stride=(1, 1), padding=(1, 1), groups=288, bias=False)
        (project_out): Conv2d(96, 96, kernel_size=(1, 1), stride=(1, 1), bias=False)
      )
      (norm2): LayerNorm(
        (body): BiasFree_LayerNorm()
      )
      (ffn): FeedForward(
        (project_in): Conv2d(96, 510, kernel_size=(1, 1), stride=(1, 1), bias=False)
        (dwconv): Conv2d(510, 510, kernel_size=(3, 3), stride=(1, 1), padding=(1, 1), groups=510, bias=False)
        (project_out): Conv2d(255, 96, kernel_size=(1, 1), stride=(1, 1), bias=False)
      )
    )
    (3): TransformerBlock(
      (norm1): LayerNorm(
        (body): BiasFree_LayerNorm()
      )
      (attn): Attention(
        (qkv): Conv2d(96, 288, kernel_size=(1, 1), stride=(1, 1), bias=False)
        (qkv_dwconv): Conv2d(288, 288, kernel_size=(3, 3), stride=(1, 1), padding=(1, 1), groups=288, bias=False)
        (project_out): Conv2d(96, 96, kernel_size=(1, 1), stride=(1, 1), bias=False)
      )
      (norm2): LayerNorm(
        (body): BiasFree_LayerNorm()
      )
      (ffn): FeedForward(
        (project_in): Conv2d(96, 510, kernel_size=(1, 1), stride=(1, 1), bias=False)
        (dwconv): Conv2d(510, 510, kernel_size=(3, 3), stride=(1, 1), padding=(1, 1), groups=510, bias=False)
        (project_out): Conv2d(255, 96, kernel_size=(1, 1), stride=(1, 1), bias=False)
      )
    )
  )
  (refinement): Sequential(
    (0): TransformerBlock(
      (norm1): LayerNorm(
        (body): BiasFree_LayerNorm()
      )
      (attn): Attention(
        (qkv): Conv2d(96, 288, kernel_size=(1, 1), stride=(1, 1), bias=False)
        (qkv_dwconv): Conv2d(288, 288, kernel_size=(3, 3), stride=(1, 1), padding=(1, 1), groups=288, bias=False)
        (project_out): Conv2d(96, 96, kernel_size=(1, 1), stride=(1, 1), bias=False)
      )
      (norm2): LayerNorm(
        (body): BiasFree_LayerNorm()
      )
      (ffn): FeedForward(
        (project_in): Conv2d(96, 510, kernel_size=(1, 1), stride=(1, 1), bias=False)
        (dwconv): Conv2d(510, 510, kernel_size=(3, 3), stride=(1, 1), padding=(1, 1), groups=510, bias=False)
        (project_out): Conv2d(255, 96, kernel_size=(1, 1), stride=(1, 1), bias=False)
      )
    )
    (1): TransformerBlock(
      (norm1): LayerNorm(
        (body): BiasFree_LayerNorm()
      )
      (attn): Attention(
        (qkv): Conv2d(96, 288, kernel_size=(1, 1), stride=(1, 1), bias=False)
        (qkv_dwconv): Conv2d(288, 288, kernel_size=(3, 3), stride=(1, 1), padding=(1, 1), groups=288, bias=False)
        (project_out): Conv2d(96, 96, kernel_size=(1, 1), stride=(1, 1), bias=False)
      )
      (norm2): LayerNorm(
        (body): BiasFree_LayerNorm()
      )
      (ffn): FeedForward(
        (project_in): Conv2d(96, 510, kernel_size=(1, 1), stride=(1, 1), bias=False)
        (dwconv): Conv2d(510, 510, kernel_size=(3, 3), stride=(1, 1), padding=(1, 1), groups=510, bias=False)
        (project_out): Conv2d(255, 96, kernel_size=(1, 1), stride=(1, 1), bias=False)
      )
    )
    (2): TransformerBlock(
      (norm1): LayerNorm(
        (body): BiasFree_LayerNorm()
      )
      (attn): Attention(
        (qkv): Conv2d(96, 288, kernel_size=(1, 1), stride=(1, 1), bias=False)
        (qkv_dwconv): Conv2d(288, 288, kernel_size=(3, 3), stride=(1, 1), padding=(1, 1), groups=288, bias=False)
        (project_out): Conv2d(96, 96, kernel_size=(1, 1), stride=(1, 1), bias=False)
      )
      (norm2): LayerNorm(
        (body): BiasFree_LayerNorm()
      )
      (ffn): FeedForward(
        (project_in): Conv2d(96, 510, kernel_size=(1, 1), stride=(1, 1), bias=False)
        (dwconv): Conv2d(510, 510, kernel_size=(3, 3), stride=(1, 1), padding=(1, 1), groups=510, bias=False)
        (project_out): Conv2d(255, 96, kernel_size=(1, 1), stride=(1, 1), bias=False)
      )
    )
    (3): TransformerBlock(
      (norm1): LayerNorm(
        (body): BiasFree_LayerNorm()
      )
      (attn): Attention(
        (qkv): Conv2d(96, 288, kernel_size=(1, 1), stride=(1, 1), bias=False)
        (qkv_dwconv): Conv2d(288, 288, kernel_size=(3, 3), stride=(1, 1), padding=(1, 1), groups=288, bias=False)
        (project_out): Conv2d(96, 96, kernel_size=(1, 1), stride=(1, 1), bias=False)
      )
      (norm2): LayerNorm(
        (body): BiasFree_LayerNorm()
      )
      (ffn): FeedForward(
        (project_in): Conv2d(96, 510, kernel_size=(1, 1), stride=(1, 1), bias=False)
        (dwconv): Conv2d(510, 510, kernel_size=(3, 3), stride=(1, 1), padding=(1, 1), groups=510, bias=False)
        (project_out): Conv2d(255, 96, kernel_size=(1, 1), stride=(1, 1), bias=False)
      )
    )
  )
  (ups1): Upsample(
    (body): Sequential(
      (0): Conv2d(96, 192, kernel_size=(3, 3), stride=(1, 1), padding=(1, 1), bias=False)
      (1): PixelShuffle(upscale_factor=2)
    )
  )
  (outputl): Conv2d(96, 8, kernel_size=(3, 3), stride=(1, 1), padding=(1, 1), bias=False)
  (output1): Conv2d(48, 8, kernel_size=(3, 3), stride=(1, 1), padding=(1, 1), bias=False)
  (outputx): Conv2d(8, 3, kernel_size=(3, 3), stride=(1, 1), padding=(1, 1), bias=False)
)
2026-07-23 12:09:03,411 INFO: Model [ImageCleanModel] is created.
2026-07-23 12:09:15,808 INFO: Start training from epoch: 0, iter: 0
2026-07-23 12:09:29,185 INFO: 
 Updating Patch_Size to 128 and Batch_Size to 8 

2026-07-23 12:20:34,224 INFO: [Gauss..][epoch:  0, iter:   1,000, lr:(3.000e-04,)] [eta: 2 days, 9:19:06, time (data): 0.674 (0.002)] l_pix_L: 1.4098e-01 l_pix_H: 1.3224e-01 l_pix: 1.3749e-01 
2026-07-23 12:31:45,172 INFO: [Gauss..][epoch:  0, iter:   2,000, lr:(3.000e-04,)] [eta: 2 days, 8:20:00, time (data): 0.681 (0.002)] l_pix_L: 1.0149e-01 l_pix_H: 8.7580e-02 l_pix: 9.5924e-02 
2026-07-23 12:42:56,974 INFO: [Gauss..][epoch:  0, iter:   3,000, lr:(3.000e-04,)] [eta: 2 days, 7:54:15, time (data): 0.671 (0.002)] l_pix_L: 6.8750e-02 l_pix_H: 5.7574e-02 l_pix: 6.4279e-02 
2026-07-23 12:54:08,622 INFO: [Gauss..][epoch:  0, iter:   4,000, lr:(3.000e-04,)] [eta: 2 days, 7:35:34, time (data): 0.675 (0.002)] l_pix_L: 7.3663e-02 l_pix_H: 6.0550e-02 l_pix: 6.8418e-02 
2026-07-23 12:54:08,623 INFO: Saving models and training states.
2026-07-23 12:54:52,376 INFO: Validation ValSet,		 # psnr: 30.5350
2026-07-23 13:06:03,756 INFO: [Gauss..][epoch:  0, iter:   5,000, lr:(3.000e-04,)] [eta: 2 days, 8:02:39, time (data): 0.653 (0.002)] l_pix_L: 4.9229e-02 l_pix_H: 3.8916e-02 l_pix: 4.5104e-02 
2026-07-23 13:17:14,642 INFO: [Gauss..][epoch:  0, iter:   6,000, lr:(3.000e-04,)] [eta: 2 days, 7:40:36, time (data): 0.674 (0.002)] l_pix_L: 4.4975e-02 l_pix_H: 3.2260e-02 l_pix: 3.9889e-02 
2026-07-23 13:28:23,403 INFO: [Gauss..][epoch:  0, iter:   7,000, lr:(3.000e-04,)] [eta: 2 days, 7:20:10, time (data): 0.679 (0.002)] l_pix_L: 4.5611e-02 l_pix_H: 2.8162e-02 l_pix: 3.8631e-02 
2026-07-23 13:39:31,718 INFO: [Gauss..][epoch:  0, iter:   8,000, lr:(3.000e-04,)] [eta: 2 days, 7:01:47, time (data): 0.670 (0.002)] l_pix_L: 3.5047e-02 l_pix_H: 3.0460e-02 l_pix: 3.3212e-02 
2026-07-23 13:39:31,719 INFO: Saving models and training states.
2026-07-23 13:40:08,494 INFO: Validation ValSet,		 # psnr: 30.7982
2026-07-23 13:51:16,105 INFO: [Gauss..][epoch:  0, iter:   9,000, lr:(3.000e-04,)] [eta: 2 days, 7:04:27, time (data): 0.664 (0.002)] l_pix_L: 2.8431e-02 l_pix_H: 2.2739e-02 l_pix: 2.6154e-02 
2026-07-23 14:02:23,074 INFO: [Gauss..][epoch:  0, iter:  10,000, lr:(3.000e-04,)] [eta: 2 days, 6:46:09, time (data): 0.661 (0.002)] l_pix_L: 3.2779e-02 l_pix_H: 2.2224e-02 l_pix: 2.8557e-02 
2026-07-23 14:13:28,670 INFO: [Gauss..][epoch:  0, iter:  11,000, lr:(3.000e-04,)] [eta: 2 days, 6:28:34, time (data): 0.667 (0.002)] l_pix_L: 2.7770e-02 l_pix_H: 1.7568e-02 l_pix: 2.3689e-02 
2026-07-23 14:24:34,455 INFO: [Gauss..][epoch:  0, iter:  12,000, lr:(3.000e-04,)] [eta: 2 days, 6:12:08, time (data): 0.668 (0.002)] l_pix_L: 2.4986e-02 l_pix_H: 1.7774e-02 l_pix: 2.2101e-02 
2026-07-23 14:24:34,456 INFO: Saving models and training states.
2026-07-23 14:25:11,064 INFO: Validation ValSet,		 # psnr: 31.1845
2026-07-23 14:36:15,449 INFO: [Gauss..][epoch:  0, iter:  13,000, lr:(3.000e-04,)] [eta: 2 days, 6:09:28, time (data): 0.673 (0.002)] l_pix_L: 3.7822e-02 l_pix_H: 2.3561e-02 l_pix: 3.2118e-02 
2026-07-23 14:47:26,266 INFO: [Gauss..][epoch:  0, iter:  14,000, lr:(3.000e-04,)] [eta: 2 days, 5:55:15, time (data): 0.674 (0.002)] l_pix_L: 2.6138e-02 l_pix_H: 1.8301e-02 l_pix: 2.3003e-02 
